03-19 23:01:45.486  1661  1675 W BroadcastQueue: Background execution not allowed: receiving Intent { act=android.intent.action.PACKAGE_REMOVED dat=package:com.google.android.gms flg=0x4000010 (has extras) } to com.google.android.googlequicksearchbox/com.google.android.apps.gsa.googlequicksearchbox.GelStubAppWatcher
03-19 23:01:45.545  1661  1671 I ActivityManager: Start proc 6060:com.google.android.gms/u0a13 for content provider com.google.android.gms/.people.service.galprovider.PeopleGalProvider
03-19 23:01:45.577  1661  1675 W BroadcastQueue: Background execution not allowed: receiving Intent { act=android.intent.action.PACKAGE_ADDED dat=package:com.google.android.gms flg=0x4000010 (has extras) } to com.android.vending/com.google.android.finsky.packagemonitor.impl.PackageMonitorReceiverImpl$RegisteredReceiver
03-19 23:01:45.577  1661  1675 W BroadcastQueue: Background execution not allowed: receiving Intent { act=android.intent.action.PACKAGE_ADDED dat=package:com.google.android.gms flg=0x4000010 (has extras) } to com.google.android.googlequicksearchbox/com.google.android.apps.gsa.googlequicksearchbox.GelStubAppWatcher
03-19 23:01:45.591  1661  2798 I ActivityManager: Start proc 6075:com.google.android.gms.persistent/u0a13 for service com.google.android.gms/.chimera.PersistentDirectBootAwareApiService
03-19 23:01:45.598  1661  1675 W BroadcastQueue: Background execution not allowed: receiving Intent { act=android.intent.action.PACKAGE_REPLACED dat=package:com.google.android.gms flg=0x4000010 (has extras) } to com.google.android.apps.photos/.backgroundsignin.BackgroundSignInBroadcastReceiver
03-19 23:01:45.598  1661  1675 W BroadcastQueue: Background execution not allowed: receiving Intent { act=android.intent.action.PACKAGE_REPLACED dat=package:com.google.android.gms flg=0x4000010 (has extras) } to com.google.android.apps.photos/.experiments.phenotype.full.PhenotypeAppUpgradeBroadcastReceiver
03-19 23:01:45.598  1661  1675 W BroadcastQueue: Background execution not allowed: receiving Intent { act=android.intent.action.PACKAGE_REPLACED dat=package:com.google.android.gms flg=0x4000010 (has extras) } to com.google.android.apps.photos/.notificationchannels.AppUpdateBroadcastReceiver
03-19 23:01:45.598  1661  1675 W BroadcastQueue: Background execution not allowed: receiving Intent { act=android.intent.action.PACKAGE_REPLACED dat=package:com.google.android.gms flg=0x4000010 (has extras) } to com.google.android.gms/.gass.chimera.PackageChangeBroadcastReceiver
03-19 23:01:45.598  1661  1675 W BroadcastQueue: Background execution not allowed: receiving Intent { act=android.intent.action.PACKAGE_REPLACED dat=package:com.google.android.gms flg=0x4000010 (has extras) } to com.google.android.gms/.chimera.GmsIntentOperationService$PersistentTrustedReceiver
03-19 23:01:45.598  1661  1675 W BroadcastQueue: Background execution not allowed: receiving Intent { act=android.intent.action.PACKAGE_REPLACED dat=package:com.google.android.gms flg=0x4000010 (has extras) } to com.google.android.googlequicksearchbox/com.google.android.apps.gsa.googlequicksearchbox.GelStubAppWatcher
03-19 23:01:45.631  1661  3048 I ActivityManager: Start proc 6080:com.google.android.apps.docs/u0a48 for content provider com.google.android.apps.docs/.storagebackend.StorageBackendContentProvider
03-19 23:01:45.701  1661  1661 I Telecom : DefaultDialerCache: Refreshing default dialer for user 0: now com.google.android.dialer: DDC.oR@AJw
03-19 23:01:45.703  1661  1661 D BackupTransportManager: Binding to transport: com.google.android.gms/.backup.component.D2dTransportService
03-19 23:01:45.704  1661  1661 D BackupTransportManager: Binding to transport: com.google.android.gms/.backup.BackupTransportService
03-19 23:01:45.923  1661  1678 E BatteryStatsService: modem info is invalid: ModemActivityInfo{ mTimestamp=0 mSleepTimeMs=0 mIdleTimeMs=0 mTxTimeMs[]=[0, 0, 0, 0, 0] mRxTimeMs=0 mEnergyUsed=0}
03-19 23:01:46.879  1661  1672 D ConnectivityService: ConnectivityService NetworkRequestInfo binderDied(NetworkRequest [ REQUEST id=12, [ Transports: CELLULAR Capabilities: INTERNET&NOT_RESTRICTED&TRUSTED&NOT_VPN] ], android.os.BinderProxy@a198178)
03-19 23:01:46.879  1661  1672 D ConnectivityService: ConnectivityService NetworkRequestInfo binderDied(NetworkRequest [ LISTEN id=11, [ Capabilities: INTERNET&NOT_RESTRICTED&TRUSTED] ], android.os.BinderProxy@d1ee051)
03-19 23:01:46.879  1661  2946 D ConnectivityService: ConnectivityService NetworkRequestInfo binderDied(NetworkRequest [ TRACK_DEFAULT id=10, [ Capabilities: INTERNET&NOT_RESTRICTED&TRUSTED&NOT_VPN] ], android.os.BinderProxy@e2460b6)
03-19 23:01:46.880  1661  1767 D ConnectivityService: releasing NetworkRequest [ REQUEST id=12, [ Transports: CELLULAR Capabilities: INTERNET&NOT_RESTRICTED&TRUSTED&NOT_VPN] ] (CALLBACK_RELEASED)
03-19 23:01:46.880  1661  1767 D ConnectivityService: Lingering NetworkAgentInfo [MOBILE (LTE) - 100] for 15822ms
03-19 23:01:46.880  1661  1767 E ConnectivityService: RemoteException caught trying to send a callback msg for NetworkRequest [ LISTEN id=11, [ Capabilities: INTERNET&NOT_RESTRICTED&TRUSTED] ]
03-19 23:01:46.882  1661  1901 I WindowManager: WIN DEATH: Window{17c884 u0 com.google.android.apps.nexuslauncher/com.google.android.apps.nexuslauncher.NexusLauncherActivity}
03-19 23:01:46.883  1661  2946 I ActivityManager: Process com.google.android.googlequicksearchbox:search (pid 5529) has died: cch  CACC
03-19 23:01:46.883  1661  2946 W ActivityManager: Scheduling restart of crashed service com.google.android.googlequicksearchbox/com.google.android.apps.gsa.nowoverlayservice.DrawerOverlayService in 1000ms
03-19 23:01:46.884  1661  1682 W ActivityManager: setHasOverlayUi called on unknown pid: 5529
03-19 23:01:46.916  1661  1767 E ConnectivityService: RemoteException caught trying to send a callback msg for NetworkRequest [ LISTEN id=11, [ Capabilities: INTERNET&NOT_RESTRICTED&TRUSTED] ]
03-19 23:01:46.916  1661  1767 E ConnectivityService: RemoteException caught trying to send a callback msg for NetworkRequest [ REQUEST id=12, [ Transports: CELLULAR Capabilities: INTERNET&NOT_RESTRICTED&TRUSTED&NOT_VPN] ]
03-19 23:01:46.917  1661  1767 E ConnectivityService: RemoteException caught trying to send a callback msg for NetworkRequest [ LISTEN id=11, [ Capabilities: INTERNET&NOT_RESTRICTED&TRUSTED] ]
03-19 23:01:46.917  1661  1767 D ConnectivityService: releasing NetworkRequest [ TRACK_DEFAULT id=10, [ Capabilities: INTERNET&NOT_RESTRICTED&TRUSTED&NOT_VPN] ] (CALLBACK_RELEASED)
03-19 23:01:46.924  1661  1767 E ConnectivityService: RemoteException caught trying to send a callback msg for NetworkRequest [ TRACK_DEFAULT id=10, [ Capabilities: INTERNET&NOT_RESTRICTED&TRUSTED&NOT_VPN] ]
03-19 23:01:47.094  1661  1661 D BackupTransportManager: Bound to transport: com.google.android.gms/.backup.component.D2dTransportService
03-19 23:01:47.154  1661  1661 D BackupTransportManager: Bound to transport: com.google.android.gms/.backup.BackupTransportService
03-19 23:01:48.433  1661  6072 W BroadcastQueue: Background execution not allowed: receiving Intent { act=com.google.android.chimera.MODULE_CONFIGURATION_CHANGED flg=0x10 (has extras) } to com.google.android.gms/.chimera.GmsIntentOperationService$PersistentInternalReceiver
03-19 23:01:48.674  6060  6244 W PackageParser: Unknown element under <manifest>: queries at /data/user_de/0/com.google.android.gms/app_chimera/m/s/AdsDynamite.apk Binary XML file line #11
03-19 23:01:49.305  1661  2946 W ActivityManager: Unable to start service Intent { act=com.google.android.gms.nearby.discovery:ACTION_INIT_MESSAGES_PATH cmp=com.google.android.gms/.nearby.discovery.service.DiscoveryService } U=0: not found
03-19 23:01:49.555  1661  1661 I ActivityManager: Start proc 6289:com.google.android.googlequicksearchbox:search/u0a30 for service com.google.android.googlequicksearchbox/com.google.android.apps.gsa.tasks.BackgroundTasksJobService
03-19 23:01:49.932  6060  6244 W PackageParser: Unknown element under <manifest>: queries at /data/user_de/0/com.google.android.gms/app_chimera/m/00000006/AdsDynamite.apk Binary XML file line #11
03-19 23:01:50.676  1661  1672 I ActivityManager: Start proc 6345:com.google.android.gms.unstable/u0a13 for service com.google.android.gms/.droidguard.DroidGuardService
03-19 23:01:50.999  1661  1675 W BroadcastQueue: Background execution not allowed: receiving Intent { act=android.intent.action.DROPBOX_ENTRY_ADDED flg=0x10 (has extras) } to com.google.android.gms/.stats.service.DropBoxEntryAddedReceiver
03-19 23:01:51.000  1661  1675 W BroadcastQueue: Background execution not allowed: receiving Intent { act=android.intent.action.DROPBOX_ENTRY_ADDED flg=0x10 (has extras) } to com.google.android.gms/.chimera.GmsIntentOperationService$PersistentTrustedReceiver
03-19 23:01:52.257  1661  6074 D ConnectivityService: requestNetwork for uid/pid:10030/6289 NetworkRequest [ TRACK_DEFAULT id=15, [ Capabilities: INTERNET&NOT_RESTRICTED&TRUSTED&NOT_VPN] ]
03-19 23:01:52.632  1661  1675 W BroadcastQueue: Background execution not allowed: receiving Intent { act=com.google.android.chimera.MODULE_CONFIGURATION_CHANGED flg=0x10 (has extras) } to com.google.android.gms/.chimera.GmsIntentOperationService$PersistentInternalReceiver
03-19 23:01:52.861  1661  1661 I Telecom : DefaultDialerCache: Refreshing default dialer for user 0: now com.google.android.dialer: DDC.oR@AJ0
03-19 23:01:53.022  6060  6244 W PackageParser: Unknown element under <manifest>: queries at /data/user_de/0/com.google.android.gms/app_chimera/m/00000006/AdsDynamite.apk Binary XML file line #11
03-19 23:01:53.170  6060  6244 W PackageParser: Unknown element under <manifest>: queries at /data/user_de/0/com.google.android.gms/app_chimera/m/00000006/AdsDynamite.apk Binary XML file line #11
03-19 23:01:53.911  1661  1901 D ConnectivityService: requestNetwork for uid/pid:10030/6289 NetworkRequest [ REQUEST id=17, [ Transports: CELLULAR Capabilities: INTERNET&NOT_RESTRICTED&TRUSTED&NOT_VPN] ]
03-19 23:01:53.913  1661  6072 D ConnectivityService: reportNetworkConnectivity(101, false) by 10030
03-19 23:01:53.914  1661  1767 D ConnectivityService: Unlingering NetworkAgentInfo [MOBILE (LTE) - 100]
03-19 23:01:55.043  1661  2305 I ActivityManager: Start proc 6566:com.google.android.youtube/u0a78 for service com.google.android.youtube/com.google.android.libraries.youtube.common.gcore.gcoreclient.gcm.impl.GcmTaskServiceDelegator
03-19 23:01:55.509  1661  2305 W ActivityManager: Permission Denial: Accessing service ComponentInfo{com.google.android.music/com.google.android.music.dial.DialMediaRouteProviderService} from pid=6566, uid=10078 that is not exported from uid 10059
03-19 23:01:56.605  1661  2798 I ActivityManager: Start proc 6655:com.google.android.videos/u0a72 for service com.google.android.videos/.service.drm.RefreshLicenseTaskService
03-19 23:01:56.943  1661  1672 W ActivityManager: Background start not allowed: service Intent { cmp=com.google.android.videos/.service.pinning.TransferService (has extras) } to com.google.android.videos/.service.pinning.TransferService from pid=6655 uid=10072 pkg=com.google.android.videos
03-19 23:01:56.992  1661  1901 D CryptdConnector: SND -> {10 cryptfs getpwtype}
03-19 23:01:56.993  1661  2798 W ActivityManager: Permission Denial: Accessing service ComponentInfo{com.google.android.music/com.google.android.music.dial.DialMediaRouteProviderService} from pid=6566, uid=10078 that is not exported from uid 10059
03-19 23:01:56.994  1351  1356 D VoldCryptCmdListener: cryptfs getpwtype
03-19 23:01:56.998  1661  1732 D CryptdConnector: RCV <- {213 10 default}
03-19 23:01:57.090  1661  1661 I Telecom : DefaultDialerCache: Refreshing default dialer for user 0: now com.google.android.dialer: DDC.oR@AJ4
03-19 23:01:57.165  1661  1671 I ActivityManager: Start proc 6712:com.android.vending:quick_launch/u0a23 for service com.android.vending/com.google.android.finsky.ipcservers.quicklaunch.QuickLaunchGrpcServerAndroidService
03-19 23:01:59.003  1661  6074 I ActivityManager: Start proc 6768:com.android.vending:instant_app_installer/u0a23 for service com.android.vending/com.google.android.finsky.instantapps.statussync.EnabledStatusSyncService
03-19 23:01:59.139  1661  2272 D ConnectivityService: requestNetwork for uid/pid:10078/6566 NetworkRequest [ TRACK_DEFAULT id=21, [ Capabilities: INTERNET&NOT_RESTRICTED&TRUSTED&NOT_VPN] ]
03-19 23:01:59.516  1661  1675 I ActivityManager: Start proc 6807:com.google.android.apps.photos/u0a65 for broadcast com.google.android.apps.photos/com.google.android.apps.moviemaker.app.ApplicationEnabler$Receiver
03-19 23:01:59.606  4729  4729 E ActivityThread: Failed to find provider info for com.google.android.wearable.settings
03-19 23:02:00.099  4729  4729 I chatty  : uid=10023(u0_a23) com.android.vending identical 6 lines
03-19 23:02:00.116  4729  4729 E ActivityThread: Failed to find provider info for com.google.android.wearable.settings
03-19 23:02:00.196  6060  6229 W PackageParser: Unknown element under <manifest>: queries at /data/user_de/0/com.google.android.gms/app_chimera/m/00000006/AdsDynamite.apk Binary XML file line #11
03-19 23:02:00.214  4729  4729 E ActivityThread: Failed to find provider info for com.google.android.wearable.settings
03-19 23:02:00.233  4729  4729 E ActivityThread: Failed to find provider info for com.google.android.wearable.settings
03-19 23:02:00.255  1661  3048 D CryptdConnector: SND -> {11 cryptfs getpwtype}
03-19 23:02:00.256  1351  1356 D VoldCryptCmdListener: cryptfs getpwtype
03-19 23:02:00.259  1661  1732 D CryptdConnector: RCV <- {213 11 default}
03-19 23:02:00.371  1661  2597 I ActivityManager: Start proc 6846:com.google.android.partnersetup/u0a16 for broadcast com.google.android.partnersetup/.RlzPingBroadcastReceiver
03-19 23:02:00.649  1661  3048 W ActivityManager: Slow operation: 57ms so far, now at attachApplicationLocked: immediately before bindApplication
03-19 23:02:00.649  1661  3048 W ActivityManager: Slow operation: 58ms so far, now at attachApplicationLocked: immediately after bindApplication
03-19 23:02:00.649  1661  3048 W ActivityManager: Slow operation: 58ms so far, now at attachApplicationLocked: after updateLruProcessLocked
03-19 23:02:00.651  1661  3048 W ActivityManager: Slow operation: 60ms so far, now at attachApplicationLocked: after mServices.attachApplicationLocked
03-19 23:02:00.652  1661  3048 W ActivityManager: Slow operation: 60ms so far, now at attachApplicationLocked: after sendPendingBroadcastsLocked
03-19 23:02:00.652  4729  4729 E ActivityThread: Failed to find provider info for com.google.android.wearable.settings
03-19 23:02:00.656  6060  6250 W PackageParser: Unknown element under <manifest>: queries at /data/user_de/0/com.google.android.gms/app_chimera/m/00000006/AdsDynamite.apk Binary XML file line #11
03-19 23:02:00.687  4729  4729 E ActivityThread: Failed to find provider info for com.google.android.wearable.settings
03-19 23:02:02.624  4729  4729 I chatty  : uid=10023(u0_a23) com.android.vending identical 71 lines
03-19 23:02:02.627  4729  4729 E ActivityThread: Failed to find provider info for com.google.android.wearable.settings
03-19 23:02:02.676  1661  1767 D ConnectivityService: handleLingerComplete for NetworkAgentInfo [MOBILE (LTE) - 100]
03-19 23:02:02.676  4729  4729 E ActivityThread: Failed to find provider info for com.google.android.wearable.settings
03-19 23:02:02.863  4729  4729 I chatty  : uid=10023(u0_a23) com.android.vending identical 10 lines
03-19 23:02:02.866  4729  4729 E ActivityThread: Failed to find provider info for com.google.android.wearable.settings
03-19 23:02:05.264  6060  6224 W PackageParser: Unknown element under <manifest>: queries at /data/user_de/0/com.google.android.gms/app_chimera/m/00000006/AdsDynamite.apk Binary XML file line #11
03-19 23:02:05.630  6060  6244 W PackageParser: Unknown element under <manifest>: queries at /data/user_de/0/com.google.android.gms/app_chimera/m/00000006/AdsDynamite.apk Binary XML file line #11
03-19 23:02:06.917  1661  1767 D ConnectivityService: NetworkAgentInfo [WIFI () - 101] validation failed
03-19 23:02:06.927  1661  1767 D ConnectivityService: Switching to new default network: NetworkAgentInfo{ ni{[type: MOBILE[LTE], state: CONNECTED/CONNECTED, reason: connected, extra: epc.tmobile.com, failover: false, available: true, roaming: false, metered: true]}  network{100}  nethandle{429513165534}  lp{{InterfaceName: radio0 LinkAddresses: [192.168.200.2/24,]  Routes: [0.0.0.0/0 -> 192.168.200.1 radio0,] DnsAddresses: [10.0.2.3,] Domains: null MTU: 1500 TcpBufferSizes: 524288,1048576,2097152,262144,524288,1048576}}  nc{[ Transports: CELLULAR Capabilities: MMS&SUPL&FOTA&IMS&CBS&IA&INTERNET&NOT_RESTRICTED&TRUSTED&NOT_VPN&VALIDATED&FOREGROUND LinkUpBandwidth>=51200Kbps LinkDnBandwidth>=102400Kbps Specifier: <1>]}  Score{50}  everValidated{true}  lastValidated{true}  created{true} lingering{false} explicitlySelected{false} acceptUnvalidated{false} everCaptivePortalDetected{false} lastCaptivePortalDetected{false} }
03-19 23:02:06.944  1661  1767 D ConnectivityService: Sending DISCONNECTED broadcast for type 1 NetworkAgentInfo [WIFI () - 101] isDefaultNetwork=true
03-19 23:02:06.950  1661  1767 D ConnectivityService: Sending CONNECTED broadcast for type 0 NetworkAgentInfo [MOBILE (LTE) - 100] isDefaultNetwork=true
03-19 23:02:06.961  1661  1767 D ConnectivityService: handleNetworkUnvalidated NetworkAgentInfo [WIFI () - 101] cap=[ Transports: WIFI Capabilities: NOT_METERED&INTERNET&NOT_RESTRICTED&TRUSTED&NOT_VPN&FOREGROUND LinkUpBandwidth>=1048576Kbps LinkDnBandwidth>=1048576Kbps SignalStrength: -50]
03-19 23:02:07.166  1661  3048 I ActivityManager: Killing 4904:com.google.android.apps.wallpaper/u0a73 (adj 906): empty #17
03-19 23:02:08.059  1661  1767 D ConnectivityService: NetworkAgentInfo [WIFI () - 101] validation passed
03-19 23:02:08.059  1661  1767 D ConnectivityService: Switching to new default network: NetworkAgentInfo{ ni{[type: WIFI[], state: CONNECTED/CONNECTED, reason: (unspecified), extra: "AndroidWifi", failover: false, available: true, roaming: false, metered: false]}  network{101}  nethandle{433808132830}  lp{{InterfaceName: wlan0 LinkAddresses: [fe80::ff:fe44:5566/64,192.168.232.2/21,fec0::ff:fe44:5566/64,fec0::2ca8:70c3:2fe8:16b7/64,]  Routes: [fe80::/64 -> :: wlan0,::/0 -> fe80::ff:fe00:100 wlan0,fec0::/64 -> :: wlan0,192.168.232.0/21 -> 0.0.0.0 wlan0,0.0.0.0/0 -> 192.168.232.1 wlan0,] DnsAddresses: [10.0.2.3,] Domains: null MTU: 0 TcpBufferSizes: 524288,1048576,2097152,262144,524288,1048576}}  nc{[ Transports: WIFI Capabilities: NOT_METERED&INTERNET&NOT_RESTRICTED&TRUSTED&NOT_VPN&VALIDATED&FOREGROUND LinkUpBandwidth>=1048576Kbps LinkDnBandwidth>=1048576Kbps SignalStrength: -50]}  Score{60}  everValidated{true}  lastValidated{true}  created{true} lingering{false} explicitlySelected{false} acceptUnvalidated{false} everCaptivePortalDetected{false} lastCaptivePortalDetected{false} }
03-19 23:02:08.073  1661  1767 D ConnectivityService: Sending DISCONNECTED broadcast for type 0 NetworkAgentInfo [MOBILE (LTE) - 100] isDefaultNetwork=true
03-19 23:02:08.081  1661  1767 D ConnectivityService: Sending CONNECTED broadcast for type 1 NetworkAgentInfo [WIFI () - 101] isDefaultNetwork=true
03-19 23:02:08.609  1661  1760 E NetdConnector: NDC Command {164 bandwidth removeiquota radio0} took too long (520ms)
03-19 23:02:08.856  1661  3224 I ActivityManager: Killing 4994:com.google.android.packageinstaller/u0a17 (adj 906): empty #17
03-19 23:02:08.964  1661  1682 W ActivityManager: setHasOverlayUi called on unknown pid: 4994
03-19 23:02:09.186  1661  1760 E NetdConnector: NDC Command {165 bandwidth setiquota radio0 9223372036854775807} took too long (577ms)
03-19 23:02:09.919  1661  6072 I ActivityManager: Killing 5025:com.android.documentsui/u0a10 (adj 906): empty #17
03-19 23:02:12.544  1661  1675 I ActivityManager: Killing 5238:com.google.android.calendar/u0a42 (adj 906): empty #17
03-19 23:02:15.164  1661  1661 I ActivityManager: Start proc 7112:com.google.android.configupdater/u0a3 for service com.google.android.configupdater/.MainJobService
03-19 23:02:15.307  1661  3048 I ActivityManager: Killing 5284:com.google.android.deskclock/u0a67 (adj 906): empty #17
03-19 23:02:16.046  1661  3224 I ActivityManager: Killing 4299:com.android.defcontainer/u0a8 (adj 906): empty #17
03-19 23:02:20.378  1661  1678 E BatteryStatsService: modem info is invalid: ModemActivityInfo{ mTimestamp=0 mSleepTimeMs=0 mIdleTimeMs=0 mTxTimeMs[]=[0, 0, 0, 0, 0] mRxTimeMs=0 mEnergyUsed=0}
--------- beginning of main
03-19 23:02:20.646  6289  6359 I zygote  : Deoptimizing void com.google.apps.tiktok.tracing.gg.n(com.google.apps.tiktok.tracing.cg) due to JIT inline cache
03-19 23:02:20.653  6075  7161 I chatty  : uid=10013(u0_a13) com.google.android.gms.persistent expire 5 lines
03-19 23:02:20.660  6060  6233 I chatty  : uid=10013(u0_a13) com.google.android.gms expire 3 lines
03-19 23:02:20.660  6060  7147 I chatty  : uid=10013(u0_a13) com.google.android.gms expire 3 lines
03-19 23:02:20.666  6075  7159 I chatty  : uid=10013(u0_a13) com.google.android.gms.persistent expire 1 line
03-19 23:02:20.671  6060  7177 I chatty  : uid=10013(u0_a13) com.google.android.gms expire 2 lines
03-19 23:02:20.680  6060  7179 I chatty  : uid=10013(u0_a13) com.google.android.gms expire 3 lines
03-19 23:02:20.688  6060  7175 I chatty  : uid=10013(u0_a13) com.google.android.gms expire 6 lines
03-19 23:02:20.693  6075  7162 I chatty  : uid=10013(u0_a13) com.google.android.gms.persistent expire 1 line
03-19 23:02:20.714  6060  7176 I chatty  : uid=10013(u0_a13) com.google.android.gms expire 19 lines
03-19 23:02:20.729  6060  7189 I chatty  : uid=10013(u0_a13) com.google.android.gms expire 9 lines
03-19 23:02:20.729  6060  7194 I chatty  : uid=10013(u0_a13) com.google.android.gms expire 1 line
03-19 23:02:20.731  6075  7183 I chatty  : uid=10013(u0_a13) com.google.android.gms.persistent expire 1 line
03-19 23:02:20.732  6060  7191 I chatty  : uid=10013(u0_a13) com.google.android.gms expire 4 lines
03-19 23:02:20.745  6075  7187 I chatty  : uid=10013(u0_a13) com.google.android.gms.persistent expire 1 line
03-19 23:02:20.746  6060  7190 I chatty  : uid=10013(u0_a13) com.google.android.gms expire 16 lines
03-19 23:02:20.809  6060  7149 I chatty  : uid=10013(u0_a13) com.google.android.gms expire 3 lines
03-19 23:02:20.811  6060  7173 I chatty  : uid=10013(u0_a13) com.google.android.gms expire 1 line
03-19 23:02:20.815  6075  7185 I chatty  : uid=10013(u0_a13) com.google.android.gms.persistent expire 1 line
03-19 23:02:20.835  6060  6273 I chatty  : uid=10013(u0_a13) com.google.android.gms expire 7 lines
03-19 23:02:20.835  6060  7193 I chatty  : uid=10013(u0_a13) com.google.android.gms expire 5 lines
03-19 23:02:20.851  6075  7171 I chatty  : uid=10013(u0_a13) com.google.android.gms.persistent expire 1 line
03-19 23:02:20.854  6075  7184 I chatty  : uid=10013(u0_a13) com.google.android.gms.persistent expire 2 lines
03-19 23:02:20.898  6075  6277 I chatty  : uid=10013(u0_a13) lowpool[6] expire 2 lines
03-19 23:02:20.957  6075  6151 I chatty  : uid=10013(u0_a13) com.google.android.gms.persistent expire 1 line
03-19 23:02:21.049  6075  7188 I chatty  : uid=10013(u0_a13) com.google.android.gms.persistent expire 1 line
03-19 23:02:21.054  6060  6233 I MlBenchmarkInstaller: Intent: com.google.android.gms.phenotype.COMMITTED [CONTEXT service_id=340 ]
03-19 23:02:21.054  6060  6233 I MlBenchmarkInstaller: COMMITTED Extra package name: com.google.android.gms.auth_account [CONTEXT service_id=340 ]
03-19 23:02:21.055  6060  7193 W ModuleInitIntentOp: Dropping unexpected action com.google.android.gms.phenotype.COMMITTED
03-19 23:02:21.055  6075  7185 I PTCommittedOperation: Receive new configuration for com.google.android.gms.auth_account
03-19 23:02:21.058  6060  7177 I LocationHistory: [IntentOperation] Handling action com.google.android.gms.phenotype.COMMITTED [CONTEXT service_id=314 ]
03-19 23:02:21.067  6060  7193 I GmsSyncPolicyEngine: Periodic sync 1 disabled by policy, cancelled.
03-19 23:02:21.069  6060  7193 I GmsSyncPolicyEngine: Periodic sync 2 disabled by policy, cancelled.
03-19 23:02:21.071  6075  7188 W PhenotypeConfigurationU: Update for unknown DeviceConfig package com.google.android.gms.mlbenchmark#com.google.android.gms [CONTEXT service_id=204 ]
03-19 23:02:21.071  6075  7188 W PhenotypeConfigurationU: bjbk: No package exists for config package: com.google.android.gms.mlbenchmark#com.google.android.gms
03-19 23:02:21.071  6075  7188 W PhenotypeConfigurationU: 	at com.google.android.gms.platformconfigurator.PhenotypeConfigurationUpdateListener.a(:com.google.android.gms@230914022@23.09.14 (040700-515650844):7)
03-19 23:02:21.071  6075  7188 W PhenotypeConfigurationU: 	at com.google.android.gms.platformconfigurator.PhenotypeConfigurationUpdateListener.onHandleIntent(:com.google.android.gms@230914022@23.09.14 (040700-515650844):9)
03-19 23:02:21.071  6075  7188 W PhenotypeConfigurationU: 	at com.google.android.chimera.IntentOperation.onHandleIntent(:com.google.android.gms@230914022@23.09.14 (040700-515650844):2)
03-19 23:02:21.071  6075  7188 W PhenotypeConfigurationU: 	at zin.onHandleIntent(:com.google.android.gms@230914022@23.09.14 (040700-515650844):4)
03-19 23:02:21.071  6075  7188 W PhenotypeConfigurationU: 	at gvm.run(:com.google.android.gms@230914022@23.09.14 (040700-515650844):3)
03-19 23:02:21.071  6075  7188 W PhenotypeConfigurationU: 	at gvl.run(:com.google.android.gms@230914022@23.09.14 (040700-515650844):11)
03-19 23:02:21.071  6075  7188 W PhenotypeConfigurationU: 	at cocz.run(:com.google.android.gms@230914022@23.09.14 (040700-515650844):2)
03-19 23:02:21.071  6075  7188 W PhenotypeConfigurationU: 	at java.util.concurrent.ThreadPoolExecutor.runWorker(ThreadPoolExecutor.java:1162)
03-19 23:02:21.071  6075  7188 W PhenotypeConfigurationU: 	at java.util.concurrent.ThreadPoolExecutor$Worker.run(ThreadPoolExecutor.java:636)
03-19 23:02:21.071  6075  7188 W PhenotypeConfigurationU: 	at java.lang.Thread.run(Thread.java:764)
03-19 23:02:21.073  6060  7193 I MlBenchmarkInstaller: Intent: com.google.android.gms.phenotype.com.google.android.gms.mlbenchmark#com.google.android.gms.COMMITTED [CONTEXT service_id=340 ]
03-19 23:02:21.073  6060  7193 I MlBenchmarkInstaller: COMMITTED Extra package name: com.google.android.gms.mlbenchmark#com.google.android.gms [CONTEXT service_id=340 ]
03-19 23:02:21.073  6060  7193 I MlBenchmarkInstaller: Phenotype configuration committed. [CONTEXT service_id=340 ]
03-19 23:02:21.076  6060  7193 I MlBenchmarkInstaller: Device sampled out, skipping. [CONTEXT service_id=340 ]
03-19 23:02:21.077  6060  6060 I MlBenchmarkInstaller: Feature unrequest success = true [CONTEXT service_id=340 ]
03-19 23:02:21.084  6075  7188 W PhenotypeConfigurationU: Update for unknown DeviceConfig package com.google.android.gms.family [CONTEXT service_id=204 ]
03-19 23:02:21.084  6075  7188 W PhenotypeConfigurationU: bjbk: No package exists for config package: com.google.android.gms.family
03-19 23:02:21.084  6075  7188 W PhenotypeConfigurationU: 	at com.google.android.gms.platformconfigurator.PhenotypeConfigurationUpdateListener.a(:com.google.android.gms@230914022@23.09.14 (040700-515650844):7)
03-19 23:02:21.084  6075  7188 W PhenotypeConfigurationU: 	at com.google.android.gms.platformconfigurator.PhenotypeConfigurationUpdateListener.onHandleIntent(:com.google.android.gms@230914022@23.09.14 (040700-515650844):9)
03-19 23:02:21.084  6075  7188 W PhenotypeConfigurationU: 	at com.google.android.chimera.IntentOperation.onHandleIntent(:com.google.android.gms@230914022@23.09.14 (040700-515650844):2)
03-19 23:02:21.084  6075  7188 W PhenotypeConfigurationU: 	at zin.onHandleIntent(:com.google.android.gms@230914022@23.09.14 (040700-515650844):4)
03-19 23:02:21.084  6075  7188 W PhenotypeConfigurationU: 	at gvm.run(:com.google.android.gms@230914022@23.09.14 (040700-515650844):3)
03-19 23:02:21.084  6075  7188 W PhenotypeConfigurationU: 	at gvl.run(:com.google.android.gms@230914022@23.09.14 (040700-515650844):11)
03-19 23:02:21.084  6075  7188 W PhenotypeConfigurationU: 	at cocz.run(:com.google.android.gms@230914022@23.09.14 (040700-515650844):2)
03-19 23:02:21.084  6075  7188 W PhenotypeConfigurationU: 	at java.util.concurrent.ThreadPoolExecutor.runWorker(ThreadPoolExecutor.java:1162)
03-19 23:02:21.084  6075  7188 W PhenotypeConfigurationU: 	at java.util.concurrent.ThreadPoolExecutor$Worker.run(ThreadPoolExecutor.java:636)
03-19 23:02:21.084  6075  7188 W PhenotypeConfigurationU: 	at java.lang.Thread.run(Thread.java:764)
03-19 23:02:21.087  6060  7176 W ModuleInitIntentOp: Dropping unexpected action com.google.android.gms.phenotype.COMMITTED
03-19 23:02:21.087  6060  7176 I chatty  : uid=10013(u0_a13) com.google.android.gms identical 1 line
03-19 23:02:21.087  6060  7176 W ModuleInitIntentOp: Dropping unexpected action com.google.android.gms.phenotype.COMMITTED
03-19 23:02:21.087  6060  7176 I SyncIntentOperation: Handling the intent: Intent { act=com.google.android.gms.phenotype.COMMITTED flg=0x10 pkg=com.google.android.gms cmp=com.google.android.gms/.chimera.GmsIntentOperationService (has extras) }. [CONTEXT service_id=80 ]
03-19 23:02:21.090  6060  7193 I MdiSyncModule: flag handling is skipping irrelevant intent.
03-19 23:02:21.090  6060  7194 I MlBenchmarkInstaller: Intent: com.google.android.gms.phenotype.COMMITTED [CONTEXT service_id=340 ]
03-19 23:02:21.090  6060  7194 I MlBenchmarkInstaller: COMMITTED Extra package name: com.google.android.gms.family [CONTEXT service_id=340 ]
03-19 23:02:21.091  6060  7177 W ModuleInitIntentOp: Dropping unexpected action com.google.android.gms.phenotype.COMMITTED
03-19 23:02:21.092  6060  7194 I LocationHistory: [IntentOperation] Handling action com.google.android.gms.phenotype.COMMITTED [CONTEXT service_id=314 ]
03-19 23:02:21.093  6060  7177 I GmsSyncPolicyEngine: Periodic sync 1 disabled by policy, cancelled.
03-19 23:02:21.095  6075  7180 I PTCommittedOperation: Receive new configuration for com.google.android.gms.family
03-19 23:02:21.100  6060  7177 I GmsSyncPolicyEngine: Periodic sync 2 disabled by policy, cancelled.
03-19 23:02:21.103  6075  7178 W PhenotypeConfigurationU: Update for unknown DeviceConfig package com.google.android.gms.auth.blockstore [CONTEXT service_id=204 ]
03-19 23:02:21.103  6075  7178 W PhenotypeConfigurationU: bjbk: No package exists for config package: com.google.android.gms.auth.blockstore
03-19 23:02:21.103  6075  7178 W PhenotypeConfigurationU: 	at com.google.android.gms.platformconfigurator.PhenotypeConfigurationUpdateListener.a(:com.google.android.gms@230914022@23.09.14 (040700-515650844):7)
03-19 23:02:21.103  6075  7178 W PhenotypeConfigurationU: 	at com.google.android.gms.platformconfigurator.PhenotypeConfigurationUpdateListener.onHandleIntent(:com.google.android.gms@230914022@23.09.14 (040700-515650844):9)
03-19 23:02:21.103  6075  7178 W PhenotypeConfigurationU: 	at com.google.android.chimera.IntentOperation.onHandleIntent(:com.google.android.gms@230914022@23.09.14 (040700-515650844):2)
03-19 23:02:21.103  6075  7178 W PhenotypeConfigurationU: 	at zin.onHandleIntent(:com.google.android.gms@230914022@23.09.14 (040700-515650844):4)
03-19 23:02:21.103  6075  7178 W PhenotypeConfigurationU: 	at gvm.run(:com.google.android.gms@230914022@23.09.14 (040700-515650844):3)
03-19 23:02:21.103  6075  7178 W PhenotypeConfigurationU: 	at gvl.run(:com.google.android.gms@230914022@23.09.14 (040700-515650844):11)
03-19 23:02:21.103  6075  7178 W PhenotypeConfigurationU: 	at cocz.run(:com.google.android.gms@230914022@23.09.14 (040700-515650844):2)
03-19 23:02:21.103  6075  7178 W PhenotypeConfigurationU: 	at java.util.concurrent.ThreadPoolExecutor.runWorker(ThreadPoolExecutor.java:1162)
03-19 23:02:21.103  6075  7178 W PhenotypeConfigurationU: 	at java.util.concurrent.ThreadPoolExecutor$Worker.run(ThreadPoolExecutor.java:636)
03-19 23:02:21.103  6075  7178 W PhenotypeConfigurationU: 	at java.lang.Thread.run(Thread.java:764)
03-19 23:02:21.109  6075  7161 I PhenotypeIntentOp: Blockstore feature flags are updated. [CONTEXT service_id=258 ]
03-19 23:02:21.109  6075  7161 I PhenotypeIntentOp: Scheduling periodic backup task to reflect the config changes from feature flags. [CONTEXT service_id=258 ]
03-19 23:02:21.110  6075  7161 I CloudSyncBpTkSvc: scheduling a periodic backup task. [CONTEXT service_id=258 ]
03-19 23:02:21.122  6075  7178 W PhenotypeConfigurationU: Update for unknown DeviceConfig package com.google.android.gms.smart_profile [CONTEXT service_id=204 ]
03-19 23:02:21.122  6075  7178 W PhenotypeConfigurationU: bjbk: No package exists for config package: com.google.android.gms.smart_profile
03-19 23:02:21.122  6075  7178 W PhenotypeConfigurationU: 	at com.google.android.gms.platformconfigurator.PhenotypeConfigurationUpdateListener.a(:com.google.android.gms@230914022@23.09.14 (040700-515650844):7)
03-19 23:02:21.122  6075  7178 W PhenotypeConfigurationU: 	at com.google.android.gms.platformconfigurator.PhenotypeConfigurationUpdateListener.onHandleIntent(:com.google.android.gms@230914022@23.09.14 (040700-515650844):9)
03-19 23:02:21.122  6075  7178 W PhenotypeConfigurationU: 	at com.google.android.chimera.IntentOperation.onHandleIntent(:com.google.android.gms@230914022@23.09.14 (040700-515650844):2)
03-19 23:02:21.122  6075  7178 W PhenotypeConfigurationU: 	at zin.onHandleIntent(:com.google.android.gms@230914022@23.09.14 (040700-515650844):4)
03-19 23:02:21.122  6075  7178 W PhenotypeConfigurationU: 	at gvm.run(:com.google.android.gms@230914022@23.09.14 (040700-515650844):3)
03-19 23:02:21.122  6075  7178 W PhenotypeConfigurationU: 	at gvl.run(:com.google.android.gms@230914022@23.09.14 (040700-515650844):11)
03-19 23:02:21.122  6075  7178 W PhenotypeConfigurationU: 	at cocz.run(:com.google.android.gms@230914022@23.09.14 (040700-515650844):2)
03-19 23:02:21.122  6075  7178 W PhenotypeConfigurationU: 	at java.util.concurrent.ThreadPoolExecutor.runWorker(ThreadPoolExecutor.java:1162)
03-19 23:02:21.122  6075  7178 W PhenotypeConfigurationU: 	at java.util.concurrent.ThreadPoolExecutor$Worker.run(ThreadPoolExecutor.java:636)
03-19 23:02:21.122  6075  7178 W PhenotypeConfigurationU: 	at java.lang.Thread.run(Thread.java:764)
03-19 23:02:21.124  6060  7147 W ModuleInitIntentOp: Dropping unexpected action com.google.android.gms.phenotype.COMMITTED
03-19 23:02:21.124  6060  7147 W ModuleInitIntentOp: Dropping unexpected action com.google.android.gms.phenotype.COMMITTED
03-19 23:02:21.126  6075  7180 I PTCommittedOperation: Receive new configuration for com.google.android.gms.smart_profile
03-19 23:02:21.127  6060  7193 W ModuleInitIntentOp: Dropping unexpected action com.google.android.gms.phenotype.COMMITTED
03-19 23:02:21.127  6060  7193 I SyncIntentOperation: Handling the intent: Intent { act=com.google.android.gms.phenotype.COMMITTED flg=0x10 pkg=com.google.android.gms cmp=com.google.android.gms/.chimera.GmsIntentOperationService (has extras) }. [CONTEXT service_id=80 ]
03-19 23:02:21.129  6060  7173 I MdiSyncModule: flag handling is skipping irrelevant intent.
03-19 23:02:21.130  6060  7173 I MlBenchmarkInstaller: Intent: com.google.android.gms.phenotype.COMMITTED [CONTEXT service_id=340 ]
03-19 23:02:21.130  6060  7173 I MlBenchmarkInstaller: COMMITTED Extra package name: com.google.android.gms.smart_profile [CONTEXT service_id=340 ]
03-19 23:02:21.131  6060  7193 W ModuleInitIntentOp: Dropping unexpected action com.google.android.gms.phenotype.COMMITTED
03-19 23:02:21.131  6060  7191 I LocationHistory: [IntentOperation] Handling action com.google.android.gms.phenotype.COMMITTED [CONTEXT service_id=314 ]
03-19 23:02:21.134  6060  7193 I GmsSyncPolicyEngine: Periodic sync 1 disabled by policy, cancelled.
03-19 23:02:21.136  6060  7193 I GmsSyncPolicyEngine: Periodic sync 2 disabled by policy, cancelled.
03-19 23:02:21.158  6075  7180 W PhenotypeConfigurationU: Update for unknown DeviceConfig package com.google.android.location [CONTEXT service_id=204 ]
03-19 23:02:21.158  6075  7180 W PhenotypeConfigurationU: bjbk: No package exists for config package: com.google.android.location
03-19 23:02:21.158  6075  7180 W PhenotypeConfigurationU: 	at com.google.android.gms.platformconfigurator.PhenotypeConfigurationUpdateListener.a(:com.google.android.gms@230914022@23.09.14 (040700-515650844):7)
03-19 23:02:21.158  6075  7180 W PhenotypeConfigurationU: 	at com.google.android.gms.platformconfigurator.PhenotypeConfigurationUpdateListener.onHandleIntent(:com.google.android.gms@230914022@23.09.14 (040700-515650844):9)
03-19 23:02:21.158  6075  7180 W PhenotypeConfigurationU: 	at com.google.android.chimera.IntentOperation.onHandleIntent(:com.google.android.gms@230914022@23.09.14 (040700-515650844):2)
03-19 23:02:21.158  6075  7180 W PhenotypeConfigurationU: 	at zin.onHandleIntent(:com.google.android.gms@230914022@23.09.14 (040700-515650844):4)
03-19 23:02:21.158  6075  7180 W PhenotypeConfigurationU: 	at gvm.run(:com.google.android.gms@230914022@23.09.14 (040700-515650844):3)
03-19 23:02:21.158  6075  7180 W PhenotypeConfigurationU: 	at gvl.run(:com.google.android.gms@230914022@23.09.14 (040700-515650844):11)
03-19 23:02:21.158  6075  7180 W PhenotypeConfigurationU: 	at cocz.run(:com.google.android.gms@230914022@23.09.14 (040700-515650844):2)
03-19 23:02:21.158  6075  7180 W PhenotypeConfigurationU: 	at java.util.concurrent.ThreadPoolExecutor.runWorker(ThreadPoolExecutor.java:1162)
03-19 23:02:21.158  6075  7180 W PhenotypeConfigurationU: 	at java.util.concurrent.ThreadPoolExecutor$Worker.run(ThreadPoolExecutor.java:636)
03-19 23:02:21.158  6075  7180 W PhenotypeConfigurationU: 	at java.lang.Thread.run(Thread.java:764)
03-19 23:02:21.166  6060  7177 W ModuleInitIntentOp: Dropping unexpected action com.google.android.gms.phenotype.COMMITTED
03-19 23:02:21.166  6060  7193 W ModuleInitIntentOp: Dropping unexpected action com.google.android.gms.phenotype.COMMITTED
03-19 23:02:21.166  6060  7193 W ModuleInitIntentOp: Dropping unexpected action com.google.android.gms.phenotype.COMMITTED
03-19 23:02:21.167  6060  7193 I SyncIntentOperation: Handling the intent: Intent { act=com.google.android.gms.phenotype.COMMITTED flg=0x10 pkg=com.google.android.gms cmp=com.google.android.gms/.chimera.GmsIntentOperationService (has extras) }. [CONTEXT service_id=80 ]
03-19 23:02:21.169  6075  7178 I PTCommittedOperation: Receive new configuration for com.google.android.location
03-19 23:02:21.169  6060  7177 I MdiSyncModule: flag handling is skipping irrelevant intent.
03-19 23:02:21.172  6060  7192 I MlBenchmarkInstaller: Intent: com.google.android.gms.phenotype.COMMITTED [CONTEXT service_id=340 ]
03-19 23:02:21.172  6060  7194 W ModuleInitIntentOp: Dropping unexpected action com.google.android.gms.phenotype.COMMITTED
03-19 23:02:21.173  6060  7192 I MlBenchmarkInstaller: COMMITTED Extra package name: com.google.android.location [CONTEXT service_id=340 ]
03-19 23:02:21.173  6060  7192 I LocationHistory: [IntentOperation] Handling action com.google.android.gms.phenotype.COMMITTED [CONTEXT service_id=314 ]
03-19 23:02:21.176  6060  7194 I GmsSyncPolicyEngine: Periodic sync 1 disabled by policy, cancelled.
03-19 23:02:21.179  6060  7194 I GmsSyncPolicyEngine: Periodic sync 2 disabled by policy, cancelled.
03-19 23:02:21.188  6075  7188 W PhenotypeConfigurationU: Update for unknown DeviceConfig package com.google.android.gms.growth [CONTEXT service_id=204 ]
03-19 23:02:21.188  6075  7188 W PhenotypeConfigurationU: bjbk: No package exists for config package: com.google.android.gms.growth
03-19 23:02:21.188  6075  7188 W PhenotypeConfigurationU: 	at com.google.android.gms.platformconfigurator.PhenotypeConfigurationUpdateListener.a(:com.google.android.gms@230914022@23.09.14 (040700-515650844):7)
03-19 23:02:21.188  6075  7188 W PhenotypeConfigurationU: 	at com.google.android.gms.platformconfigurator.PhenotypeConfigurationUpdateListener.onHandleIntent(:com.google.android.gms@230914022@23.09.14 (040700-515650844):9)
03-19 23:02:21.188  6075  7188 W PhenotypeConfigurationU: 	at com.google.android.chimera.IntentOperation.onHandleIntent(:com.google.android.gms@230914022@23.09.14 (040700-515650844):2)
03-19 23:02:21.188  6075  7188 W PhenotypeConfigurationU: 	at zin.onHandleIntent(:com.google.android.gms@230914022@23.09.14 (040700-515650844):4)
03-19 23:02:21.188  6075  7188 W PhenotypeConfigurationU: 	at gvm.run(:com.google.android.gms@230914022@23.09.14 (040700-515650844):3)
03-19 23:02:21.188  6075  7188 W PhenotypeConfigurationU: 	at gvl.run(:com.google.android.gms@230914022@23.09.14 (040700-515650844):11)
03-19 23:02:21.188  6075  7188 W PhenotypeConfigurationU: 	at cocz.run(:com.google.android.gms@230914022@23.09.14 (040700-515650844):2)
03-19 23:02:21.188  6075  7188 W PhenotypeConfigurationU: 	at java.util.concurrent.ThreadPoolExecutor.runWorker(ThreadPoolExecutor.java:1162)
03-19 23:02:21.188  6075  7188 W PhenotypeConfigurationU: 	at java.util.concurrent.ThreadPoolExecutor$Worker.run(ThreadPoolExecutor.java:636)
03-19 23:02:21.188  6075  7188 W PhenotypeConfigurationU: 	at java.lang.Thread.run(Thread.java:764)
03-19 23:02:21.202  6075  7180 W PhenotypeConfigurationU: Update for unknown DeviceConfig package com.google.android.gms.notifications [CONTEXT service_id=204 ]
03-19 23:02:21.202  6075  7180 W PhenotypeConfigurationU: bjbk: No package exists for config package: com.google.android.gms.notifications
03-19 23:02:21.202  6075  7180 W PhenotypeConfigurationU: 	at com.google.android.gms.platformconfigurator.PhenotypeConfigurationUpdateListener.a(:com.google.android.gms@230914022@23.09.14 (040700-515650844):7)
03-19 23:02:21.202  6075  7180 W PhenotypeConfigurationU: 	at com.google.android.gms.platformconfigurator.PhenotypeConfigurationUpdateListener.onHandleIntent(:com.google.android.gms@230914022@23.09.14 (040700-515650844):9)
03-19 23:02:21.202  6075  7180 W PhenotypeConfigurationU: 	at com.google.android.chimera.IntentOperation.onHandleIntent(:com.google.android.gms@230914022@23.09.14 (040700-515650844):2)
03-19 23:02:21.202  6075  7180 W PhenotypeConfigurationU: 	at zin.onHandleIntent(:com.google.android.gms@230914022@23.09.14 (040700-515650844):4)
03-19 23:02:21.202  6075  7180 W PhenotypeConfigurationU: 	at gvm.run(:com.google.android.gms@230914022@23.09.14 (040700-515650844):3)
03-19 23:02:21.202  6075  7180 W PhenotypeConfigurationU: 	at gvl.run(:com.google.android.gms@230914022@23.09.14 (040700-515650844):11)
03-19 23:02:21.202  6075  7180 W PhenotypeConfigurationU: 	at cocz.run(:com.google.android.gms@230914022@23.09.14 (040700-515650844):2)
03-19 23:02:21.202  6075  7180 W PhenotypeConfigurationU: 	at java.util.concurrent.ThreadPoolExecutor.runWorker(ThreadPoolExecutor.java:1162)
03-19 23:02:21.202  6075  7180 W PhenotypeConfigurationU: 	at java.util.concurrent.ThreadPoolExecutor$Worker.run(ThreadPoolExecutor.java:636)
03-19 23:02:21.202  6075  7180 W PhenotypeConfigurationU: 	at java.lang.Thread.run(Thread.java:764)
03-19 23:02:21.203  6075  7180 W PhenotypeConfigurationU: Update for unknown DeviceConfig package com.google.android.gms.credentialsync [CONTEXT service_id=204 ]
03-19 23:02:21.203  6075  7180 W PhenotypeConfigurationU: bjbk: No package exists for config package: com.google.android.gms.credentialsync
03-19 23:02:21.203  6075  7180 W PhenotypeConfigurationU: 	at com.google.android.gms.platformconfigurator.PhenotypeConfigurationUpdateListener.a(:com.google.android.gms@230914022@23.09.14 (040700-515650844):7)
03-19 23:02:21.203  6075  7180 W PhenotypeConfigurationU: 	at com.google.android.gms.platformconfigurator.PhenotypeConfigurationUpdateListener.onHandleIntent(:com.google.android.gms@230914022@23.09.14 (040700-515650844):9)
03-19 23:02:21.203  6075  7180 W PhenotypeConfigurationU: 	at com.google.android.chimera.IntentOperation.onHandleIntent(:com.google.android.gms@230914022@23.09.14 (040700-515650844):2)
03-19 23:02:21.203  6075  7180 W PhenotypeConfigurationU: 	at zin.onHandleIntent(:com.google.android.gms@230914022@23.09.14 (040700-515650844):4)
03-19 23:02:21.203  6075  7180 W PhenotypeConfigurationU: 	at gvm.run(:com.google.android.gms@230914022@23.09.14 (040700-515650844):3)
03-19 23:02:21.203  6075  7180 W PhenotypeConfigurationU: 	at gvl.run(:com.google.android.gms@230914022@23.09.14 (040700-515650844):11)
03-19 23:02:21.203  6075  7180 W PhenotypeConfigurationU: 	at cocz.run(:com.google.android.gms@230914022@23.09.14 (040700-515650844):2)
03-19 23:02:21.203  6075  7180 W PhenotypeConfigurationU: 	at java.util.concurrent.ThreadPoolExecutor.runWorker(ThreadPoolExecutor.java:1162)
03-19 23:02:21.203  6075  7180 W PhenotypeConfigurationU: 	at java.util.concurrent.ThreadPoolExecutor$Worker.run(ThreadPoolExecutor.java:636)
03-19 23:02:21.203  6075  7180 W PhenotypeConfigurationU: 	at java.lang.Thread.run(Thread.java:764)
03-19 23:02:21.206  6060  7192 W ModuleInitIntentOp: Dropping unexpected action com.google.android.gms.phenotype.COMMITTED
03-19 23:02:21.206  6060  7192 I chatty  : uid=10013(u0_a13) com.google.android.gms identical 1 line
03-19 23:02:21.206  6060  7192 W ModuleInitIntentOp: Dropping unexpected action com.google.android.gms.phenotype.COMMITTED
03-19 23:02:21.207  6060  7192 I SyncIntentOperation: Handling the intent: Intent { act=com.google.android.gms.phenotype.COMMITTED flg=0x10 pkg=com.google.android.gms cmp=com.google.android.gms/.chimera.GmsIntentOperationService (has extras) }. [CONTEXT service_id=80 ]
03-19 23:02:21.207  6075  7188 I PTCommittedOperation: Receive new configuration for com.google.android.gms.notifications
03-19 23:02:21.208  6060  7177 I MdiSyncModule: flag handling is skipping irrelevant intent.
03-19 23:02:21.208  6060  7177 I MlBenchmarkInstaller: Intent: com.google.android.gms.phenotype.COMMITTED [CONTEXT service_id=340 ]
03-19 23:02:21.208  6060  7177 I MlBenchmarkInstaller: COMMITTED Extra package name: com.google.android.gms.notifications [CONTEXT service_id=340 ]
03-19 23:02:21.210  6060  7194 W ModuleInitIntentOp: Dropping unexpected action com.google.android.gms.phenotype.COMMITTED
03-19 23:02:21.212  6060  7192 I LocationHistory: [IntentOperation] Handling action com.google.android.gms.phenotype.COMMITTED [CONTEXT service_id=314 ]
03-19 23:02:21.214  6060  7194 I GmsSyncPolicyEngine: Periodic sync 1 disabled by policy, cancelled.
03-19 23:02:21.220  6060  7194 I GmsSyncPolicyEngine: Periodic sync 2 disabled by policy, cancelled.
03-19 23:02:21.259  6060  6060 D BoundBrokerSvc: onUnbind: Intent { act=com.google.android.gms.ocr.service.internal.START dat=chimera-action: cmp=com.google.android.gms/.chimera.GmsInternalApiService }
03-19 23:02:21.267  6075  7180 W PhenotypeConfigurationU: Update for unknown DeviceConfig package com.google.android.gms.nearby [CONTEXT service_id=204 ]
03-19 23:02:21.267  6075  7180 W PhenotypeConfigurationU: bjbk: No package exists for config package: com.google.android.gms.nearby
03-19 23:02:21.267  6075  7180 W PhenotypeConfigurationU: 	at com.google.android.gms.platformconfigurator.PhenotypeConfigurationUpdateListener.a(:com.google.android.gms@230914022@23.09.14 (040700-515650844):7)
03-19 23:02:21.267  6075  7180 W PhenotypeConfigurationU: 	at com.google.android.gms.platformconfigurator.PhenotypeConfigurationUpdateListener.onHandleIntent(:com.google.android.gms@230914022@23.09.14 (040700-515650844):9)
03-19 23:02:21.267  6075  7180 W PhenotypeConfigurationU: 	at com.google.android.chimera.IntentOperation.onHandleIntent(:com.google.android.gms@230914022@23.09.14 (040700-515650844):2)
03-19 23:02:21.267  6075  7180 W PhenotypeConfigurationU: 	at zin.onHandleIntent(:com.google.android.gms@230914022@23.09.14 (040700-515650844):4)
03-19 23:02:21.267  6075  7180 W PhenotypeConfigurationU: 	at gvm.run(:com.google.android.gms@230914022@23.09.14 (040700-515650844):3)
03-19 23:02:21.267  6075  7180 W PhenotypeConfigurationU: 	at gvl.run(:com.google.android.gms@230914022@23.09.14 (040700-515650844):11)
03-19 23:02:21.267  6075  7180 W PhenotypeConfigurationU: 	at cocz.run(:com.google.android.gms@230914022@23.09.14 (040700-515650844):2)
03-19 23:02:21.267  6075  7180 W PhenotypeConfigurationU: 	at java.util.concurrent.ThreadPoolExecutor.runWorker(ThreadPoolExecutor.java:1162)
03-19 23:02:21.267  6075  7180 W PhenotypeConfigurationU: 	at java.util.concurrent.ThreadPoolExecutor$Worker.run(ThreadPoolExecutor.java:636)
03-19 23:02:21.267  6075  7180 W PhenotypeConfigurationU: 	at java.lang.Thread.run(Thread.java:764)
03-19 23:02:21.267  6075  6091 I zygote  : Background concurrent copying GC freed 129259(6MB) AllocSpace objects, 1(36KB) LOS objects, 41% free, 8MB/14MB, paused 6.196ms total 51.760ms
03-19 23:02:21.271  6075  7160 W PhenotypeConfigurationU: Update for unknown DeviceConfig package com.google.android.gms.netrec [CONTEXT service_id=204 ]
03-19 23:02:21.271  6075  7160 W PhenotypeConfigurationU: bjbk: No package exists for config package: com.google.android.gms.netrec
03-19 23:02:21.271  6075  7160 W PhenotypeConfigurationU: 	at com.google.android.gms.platformconfigurator.PhenotypeConfigurationUpdateListener.a(:com.google.android.gms@230914022@23.09.14 (040700-515650844):7)
03-19 23:02:21.271  6075  7160 W PhenotypeConfigurationU: 	at com.google.android.gms.platformconfigurator.PhenotypeConfigurationUpdateListener.onHandleIntent(:com.google.android.gms@230914022@23.09.14 (040700-515650844):9)
03-19 23:02:21.271  6075  7160 W PhenotypeConfigurationU: 	at com.google.android.chimera.IntentOperation.onHandleIntent(:com.google.android.gms@230914022@23.09.14 (040700-515650844):2)
03-19 23:02:21.271  6075  7160 W PhenotypeConfigurationU: 	at zin.onHandleIntent(:com.google.android.gms@230914022@23.09.14 (040700-515650844):4)
03-19 23:02:21.271  6075  7160 W PhenotypeConfigurationU: 	at gvm.run(:com.google.android.gms@230914022@23.09.14 (040700-515650844):3)
