03-17 08:23:33.551  4729  4729 E ActivityThread: Failed to find provider info for com.google.android.wearable.settings
03-17 08:23:33.576  1661  1715 I WindowManager: Screen frozen for +901ms due to Window{818b65 u0 com.android.systemui.ImageWallpaper}
03-17 08:23:33.606  4729  4729 E ActivityThread: Failed to find provider info for com.google.android.wearable.settings
03-17 08:23:34.220  4729  4729 I chatty  : uid=10023(u0_a23) com.android.vending identical 90 lines
03-17 08:23:34.223  4729  4729 E ActivityThread: Failed to find provider info for com.google.android.wearable.settings
03-17 08:23:35.016  1661  2948 I ActivityManager: Killing 3413:com.google.android.calendar/u0a42 (adj 904): empty #17
03-17 08:23:35.016  1661  2948 I ActivityManager: Killing 2789:android.process.acore/u0a1 (adj 906): empty #18
03-17 08:23:35.031  1661  1671 D CountryDetector: No listener is left
03-17 08:23:36.557  1661  1785 E TaskPersister: File error accessing recents directory (directory doesn't exist?).
03-17 08:23:38.169  1661  1901 D VoldConnector: SND -> {42 volume mkdirs /storage/emulated/0/Android/data/com.google.android.googlequicksearchbox/files/download_cache/}
03-17 08:23:38.171  1661  1731 D VoldConnector: RCV <- {200 42 Command succeeded}
03-17 08:23:38.224  1661  1661 I Telecom : DefaultDialerCache: Refreshing default dialer for user 0: now com.google.android.dialer: DDC.oR@AG8
03-17 08:23:38.635  2394  2495 E ActivityThread: Failed to find provider info for com.google.android.apps.gsa.testing.ui.audio.recorded
03-17 08:23:41.846  1661  3224 I ActivityManager: START u0 {act=android.intent.action.DELETE dat=package:com.lotic.tasks flg=0x10800000 cmp=com.google.android.packageinstaller/com.android.packageinstaller.UninstallerActivity (has extras)} from uid 10020
03-17 08:23:41.874  1661  2948 I ActivityManager: Start proc 4994:com.google.android.packageinstaller/u0a17 for activity com.google.android.packageinstaller/com.android.packageinstaller.UninstallerActivity
03-17 08:23:43.607  1661  1675 I ActivityManager: Force stopping com.lotic.tasks appid=10083 user=0: deletePackageX
03-17 08:23:43.607  1661  1675 I ActivityManager: Killing 4367:com.lotic.tasks/u0a83 (adj 900): stop com.lotic.tasks
03-17 08:23:43.768  1661  1682 W ActivityManager: setHasOverlayUi called on unknown pid: 4367
03-17 08:23:43.784  2394  2493 E ActivityThread: Failed to find provider info for com.google.android.apps.gsa.testing.ui.audio.recorded
03-17 08:23:43.921  1661  1687 I ActivityManager: Force stopping com.lotic.tasks appid=10083 user=0: pkg removed
03-17 08:23:43.952  1661  2285 W BroadcastQueue: Background execution not allowed: receiving Intent { act=android.intent.action.PACKAGE_REMOVED dat=package:com.lotic.tasks flg=0x4000010 (has extras) } to com.android.vending/com.google.android.finsky.packagemonitor.impl.PackageMonitorReceiverImpl$RegisteredReceiver
03-17 08:23:43.954  1661  1675 W BroadcastQueue: Background execution not allowed: receiving Intent { act=android.intent.action.PACKAGE_REMOVED dat=package:com.lotic.tasks flg=0x4000010 (has extras) } to com.android.vending/com.google.android.finsky.instantapps.appmanagement.InstantAppRemoveMonitor
03-17 08:23:43.970  1661  1785 E TaskPersister: File error accessing recents directory (directory doesn't exist?).
03-17 08:23:43.994  1661  1901 W BroadcastQueue: Background execution not allowed: receiving Intent { act=android.intent.action.PACKAGE_REMOVED dat=package:com.lotic.tasks flg=0x4000010 (has extras) } to com.google.android.googlequicksearchbox/com.google.android.apps.gsa.googlequicksearchbox.GelStubAppWatcher
03-17 08:23:44.007  1661  1675 I ActivityManager: Start proc 5025:com.android.documentsui/u0a10 for broadcast com.android.documentsui/.PackageReceiver
03-17 08:23:44.319  1661  2272 I ActivityManager: Start proc 5064:com.android.externalstorage/u0a9 for content provider com.android.externalstorage/.ExternalStorageProvider
03-17 08:23:44.475  1661  2272 I ActivityManager: Start proc 5084:com.android.mtp/u0a11 for content provider com.android.mtp/.MtpDocumentsProvider
03-17 08:23:44.874  1661  2000 I ActivityManager: Start proc 5105:com.google.android.apps.docs/u0a48 for content provider com.google.android.apps.docs/.storagebackend.StorageBackendContentProvider
03-17 08:23:44.899  1661  3048 I ActivityManager: Killing 3710:com.google.android.gm/u0a68 (adj 906): empty #17
03-17 08:23:45.239  1661  3048 I ActivityManager: Start proc 5135:android.process.acore/u0a1 for content provider com.android.providers.contacts/.VoicemailContentProvider
03-17 08:23:45.769  1661  1899 I ActivityManager: Start proc 5160:com.google.process.gapps/u0a50 for content provider com.google.android.syncadapters.contacts/.ProxyGalProvider
03-17 08:23:45.808  1661  2305 I ActivityManager: Killing 2777:com.android.providers.calendar/u0a6 (adj 906): empty #17
03-17 08:23:45.821  1661  1901 I ActivityManager: Start proc 5176:com.google.android.gm/u0a68 for content provider com.google.android.gm/com.android.exchange.provider.ExchangeDirectoryProvider
03-17 08:23:45.887  5176  5196 D ActivityThread: Loading provider com.google.android.gmail.provider;com.android.mail.notifier;com.google.android.gm.email.provider;com.google.android.gm.tasks.provider;com.google.android.gm.email.notifier: com.android.email.provider.EmailProvider
03-17 08:23:45.977  1661  2798 W ActivityManager: Unable to start service Intent { cmp=com.google.android.gm.exchange/com.android.exchange.service.EasService } U=0: not found
03-17 08:23:45.983  1661  3224 W ActivityManager: Unable to start service Intent { cmp=com.google.android.gm/com.android.email.service.AttachmentService } U=0: not found
03-17 08:23:45.998  1661  3224 W ActivityManager: Unable to start service Intent { cmp=com.google.android.gm.exchange/com.android.exchange.service.EasService } U=0: not found
03-17 08:23:46.020  1661  2285 I ActivityManager: Killing 3595:com.google.android.apps.photos/u0a65 (adj 906): empty #17
03-17 08:23:47.066  1661  1728 I ActivityManager: START u0 {act=android.intent.action.MAIN cat=[android.intent.category.HOME] flg=0x10200000 cmp=com.google.android.apps.nexuslauncher/.NexusLauncherActivity (has extras)} from uid 1000
03-17 08:23:47.451  1661  1661 W WindowManager: removeWindowToken: Attempted to remove non-existing token: android.os.Binder@48113c6
03-17 08:23:47.452  1661  1661 I ActivityManager: Killing 2496:com.google.android.partnersetup/u0a16 (adj 906): empty #17
03-17 08:23:48.046  1661  2272 D VoldConnector: SND -> {43 volume mkdirs /storage/emulated/0/Android/data/com.google.android.apps.docs/cache/}
03-17 08:23:48.047  1661  1731 D VoldConnector: RCV <- {200 43 Command succeeded}
03-17 08:23:48.806  2394  2495 E ActivityThread: Failed to find provider info for com.google.android.apps.gsa.testing.ui.audio.recorded
03-17 08:23:49.326  1661  1899 I ActivityManager: Killing 3652:com.google.android.configupdater/u0a3 (adj 906): empty #17
03-17 08:23:53.832  2394  2495 E ActivityThread: Failed to find provider info for com.google.android.apps.gsa.testing.ui.audio.recorded
03-18 02:41:55.315  1661  1661 D ConditionProviders.SCP: onReceive android.intent.action.TIME_SET
03-18 02:41:55.367  1661  1675 I ActivityManager: Start proc 5238:com.google.android.calendar/u0a42 for broadcast com.google.android.calendar/com.android.calendar.widget.CalendarAppWidgetProvider
03-18 02:41:55.396  1661  1661 D ConditionProviders.SCP: notifyCondition condition://android/schedule?days=6.7&start=23.30&end=10.0&exitAtAlarm=false STATE_TRUE reason=meetsSchedule
03-18 02:41:55.397  1661  1661 D ConditionProviders.SCP: notifyCondition condition://android/schedule?days=1.2.3.4.5&start=22.0&end=7.0&exitAtAlarm=false STATE_FALSE reason=!meetsSchedule
03-18 02:41:55.400  1661  1661 D ConditionProviders.SCP: Scheduling evaluate for Sat Mar 18 07:00:00 GMT+00:00 2023 (1679122800000), in +4h18m4s685ms, now=Sat Mar 18 02:41:55 GMT+00:00 2023 (1679107315315)
03-18 02:41:55.400  1661  1661 D ConditionProviders.SCP: onReceive ScheduleConditionProvider.EVALUATE
03-18 02:41:55.400  1661  1661 D ConditionProviders.SCP: notifyCondition condition://android/schedule?days=6.7&start=23.30&end=10.0&exitAtAlarm=false STATE_TRUE reason=meetsSchedule
03-18 02:41:55.400  1661  1661 D ConditionProviders.SCP: notifyCondition condition://android/schedule?days=1.2.3.4.5&start=22.0&end=7.0&exitAtAlarm=false STATE_FALSE reason=!meetsSchedule
03-18 02:41:55.400  1661  1661 D ConditionProviders.SCP: Scheduling evaluate for Sat Mar 18 07:00:00 GMT+00:00 2023 (1679122800000), in +4h18m4s600ms, now=Sat Mar 18 02:41:55 GMT+00:00 2023 (1679107315400)
03-18 02:41:55.436  1661  1773 I ActivityManager: Start proc 5252:com.android.providers.calendar/u0a6 for content provider com.android.providers.calendar/.CalendarProvider2
03-18 02:41:55.687  1661  1674 I UsageStatsService: Time changed in UsageStats by 65877 seconds
03-18 02:41:55.688  1661  1674 I UsageStatsService: User[0] Flushing usage stats to disk
03-18 02:41:55.712  1661  1674 I UsageStatsDatabase: Time changed by +18h17m57s896ms. files deleted: 0 files moved: 4
03-18 02:41:55.716  1661  1674 I UsageStatsService: User[0] Rollover scheduled @ 2023-03-19 02:40:18(1679193618298)
03-18 02:41:55.741  1661  1901 I ActivityManager: Start proc 5284:com.google.android.deskclock/u0a67 for broadcast com.google.android.deskclock/com.android.deskclock.AlarmInitReceiver
03-18 02:41:55.788  1661  2272 I ActivityManager: Killing 4000:com.google.android.apps.maps/u0a60 (adj 906): empty #17
03-18 02:41:56.783  2394  2495 E ActivityThread: Failed to find provider info for com.google.android.apps.gsa.testing.ui.audio.recorded
03-18 02:42:01.809  2394  2495 E ActivityThread: Failed to find provider info for com.google.android.apps.gsa.testing.ui.audio.recorded
03-18 02:42:04.622  1661  1675 W BroadcastQueue: Background execution not allowed: receiving Intent { act=android.intent.action.PACKAGE_ADDED dat=package:com.lotic.tasks flg=0x4000010 (has extras) } to com.android.vending/com.google.android.finsky.packagemonitor.impl.PackageMonitorReceiverImpl$RegisteredReceiver
03-18 02:42:04.646  1661  2948 W BroadcastQueue: Background execution not allowed: receiving Intent { act=android.intent.action.PACKAGE_ADDED dat=package:com.lotic.tasks flg=0x4000010 (has extras) } to com.google.android.googlequicksearchbox/com.google.android.apps.gsa.googlequicksearchbox.GelStubAppWatcher
03-18 02:42:04.677  1661  1661 I Telecom : DefaultDialerCache: Refreshing default dialer for user 0: now com.google.android.dialer: DDC.oR@AIA
03-18 02:42:06.813  2394  2495 E ActivityThread: Failed to find provider info for com.google.android.apps.gsa.testing.ui.audio.recorded
03-18 02:42:11.837  2394  2495 E ActivityThread: Failed to find provider info for com.google.android.apps.gsa.testing.ui.audio.recorded
03-18 02:42:14.866  1661  1725 W ActivityManager: Unable to start service Intent { act=com.google.android.gms.drive.ApiService.RESET_AFTER_BOOT flg=0x4 cmp=com.google.android.gms/.drive.api.ApiService (has extras) } U=0: not found
03-18 02:42:16.855  2394  2495 E ActivityThread: Failed to find provider info for com.google.android.apps.gsa.testing.ui.audio.recorded
03-18 02:42:17.496  1661  2272 I ActivityManager: START u0 {act=android.intent.action.MAIN cat=[android.intent.category.LAUNCHER] flg=0x10200000 cmp=com.lotic.tasks/.MainActivity bnds=[643,1456][849,1802]} from uid 10020
03-18 02:42:17.514  1661  3224 I ActivityManager: Start proc 5383:com.lotic.tasks/u0a84 for activity com.lotic.tasks/.MainActivity
03-18 02:42:17.523  1661  1675 I ActivityManager: Killing 2635:com.google.android.apps.messaging/u0a66 (adj 906): empty #17
03-18 02:42:17.525  1661  1675 I ActivityManager: Killing 2766:com.google.android.apps.messaging:rcs/u0a66 (adj 906): empty #18
03-18 02:42:17.549  1661  2305 W ActivityManager: Scheduling restart of crashed service com.google.android.apps.messaging/com.google.android.rcs.service.service.JibeService in 1000ms
03-18 02:42:21.004  1661  1785 E TaskPersister: File error accessing recents directory (directory doesn't exist?).
03-18 02:42:34.725  1661  2272 I ActivityManager: Start proc 5454:com.google.android.gms.ui/u0a13 for service com.google.android.gms/.chimera.UiIntentOperationService
03-18 02:42:35.789  1661  1687 W PackageParser: Unknown element under <manifest>: attribution at /data/app/vmdl2014124072.tmp/base.apk Binary XML file line #475
03-18 02:42:35.789  1661  1687 W PackageParser: Unknown element under <manifest>: attribution at /data/app/vmdl2014124072.tmp/base.apk Binary XML file line #482
03-18 02:42:35.789  1661  1687 W PackageParser: Unknown element under <manifest>: attribution at /data/app/vmdl2014124072.tmp/base.apk Binary XML file line #495
03-18 02:42:35.789  1661  1687 W PackageParser: Unknown element under <manifest>: attribution at /data/app/vmdl2014124072.tmp/base.apk Binary XML file line #498
03-18 02:42:35.789  1661  1687 W PackageParser: Unknown element under <manifest>: attribution at /data/app/vmdl2014124072.tmp/base.apk Binary XML file line #501
03-18 02:42:35.789  1661  1687 W PackageParser: Unknown element under <manifest>: attribution at /data/app/vmdl2014124072.tmp/base.apk Binary XML file line #504
03-18 02:42:35.790  1661  1687 W PackageParser: Unknown element under <manifest>: attribution at /data/app/vmdl2014124072.tmp/base.apk Binary XML file line #507
03-18 02:42:35.790  1661  1687 W PackageParser: Unknown element under <manifest>: attribution at /data/app/vmdl2014124072.tmp/base.apk Binary XML file line #510
03-18 02:42:35.790  1661  1687 W PackageParser: Unknown element under <manifest>: attribution at /data/app/vmdl2014124072.tmp/base.apk Binary XML file line #513
03-18 02:42:35.790  1661  1687 W PackageParser: Unknown element under <manifest>: attribution at /data/app/vmdl2014124072.tmp/base.apk Binary XML file line #516
03-18 02:42:35.790  1661  1687 W PackageParser: Unknown element under <manifest>: attribution at /data/app/vmdl2014124072.tmp/base.apk Binary XML file line #519
03-18 02:42:35.790  1661  1687 W PackageParser: Unknown element under <manifest>: attribution at /data/app/vmdl2014124072.tmp/base.apk Binary XML file line #522
03-18 02:42:35.790  1661  1687 W PackageParser: Unknown element under <manifest>: attribution at /data/app/vmdl2014124072.tmp/base.apk Binary XML file line #525
03-18 02:42:35.790  1661  1687 W PackageParser: Unknown element under <manifest>: attribution at /data/app/vmdl2014124072.tmp/base.apk Binary XML file line #528
03-18 02:42:35.790  1661  1687 W PackageParser: Unknown element under <manifest>: attribution at /data/app/vmdl2014124072.tmp/base.apk Binary XML file line #531
03-18 02:42:35.790  1661  1687 W PackageParser: Unknown element under <manifest>: attribution at /data/app/vmdl2014124072.tmp/base.apk Binary XML file line #534
03-18 02:42:35.790  1661  1687 W PackageParser: Unknown element under <manifest>: attribution at /data/app/vmdl2014124072.tmp/base.apk Binary XML file line #537
03-18 02:42:35.790  1661  1687 W PackageParser: Unknown element under <manifest>: attribution at /data/app/vmdl2014124072.tmp/base.apk Binary XML file line #540
03-18 02:42:35.790  1661  1687 W PackageParser: Unknown element under <manifest>: attribution at /data/app/vmdl2014124072.tmp/base.apk Binary XML file line #543
03-18 02:42:35.790  1661  1687 W PackageParser: Unknown element under <manifest>: attribution at /data/app/vmdl2014124072.tmp/base.apk Binary XML file line #546
03-18 02:42:35.790  1661  1687 W PackageParser: Unknown element under <manifest>: attribution at /data/app/vmdl2014124072.tmp/base.apk Binary XML file line #549
03-18 02:42:35.790  1661  1687 W PackageParser: Unknown element under <manifest>: attribution at /data/app/vmdl2014124072.tmp/base.apk Binary XML file line #552
03-18 02:42:35.790  1661  1687 W PackageParser: Unknown element under <manifest>: attribution at /data/app/vmdl2014124072.tmp/base.apk Binary XML file line #555
03-18 02:42:35.790  1661  1687 W PackageParser: Unknown element under <manifest>: attribution at /data/app/vmdl2014124072.tmp/base.apk Binary XML file line #558
03-18 02:42:35.790  1661  1687 W PackageParser: Unknown element under <manifest>: attribution at /data/app/vmdl2014124072.tmp/base.apk Binary XML file line #561
03-18 02:42:35.790  1661  1687 W PackageParser: Unknown element under <manifest>: attribution at /data/app/vmdl2014124072.tmp/base.apk Binary XML file line #564
03-18 02:42:35.790  1661  1687 W PackageParser: Unknown element under <manifest>: attribution at /data/app/vmdl2014124072.tmp/base.apk Binary XML file line #567
03-18 02:42:35.790  1661  1687 W PackageParser: Unknown element under <manifest>: attribution at /data/app/vmdl2014124072.tmp/base.apk Binary XML file line #570
03-18 02:42:35.790  1661  1687 W PackageParser: Unknown element under <manifest>: attribution at /data/app/vmdl2014124072.tmp/base.apk Binary XML file line #573
03-18 02:42:35.790  1661  1687 W PackageParser: Unknown element under <manifest>: attribution at /data/app/vmdl2014124072.tmp/base.apk Binary XML file line #576
03-18 02:42:35.790  1661  1687 W PackageParser: Unknown element under <manifest>: attribution at /data/app/vmdl2014124072.tmp/base.apk Binary XML file line #579
03-18 02:42:35.790  1661  1687 W PackageParser: Unknown element under <manifest>: attribution at /data/app/vmdl2014124072.tmp/base.apk Binary XML file line #582
03-18 02:42:35.790  1661  1687 W PackageParser: Unknown element under <manifest>: attribution at /data/app/vmdl2014124072.tmp/base.apk Binary XML file line #585
03-18 02:42:35.790  1661  1687 W PackageParser: Unknown element under <manifest>: attribution at /data/app/vmdl2014124072.tmp/base.apk Binary XML file line #588
03-18 02:42:35.790  1661  1687 W PackageParser: Unknown element under <manifest>: attribution at /data/app/vmdl2014124072.tmp/base.apk Binary XML file line #591
03-18 02:42:35.790  1661  1687 W PackageParser: Unknown element under <manifest>: attribution at /data/app/vmdl2014124072.tmp/base.apk Binary XML file line #594
03-18 02:42:35.790  1661  1687 W PackageParser: Unknown element under <manifest>: attribution at /data/app/vmdl2014124072.tmp/base.apk Binary XML file line #597
03-18 02:42:35.790  1661  1687 W PackageParser: Unknown element under <manifest>: attribution at /data/app/vmdl2014124072.tmp/base.apk Binary XML file line #600
03-18 02:42:35.790  1661  1687 W PackageParser: Unknown element under <manifest>: attribution at /data/app/vmdl2014124072.tmp/base.apk Binary XML file line #603
03-18 02:42:35.790  1661  1687 W PackageParser: Unknown element under <manifest>: attribution at /data/app/vmdl2014124072.tmp/base.apk Binary XML file line #606
03-18 02:42:35.790  1661  1687 W PackageParser: Unknown element under <manifest>: attribution at /data/app/vmdl2014124072.tmp/base.apk Binary XML file line #609
03-18 02:42:35.790  1661  1687 W PackageParser: Unknown element under <manifest>: attribution at /data/app/vmdl2014124072.tmp/base.apk Binary XML file line #612
03-18 02:42:35.790  1661  1687 W PackageParser: Unknown element under <manifest>: attribution at /data/app/vmdl2014124072.tmp/base.apk Binary XML file line #615
03-18 02:42:35.790  1661  1687 W PackageParser: Unknown element under <manifest>: attribution at /data/app/vmdl2014124072.tmp/base.apk Binary XML file line #618
03-18 02:42:35.790  1661  1687 W PackageParser: Unknown element under <manifest>: attribution at /data/app/vmdl2014124072.tmp/base.apk Binary XML file line #621
03-18 02:42:35.790  1661  1687 W PackageParser: Unknown element under <manifest>: attribution at /data/app/vmdl2014124072.tmp/base.apk Binary XML file line #624
03-18 02:42:35.790  1661  1687 W PackageParser: Unknown element under <manifest>: attribution at /data/app/vmdl2014124072.tmp/base.apk Binary XML file line #627
03-18 02:42:35.790  1661  1687 W PackageParser: Unknown element under <manifest>: attribution at /data/app/vmdl2014124072.tmp/base.apk Binary XML file line #630
03-18 02:42:35.790  1661  1687 W PackageParser: Unknown element under <manifest>: attribution at /data/app/vmdl2014124072.tmp/base.apk Binary XML file line #633
03-18 02:42:35.790  1661  1687 W PackageParser: Unknown element under <manifest>: attribution at /data/app/vmdl2014124072.tmp/base.apk Binary XML file line #636
03-18 02:42:35.790  1661  1687 W PackageParser: Unknown element under <manifest>: attribution at /data/app/vmdl2014124072.tmp/base.apk Binary XML file line #639
03-18 02:42:35.790  1661  1687 W PackageParser: Unknown element under <manifest>: attribution at /data/app/vmdl2014124072.tmp/base.apk Binary XML file line #642
03-18 02:42:35.790  1661  1687 W PackageParser: Unknown element under <manifest>: attribution at /data/app/vmdl2014124072.tmp/base.apk Binary XML file line #645
03-18 02:42:35.790  1661  1687 W PackageParser: Unknown element under <manifest>: attribution at /data/app/vmdl2014124072.tmp/base.apk Binary XML file line #648
03-18 02:42:35.790  1661  1687 W PackageParser: Unknown element under <manifest>: attribution at /data/app/vmdl2014124072.tmp/base.apk Binary XML file line #651
03-18 02:42:35.790  1661  1687 W PackageParser: Unknown element under <manifest>: attribution at /data/app/vmdl2014124072.tmp/base.apk Binary XML file line #654
03-18 02:42:35.790  1661  1687 W PackageParser: Unknown element under <manifest>: attribution at /data/app/vmdl2014124072.tmp/base.apk Binary XML file line #657
03-18 02:42:35.790  1661  1687 W PackageParser: Unknown element under <manifest>: attribution at /data/app/vmdl2014124072.tmp/base.apk Binary XML file line #660
03-18 02:42:35.790  1661  1687 W PackageParser: Unknown element under <manifest>: attribution at /data/app/vmdl2014124072.tmp/base.apk Binary XML file line #663
03-18 02:42:35.790  1661  1687 W PackageParser: Unknown element under <manifest>: attribution at /data/app/vmdl2014124072.tmp/base.apk Binary XML file line #666
03-18 02:42:35.790  1661  1687 W PackageParser: Unknown element under <manifest>: attribution at /data/app/vmdl2014124072.tmp/base.apk Binary XML file line #669
03-18 02:42:35.790  1661  1687 W PackageParser: Unknown element under <manifest>: attribution at /data/app/vmdl2014124072.tmp/base.apk Binary XML file line #672
03-18 02:42:35.790  1661  1687 W PackageParser: Unknown element under <manifest>: attribution at /data/app/vmdl2014124072.tmp/base.apk Binary XML file line #675
03-18 02:42:35.790  1661  1687 W PackageParser: Unknown element under <manifest>: attribution at /data/app/vmdl2014124072.tmp/base.apk Binary XML file line #678
03-18 02:42:35.790  1661  1687 W PackageParser: Unknown element under <manifest>: attribution at /data/app/vmdl2014124072.tmp/base.apk Binary XML file line #681
03-18 02:42:35.790  1661  1687 W PackageParser: Unknown element under <manifest>: attribution at /data/app/vmdl2014124072.tmp/base.apk Binary XML file line #684
03-18 02:42:35.790  1661  1687 W PackageParser: Unknown element under <manifest>: attribution at /data/app/vmdl2014124072.tmp/base.apk Binary XML file line #687
03-18 02:42:35.790  1661  1687 W PackageParser: Unknown element under <manifest>: attribution at /data/app/vmdl2014124072.tmp/base.apk Binary XML file line #690
03-18 02:42:35.790  1661  1687 W PackageParser: Unknown element under <manifest>: attribution at /data/app/vmdl2014124072.tmp/base.apk Binary XML file line #693
03-18 02:42:35.790  1661  1687 W PackageParser: Unknown element under <manifest>: attribution at /data/app/vmdl2014124072.tmp/base.apk Binary XML file line #696
03-18 02:42:35.790  1661  1687 W PackageParser: Unknown element under <manifest>: attribution at /data/app/vmdl2014124072.tmp/base.apk Binary XML file line #699
03-18 02:42:35.790  1661  1687 W PackageParser: Unknown element under <manifest>: attribution at /data/app/vmdl2014124072.tmp/base.apk Binary XML file line #702
03-18 02:42:35.790  1661  1687 W PackageParser: Unknown element under <manifest>: attribution at /data/app/vmdl2014124072.tmp/base.apk Binary XML file line #705
03-18 02:42:35.790  1661  1687 W PackageParser: Unknown element under <manifest>: attribution at /data/app/vmdl2014124072.tmp/base.apk Binary XML file line #708
03-18 02:42:35.790  1661  1687 W PackageParser: Unknown element under <manifest>: attribution at /data/app/vmdl2014124072.tmp/base.apk Binary XML file line #711
03-18 02:42:35.790  1661  1687 W PackageParser: Unknown element under <manifest>: attribution at /data/app/vmdl2014124072.tmp/base.apk Binary XML file line #714
03-18 02:42:35.790  1661  1687 W PackageParser: Unknown element under <manifest>: attribution at /data/app/vmdl2014124072.tmp/base.apk Binary XML file line #717
03-18 02:42:35.790  1661  1687 W PackageParser: Unknown element under <manifest>: attribution at /data/app/vmdl2014124072.tmp/base.apk Binary XML file line #720
03-18 02:42:35.790  1661  1687 W PackageParser: Unknown element under <manifest>: attribution at /data/app/vmdl2014124072.tmp/base.apk Binary XML file line #723
03-18 02:42:35.790  1661  1687 W PackageParser: Unknown element under <manifest>: attribution at /data/app/vmdl2014124072.tmp/base.apk Binary XML file line #726
03-18 02:42:35.790  1661  1687 W PackageParser: Unknown element under <manifest>: attribution at /data/app/vmdl2014124072.tmp/base.apk Binary XML file line #729
03-18 02:42:35.790  1661  1687 W PackageParser: Unknown element under <manifest>: attribution at /data/app/vmdl2014124072.tmp/base.apk Binary XML file line #732
03-18 02:42:35.790  1661  1687 W PackageParser: Unknown element under <manifest>: attribution at /data/app/vmdl2014124072.tmp/base.apk Binary XML file line #735
03-18 02:42:35.790  1661  1687 W PackageParser: Unknown element under <manifest>: attribution at /data/app/vmdl2014124072.tmp/base.apk Binary XML file line #738
03-18 02:42:35.790  1661  1687 W PackageParser: Unknown element under <manifest>: attribution at /data/app/vmdl2014124072.tmp/base.apk Binary XML file line #741
03-18 02:42:35.790  1661  1687 W PackageParser: Unknown element under <manifest>: attribution at /data/app/vmdl2014124072.tmp/base.apk Binary XML file line #744
03-18 02:42:35.790  1661  1687 W PackageParser: Unknown element under <manifest>: attribution at /data/app/vmdl2014124072.tmp/base.apk Binary XML file line #747
03-18 02:42:35.790  1661  1687 W PackageParser: Unknown element under <manifest>: attribution at /data/app/vmdl2014124072.tmp/base.apk Binary XML file line #750
03-18 02:42:35.790  1661  1687 W PackageParser: Unknown element under <manifest>: attribution at /data/app/vmdl2014124072.tmp/base.apk Binary XML file line #753
03-18 02:42:35.790  1661  1687 W PackageParser: Unknown element under <manifest>: attribution at /data/app/vmdl2014124072.tmp/base.apk Binary XML file line #756
03-18 02:42:35.790  1661  1687 W PackageParser: Unknown element under <manifest>: attribution at /data/app/vmdl2014124072.tmp/base.apk Binary XML file line #759
03-18 02:42:35.790  1661  1687 W PackageParser: Unknown element under <manifest>: attribution at /data/app/vmdl2014124072.tmp/base.apk Binary XML file line #762
03-18 02:42:35.790  1661  1687 W PackageParser: Unknown element under <manifest>: attribution at /data/app/vmdl2014124072.tmp/base.apk Binary XML file line #765
03-18 02:42:35.790  1661  1687 W PackageParser: Unknown element under <manifest>: attribution at /data/app/vmdl2014124072.tmp/base.apk Binary XML file line #768
03-18 02:42:35.790  1661  1687 W PackageParser: Unknown element under <manifest>: attribution at /data/app/vmdl2014124072.tmp/base.apk Binary XML file line #771
03-18 02:42:35.794  1661  1687 W PackageParser: No actions in intent filter at /data/app/vmdl2014124072.tmp/base.apk Binary XML file line #2500
03-18 02:42:35.801  1661  1687 W PackageParser: Unknown element under <application>: uses-native-library at /data/app/vmdl2014124072.tmp/base.apk Binary XML file line #7124
03-18 02:42:35.801  1661  1687 W PackageParser: Unknown element under <application>: uses-native-library at /data/app/vmdl2014124072.tmp/base.apk Binary XML file line #7127
03-18 02:42:35.801  1661  1687 W PackageParser: Unknown element under <application>: uses-native-library at /data/app/vmdl2014124072.tmp/base.apk Binary XML file line #7130
03-18 02:42:35.802  1661  1687 W PackageManager: Package com.google.android.googlequicksearchbox attempting to redeclare system permission com.android.launcher.permission.INSTALL_SHORTCUT; ignoring new declaration
03-19 23:00:16.152  1661  1661 D ConditionProviders.SCP: onReceive android.intent.action.TIME_SET
03-19 23:00:16.167  1661  1725 W ActivityManager: Unable to start service Intent { flg=0x4 cmp=com.android.vending/com.google.android.finsky.hygiene.DailyHygiene$DailyHygieneService (has extras) } U=0: not found
03-19 23:00:16.185  1661  1661 D ConditionProviders.SCP: notifyCondition condition://android/schedule?days=6.7&start=23.30&end=10.0&exitAtAlarm=false STATE_FALSE reason=!meetsSchedule
03-19 23:00:16.197  1661  1661 D ConditionProviders.SCP: notifyCondition condition://android/schedule?days=1.2.3.4.5&start=22.0&end=7.0&exitAtAlarm=false STATE_TRUE reason=meetsSchedule
03-19 23:00:16.200  1661  1661 D ConditionProviders.SCP: Scheduling evaluate for Sun Mar 19 23:30:00 GMT+00:00 2023 (1679268600000), in +29m43s848ms, now=Sun Mar 19 23:00:16 GMT+00:00 2023 (1679266816152)
03-19 23:00:16.201  1661  1661 D ConditionProviders.SCP: onReceive ScheduleConditionProvider.EVALUATE
03-19 23:00:16.201  1661  1661 D ConditionProviders.SCP: notifyCondition condition://android/schedule?days=6.7&start=23.30&end=10.0&exitAtAlarm=false STATE_FALSE reason=!meetsSchedule
03-19 23:00:16.201  1661  1661 D ConditionProviders.SCP: notifyCondition condition://android/schedule?days=1.2.3.4.5&start=22.0&end=7.0&exitAtAlarm=false STATE_TRUE reason=meetsSchedule
03-19 23:00:16.201  1661  1661 D ConditionProviders.SCP: Scheduling evaluate for Sun Mar 19 23:30:00 GMT+00:00 2023 (1679268600000), in +29m43s799ms, now=Sun Mar 19 23:00:16 GMT+00:00 2023 (1679266816201)
03-19 23:00:16.205  1661  1674 I UsageStatsService: Time changed in UsageStats by 159450 seconds
03-19 23:00:16.209  1661  1674 I UsageStatsService: User[0] Flushing usage stats to disk
03-19 23:00:16.222  1661  1674 I UsageStatsDatabase: Time changed by +1d20h17m30s741ms. files deleted: 0 files moved: 4
03-19 23:00:16.226  1661  1674 I UsageStatsService: User[0] Rollover scheduled @ 2023-03-20 22:57:49(1679353069039)
03-19 23:00:17.692  1661  1728 I ActivityManager: START u0 {act=android.intent.action.MAIN cat=[android.intent.category.HOME] flg=0x10200000 cmp=com.google.android.apps.nexuslauncher/.NexusLauncherActivity (has extras)} from uid 1000
03-19 23:00:18.131  2394  2495 E ActivityThread: Failed to find provider info for com.google.android.apps.gsa.testing.ui.audio.recorded
03-19 23:00:18.590  1661  2285 I ActivityManager: START u0 {flg=0x10804000 cmp=com.android.systemui/.recents.RecentsActivity} from uid 10028
03-19 23:00:20.803  1661  1901 I ActivityManager: Killing 5383:com.lotic.tasks/u0a84 (adj 900): remove task
03-19 23:00:20.804  1661  2272 I ActivityManager: START u0 {act=android.intent.action.MAIN cat=[android.intent.category.HOME] flg=0x10200000 cmp=com.google.android.apps.nexuslauncher/.NexusLauncherActivity} from uid 10028
03-19 23:00:20.822  1661  1785 E TaskPersister: File error accessing recents directory (directory doesn't exist?).
03-19 23:00:20.897  1661  2948 I WindowManager: WIN DEATH: Window{e14b950 u0 Pop-Up Window}
03-19 23:00:20.898  1661  1901 I WindowManager: WIN DEATH: Window{b879b3f u0 com.lotic.tasks/com.lotic.tasks.MainActivity}
03-19 23:00:20.906  1661  1682 W ActivityManager: setHasOverlayUi called on unknown pid: 5383
03-19 23:00:20.924  2394  2479 E ActivityThread: Failed to find provider info for com.google.android.apps.gsa.testing.ui.audio.recorded
03-19 23:00:21.381  1661  1675 I ActivityManager: Force stopping com.google.android.googlequicksearchbox appid=10030 user=-1: installPackageLI
03-19 23:00:21.381  1661  1675 I ActivityManager: Killing 2394:com.google.android.googlequicksearchbox:search/u0a30 (adj 0): stop com.google.android.googlequicksearchbox
03-19 23:00:21.382  1661  1675 W ActivityManager: Scheduling restart of crashed service com.google.android.googlequicksearchbox/com.google.android.apps.gsa.nowoverlayservice.DrawerOverlayService in 1000ms
03-19 23:00:21.382  1661  1675 W ActivityManager: Scheduling restart of crashed service com.google.android.googlequicksearchbox/com.google.android.apps.gsa.search.core.service.SearchService in 11000ms
03-19 23:00:21.390  1661  1675 I ActivityManager: Killing 2260:com.google.android.googlequicksearchbox:interactor/u0a30 (adj 100): stop com.google.android.googlequicksearchbox
03-19 23:00:21.390  1661  1675 W ActivityManager: Scheduling restart of crashed service com.google.android.googlequicksearchbox/com.google.android.voiceinteraction.GsaVoiceInteractionService in 20992ms
03-19 23:00:21.391  1661  1675 I ActivityManager:   Force stopping service ServiceRecord{43f3b86 u0 com.google.android.googlequicksearchbox/com.google.android.voiceinteraction.GsaVoiceInteractionService}
03-19 23:00:21.391  1661  1675 I ActivityManager:   Force stopping service ServiceRecord{9511aac u0 com.google.android.googlequicksearchbox/com.google.android.apps.gsa.search.core.service.SearchService}
03-19 23:00:21.391  1661  1675 I ActivityManager:   Force stopping service ServiceRecord{abe7351 u0 com.google.android.googlequicksearchbox/com.google.android.apps.gsa.nowoverlayservice.DrawerOverlayService}
03-19 23:00:21.398  1661  1671 D ConnectivityService: ConnectivityService NetworkRequestInfo binderDied(NetworkRequest [ LISTEN id=6, [ Capabilities: INTERNET&NOT_RESTRICTED&TRUSTED] ], android.os.BinderProxy@9fd0eb3)
03-19 23:00:21.400  1661  1901 I WindowManager: WIN DEATH: Window{bf35ec8 u0 com.google.android.apps.nexuslauncher/com.google.android.apps.nexuslauncher.NexusLauncherActivity}
03-19 23:00:21.404  1661  1682 W ActivityManager: setHasOverlayUi called on unknown pid: 2394
03-19 23:00:21.411  1661  1767 E ConnectivityService: RemoteException caught trying to send a callback msg for NetworkRequest [ LISTEN id=6, [ Capabilities: INTERNET&NOT_RESTRICTED&TRUSTED] ]
03-19 23:00:21.439  1661  1687 W PackageManager: Trying to update system app code path from /system/priv-app/Velvet to /data/app/com.google.android.googlequicksearchbox-egYaaKr2uBLo-zGUj1Pb6Q==
03-19 23:00:21.440  1661  1687 W PackageManager: Code path for com.google.android.googlequicksearchbox changing from /system/priv-app/Velvet to /data/app/com.google.android.googlequicksearchbox-egYaaKr2uBLo-zGUj1Pb6Q==
03-19 23:00:21.440  1661  1687 W PackageManager: Resource path for com.google.android.googlequicksearchbox changing from /system/priv-app/Velvet to /data/app/com.google.android.googlequicksearchbox-egYaaKr2uBLo-zGUj1Pb6Q==
03-19 23:00:21.541  1661  1687 I ActivityManager: Force stopping com.google.android.googlequicksearchbox appid=10030 user=0: pkg removed
03-19 23:00:21.568  1661  1675 W BroadcastQueue: Background execution not allowed: receiving Intent { act=android.intent.action.PACKAGE_REMOVED dat=package:com.google.android.googlequicksearchbox flg=0x4000010 (has extras) } to com.android.vending/com.google.android.finsky.packagemonitor.impl.PackageMonitorReceiverImpl$RegisteredReceiver
03-19 23:00:21.571  1661  1675 W BroadcastQueue: Background execution not allowed: receiving Intent { act=android.intent.action.PACKAGE_REMOVED dat=package:com.google.android.googlequicksearchbox flg=0x4000010 (has extras) } to com.android.vending/com.google.android.finsky.instantapps.appmanagement.InstantAppRemoveMonitor
03-19 23:00:21.637  1661  2272 I ActivityManager: Start proc 5529:com.google.android.googlequicksearchbox:search/u0a30 for broadcast com.google.android.googlequicksearchbox/com.google.android.apps.gsa.broadcastreceiver.external.PixelLauncherBroadcastReceiver
03-19 23:00:21.672  1661  2948 W BroadcastQueue: Background execution not allowed: receiving Intent { act=android.intent.action.PACKAGE_REMOVED dat=package:com.google.android.googlequicksearchbox flg=0x4000010 (has extras) } to com.google.android.googlequicksearchbox/com.google.android.apps.gsa.googlequicksearchbox.GelStubAppWatcher
03-19 23:00:21.672  1661  1675 W BroadcastQueue: Background execution not allowed: receiving Intent { act=android.intent.action.PACKAGE_ADDED dat=package:com.google.android.googlequicksearchbox flg=0x4000010 (has extras) } to com.android.vending/com.google.android.finsky.packagemonitor.impl.PackageMonitorReceiverImpl$RegisteredReceiver
03-19 23:00:21.689  1661  1899 W BroadcastQueue: Background execution not allowed: receiving Intent { act=android.intent.action.PACKAGE_REPLACED dat=package:com.google.android.googlequicksearchbox flg=0x4000010 (has extras) } to com.google.android.apps.photos/.backgroundsignin.BackgroundSignInBroadcastReceiver
03-19 23:00:21.690  1661  1675 W BroadcastQueue: Background execution not allowed: receiving Intent { act=android.intent.action.PACKAGE_REPLACED dat=package:com.google.android.googlequicksearchbox flg=0x4000010 (has extras) } to com.google.android.apps.photos/.experiments.phenotype.full.PhenotypeAppUpgradeBroadcastReceiver
03-19 23:00:21.690  1661  1675 W BroadcastQueue: Background execution not allowed: receiving Intent { act=android.intent.action.PACKAGE_REPLACED dat=package:com.google.android.googlequicksearchbox flg=0x4000010 (has extras) } to com.google.android.apps.photos/.notificationchannels.AppUpdateBroadcastReceiver
03-19 23:00:21.695  1661  1671 W BroadcastQueue: Background execution not allowed: receiving Intent { act=android.intent.action.PACKAGE_REPLACED dat=package:com.google.android.googlequicksearchbox flg=0x4000010 (has extras) } to com.google.android.googlequicksearchbox/com.google.android.apps.gsa.googlequicksearchbox.GelStubAppWatcher
03-19 23:00:21.922  1661  1661 I Telecom : DefaultDialerCache: Refreshing default dialer for user 0: now com.google.android.dialer: DDC.oR@AJA
03-19 23:00:22.992  1661  2948 E NotificationService: Suppressing notification from package by user request.
03-19 23:00:23.086  1661  1674 I ActivityManager: Start proc 5641:com.google.android.googlequicksearchbox:interactor/u0a30 for service com.google.android.googlequicksearchbox/com.google.android.voiceinteraction.GsaVoiceInteractionService
03-19 23:00:23.419  1661  2946 D ConnectivityService: requestNetwork for uid/pid:10030/5529 NetworkRequest [ TRACK_DEFAULT id=10, [ Capabilities: INTERNET&NOT_RESTRICTED&TRUSTED&NOT_VPN] ]
03-19 23:00:23.910  1661  1785 E TaskPersister: File error accessing recents directory (directory doesn't exist?).
03-19 23:00:25.250  1661  3224 I ActivityManager: Start proc 5722:com.android.chrome/u0a44 for service com.android.chrome/org.chromium.chrome.browser.customtabs.CustomTabsConnectionService
03-19 23:00:25.675  1661  1676 W Looper  : Dispatch took 281ms on android.ui, h=Handler (com.android.server.am.ActivityManagerService$UiHandler) {5286396} cb=null msg=53
03-19 23:00:26.110  1661  1671 W ActivityManager: Unable to start service Intent { act=com.google.firebase.INSTANCE_ID_EVENT pkg=com.android.chrome (has extras) } U=0: not found
03-19 23:00:27.361  5641  5641 W KeyphraseEnrollmentInfo: No Enrollment application supports the given keyphrase/locale
03-19 23:00:27.505  1661  1901 I ActivityManager: START u0 {act=android.intent.action.DELETE dat=package:com.lotic.tasks flg=0x10800000 cmp=com.google.android.packageinstaller/com.android.packageinstaller.UninstallerActivity (has extras)} from uid 10020
03-19 23:00:29.359  1661  1675 I ActivityManager: Force stopping com.lotic.tasks appid=10084 user=0: deletePackageX
03-19 23:00:29.837  1661  1687 I ActivityManager: Force stopping com.lotic.tasks appid=10084 user=0: pkg removed
03-19 23:00:29.872  1661  1899 W BroadcastQueue: Background execution not allowed: receiving Intent { act=android.intent.action.PACKAGE_REMOVED dat=package:com.lotic.tasks flg=0x4000010 (has extras) } to com.android.vending/com.google.android.finsky.packagemonitor.impl.PackageMonitorReceiverImpl$RegisteredReceiver
03-19 23:00:29.878  1661  1675 W BroadcastQueue: Background execution not allowed: receiving Intent { act=android.intent.action.PACKAGE_REMOVED dat=package:com.lotic.tasks flg=0x4000010 (has extras) } to com.android.vending/com.google.android.finsky.instantapps.appmanagement.InstantAppRemoveMonitor
03-19 23:00:29.937  1661  2305 W BroadcastQueue: Background execution not allowed: receiving Intent { act=android.intent.action.PACKAGE_REMOVED dat=package:com.lotic.tasks flg=0x4000010 (has extras) } to com.google.android.googlequicksearchbox/com.google.android.apps.gsa.googlequicksearchbox.GelStubAppWatcher
03-19 23:00:31.765  5641  5641 W KeyphraseEnrollmentInfo: No Enrollment application supports the given keyphrase/locale
03-19 23:00:32.692  1661  1661 I Telecom : DefaultDialerCache: Refreshing default dialer for user 0: now com.google.android.dialer: DDC.oR@AJM
03-19 23:00:34.009  1661  1661 D ConditionProviders.SCP: onReceive android.intent.action.TIME_SET
03-19 23:00:34.017  1661  1661 D ConditionProviders.SCP: notifyCondition condition://android/schedule?days=6.7&start=23.30&end=10.0&exitAtAlarm=false STATE_FALSE reason=!meetsSchedule
03-19 23:00:34.017  1661  1661 D ConditionProviders.SCP: notifyCondition condition://android/schedule?days=1.2.3.4.5&start=22.0&end=7.0&exitAtAlarm=false STATE_TRUE reason=meetsSchedule
03-19 23:00:34.018  1661  1661 D ConditionProviders.SCP: Scheduling evaluate for Sun Mar 19 23:30:00 GMT+00:00 2023 (1679268600000), in +29m25s991ms, now=Sun Mar 19 23:00:34 GMT+00:00 2023 (1679266834009)
03-19 23:00:34.561  1661  1661 W WindowManager: removeWindowToken: Attempted to remove non-existing token: android.os.Binder@cf11fe
03-19 23:00:38.042  1661  3224 I ActivityManager: Killing 5064:com.android.externalstorage/u0a9 (adj 906): empty #17
03-19 23:00:41.399  1661  1675 W BroadcastQueue: Background execution not allowed: receiving Intent { act=android.intent.action.PACKAGE_ADDED dat=package:com.lotic.tasks flg=0x4000010 (has extras) } to com.android.vending/com.google.android.finsky.packagemonitor.impl.PackageMonitorReceiverImpl$RegisteredReceiver
03-19 23:00:41.423  1661  2597 W BroadcastQueue: Background execution not allowed: receiving Intent { act=android.intent.action.PACKAGE_ADDED dat=package:com.lotic.tasks flg=0x4000010 (has extras) } to com.google.android.googlequicksearchbox/com.google.android.apps.gsa.googlequicksearchbox.GelStubAppWatcher
03-19 23:00:41.458  1661  1661 I Telecom : DefaultDialerCache: Refreshing default dialer for user 0: now com.google.android.dialer: DDC.oR@AJQ
03-19 23:00:44.658  1661  2946 I ActivityManager: START u0 {act=android.intent.action.MAIN cat=[android.intent.category.LAUNCHER] flg=0x10200000 cmp=com.lotic.tasks/.MainActivity bnds=[849,256][1055,602]} from uid 10020
03-19 23:00:44.686  1661  2305 I ActivityManager: Start proc 5865:com.lotic.tasks/u0a85 for activity com.lotic.tasks/.MainActivity
03-19 23:00:45.578  1661  2285 D ConnectivityService: requestNetwork for uid/pid:10030/5529 NetworkRequest [ REQUEST id=12, [ Transports: CELLULAR Capabilities: INTERNET&NOT_RESTRICTED&TRUSTED&NOT_VPN] ]
03-19 23:00:45.578  1661  2948 D ConnectivityService: reportNetworkConnectivity(101, false) by 10030
03-19 23:00:48.171  1661  1785 E TaskPersister: File error accessing recents directory (directory doesn't exist?).
03-19 23:00:49.864  1661  1899 I ActivityManager: Killing 5084:com.android.mtp/u0a11 (adj 906): empty #17
03-19 23:00:54.625  1661  1675 I ActivityManager: Killing 5176:com.google.android.gm/u0a68 (adj 906): empty #17
03-19 23:00:54.625  1661  1675 I ActivityManager: Killing 5160:com.google.process.gapps/u0a50 (adj 906): empty #18
03-19 23:00:55.615  1661  1678 E BatteryStatsService: modem info is invalid: ModemActivityInfo{ mTimestamp=0 mSleepTimeMs=0 mIdleTimeMs=0 mTxTimeMs[]=[0, 0, 0, 0, 0] mRxTimeMs=0 mEnergyUsed=0}
03-19 23:00:55.623  1661  1767 D ConnectivityService: NetworkAgentInfo [WIFI () - 101] validation failed
03-19 23:00:55.624  1661  1767 D ConnectivityService: Switching to new default network: NetworkAgentInfo{ ni{[type: MOBILE[LTE], state: CONNECTED/CONNECTED, reason: connected, extra: epc.tmobile.com, failover: false, available: true, roaming: false, metered: true]}  network{100}  nethandle{429513165534}  lp{{InterfaceName: radio0 LinkAddresses: [192.168.200.2/24,]  Routes: [0.0.0.0/0 -> 192.168.200.1 radio0,] DnsAddresses: [10.0.2.3,] Domains: null MTU: 1500 TcpBufferSizes: 524288,1048576,2097152,262144,524288,1048576}}  nc{[ Transports: CELLULAR Capabilities: MMS&SUPL&FOTA&IMS&CBS&IA&INTERNET&NOT_RESTRICTED&TRUSTED&NOT_VPN&VALIDATED&FOREGROUND LinkUpBandwidth>=51200Kbps LinkDnBandwidth>=102400Kbps Specifier: <1>]}  Score{50}  everValidated{true}  lastValidated{true}  created{true} lingering{false} explicitlySelected{false} acceptUnvalidated{false} everCaptivePortalDetected{false} lastCaptivePortalDetected{false} }
03-19 23:00:55.630  1661  1767 D ConnectivityService: Sending DISCONNECTED broadcast for type 1 NetworkAgentInfo [WIFI () - 101] isDefaultNetwork=true
03-19 23:00:55.633  1661  1767 D ConnectivityService: Sending CONNECTED broadcast for type 0 NetworkAgentInfo [MOBILE (LTE) - 100] isDefaultNetwork=true
03-19 23:00:55.646  1661  1767 D ConnectivityService: handleNetworkUnvalidated NetworkAgentInfo [WIFI () - 101] cap=[ Transports: WIFI Capabilities: NOT_METERED&INTERNET&NOT_RESTRICTED&TRUSTED&NOT_VPN&FOREGROUND LinkUpBandwidth>=1048576Kbps LinkDnBandwidth>=1048576Kbps SignalStrength: -50]
03-19 23:00:56.732  1661  1767 D ConnectivityService: NetworkAgentInfo [WIFI () - 101] validation passed
03-19 23:00:56.732  1661  1767 D ConnectivityService: Switching to new default network: NetworkAgentInfo{ ni{[type: WIFI[], state: CONNECTED/CONNECTED, reason: (unspecified), extra: "AndroidWifi", failover: false, available: true, roaming: false, metered: false]}  network{101}  nethandle{433808132830}  lp{{InterfaceName: wlan0 LinkAddresses: [fe80::ff:fe44:5566/64,192.168.232.2/21,fec0::ff:fe44:5566/64,fec0::2ca8:70c3:2fe8:16b7/64,]  Routes: [fe80::/64 -> :: wlan0,::/0 -> fe80::ff:fe00:100 wlan0,fec0::/64 -> :: wlan0,192.168.232.0/21 -> 0.0.0.0 wlan0,0.0.0.0/0 -> 192.168.232.1 wlan0,] DnsAddresses: [10.0.2.3,] Domains: null MTU: 0 TcpBufferSizes: 524288,1048576,2097152,262144,524288,1048576}}  nc{[ Transports: WIFI Capabilities: NOT_METERED&INTERNET&NOT_RESTRICTED&TRUSTED&NOT_VPN&VALIDATED&FOREGROUND LinkUpBandwidth>=1048576Kbps LinkDnBandwidth>=1048576Kbps SignalStrength: -50]}  Score{60}  everValidated{true}  lastValidated{true}  created{true} lingering{false} explicitlySelected{false} acceptUnvalidated{false} everCaptivePortalDetected{false} lastCaptivePortalDetected{false} }
03-19 23:00:56.734  1661  1767 D ConnectivityService: Sending DISCONNECTED broadcast for type 0 NetworkAgentInfo [MOBILE (LTE) - 100] isDefaultNetwork=true
03-19 23:00:56.734  1661  1767 D ConnectivityService: Sending CONNECTED broadcast for type 1 NetworkAgentInfo [WIFI () - 101] isDefaultNetwork=true
03-19 23:01:01.959  1661  1687 W PackageParser: Unknown element under <manifest>: attribution at /data/app/vmdl1517312409.tmp/base.apk Binary XML file line #15
03-19 23:01:01.959  1661  1687 W PackageParser: Unknown element under <manifest>: attribution at /data/app/vmdl1517312409.tmp/base.apk Binary XML file line #18
03-19 23:01:01.959  1661  1687 W PackageParser: Unknown element under <manifest>: attribution at /data/app/vmdl1517312409.tmp/base.apk Binary XML file line #21
03-19 23:01:01.959  1661  1687 W PackageParser: Unknown element under <manifest>: attribution at /data/app/vmdl1517312409.tmp/base.apk Binary XML file line #24
03-19 23:01:01.959  1661  1687 W PackageParser: Unknown element under <manifest>: attribution at /data/app/vmdl1517312409.tmp/base.apk Binary XML file line #27
03-19 23:01:01.959  1661  1687 W PackageParser: Unknown element under <manifest>: attribution at /data/app/vmdl1517312409.tmp/base.apk Binary XML file line #30
03-19 23:01:01.959  1661  1687 W PackageParser: Unknown element under <manifest>: attribution at /data/app/vmdl1517312409.tmp/base.apk Binary XML file line #33
03-19 23:01:01.959  1661  1687 W PackageParser: Unknown element under <manifest>: attribution at /data/app/vmdl1517312409.tmp/base.apk Binary XML file line #36
03-19 23:01:01.959  1661  1687 W PackageParser: Unknown element under <manifest>: attribution at /data/app/vmdl1517312409.tmp/base.apk Binary XML file line #39
03-19 23:01:01.959  1661  1687 W PackageParser: Unknown element under <manifest>: attribution at /data/app/vmdl1517312409.tmp/base.apk Binary XML file line #42
03-19 23:01:01.959  1661  1687 W PackageParser: Unknown element under <manifest>: attribution at /data/app/vmdl1517312409.tmp/base.apk Binary XML file line #45
03-19 23:01:01.959  1661  1687 W PackageParser: Unknown element under <manifest>: attribution at /data/app/vmdl1517312409.tmp/base.apk Binary XML file line #48
03-19 23:01:01.959  1661  1687 W PackageParser: Unknown element under <manifest>: attribution at /data/app/vmdl1517312409.tmp/base.apk Binary XML file line #51
03-19 23:01:01.959  1661  1687 W PackageParser: Unknown element under <manifest>: attribution at /data/app/vmdl1517312409.tmp/base.apk Binary XML file line #54
03-19 23:01:01.959  1661  1687 W PackageParser: Unknown element under <manifest>: attribution at /data/app/vmdl1517312409.tmp/base.apk Binary XML file line #57
03-19 23:01:01.959  1661  1687 W PackageParser: Unknown element under <manifest>: attribution at /data/app/vmdl1517312409.tmp/base.apk Binary XML file line #60
03-19 23:01:01.959  1661  1687 W PackageParser: Unknown element under <manifest>: attribution at /data/app/vmdl1517312409.tmp/base.apk Binary XML file line #63
03-19 23:01:01.959  1661  1687 W PackageParser: Unknown element under <manifest>: attribution at /data/app/vmdl1517312409.tmp/base.apk Binary XML file line #66
