--------- beginning of system
03-17 08:22:02.901  1351  1351 I vold    : Vold 3.0 (the awakening) firing up
03-17 08:22:02.904  1351  1356 D vold    : e4crypt_init_user0
03-17 08:22:02.904  1351  1356 D vold    : e4crypt_prepare_user_storage for volume null, user 0, serial 0, flags 1
03-17 08:22:02.904  1351  1356 D vold    : Preparing: /data/system/users/0
03-17 08:22:02.904  1351  1356 E vold    : Failed to prepare /data/system/users/0: No such file or directory
03-17 08:22:02.904  1351  1356 E vold    : Failed to prepare user 0 storage
03-17 08:22:02.910  1351  1354 D vold    : Recognized experimental block major ID 253 as virtio-blk (emulator's virtual SD card device)
03-17 08:22:02.988  1351  1354 W vold    : disk:253,80 has unknown partition table; trying entire device
03-17 08:22:03.121  1351  1421 E Cryptfs : Bad magic for real block device /dev/block/vdd
03-17 08:22:03.126  1351  1421 D Cryptfs : Just asked init to shut down class main
03-17 08:22:03.126  1351  1421 W vold    : emulated unmount requires state mounted
03-17 08:22:03.126  1351  1421 W vold    : public:253,80 unmount requires state mounted
03-17 08:22:03.128  1407  1407 I android.hardware.wifi@1.0-service: Wifi Hal is starting up...
03-17 08:22:03.287  1351  1421 D Cryptfs : Just triggered post_fs_data
03-17 08:22:03.350  1351  1356 D vold    : e4crypt_init_user0
03-17 08:22:03.350  1351  1356 D vold    : e4crypt_prepare_user_storage for volume null, user 0, serial 0, flags 1
03-17 08:22:03.350  1351  1356 D vold    : Preparing: /data/system/users/0
03-17 08:22:03.350  1351  1356 D vold    : Preparing: /data/misc/profiles/cur/0
03-17 08:22:03.350  1351  1356 D vold    : Preparing: /data/system_de/0
03-17 08:22:03.351  1351  1356 D vold    : Preparing: /data/misc_de/0
03-17 08:22:03.351  1351  1356 D vold    : Preparing: /data/user_de/0
03-17 08:22:03.351  1351  1356 D vold    : e4crypt_unlock_user_key 0 serial=0 token_present=0
03-17 08:22:03.351  1351  1356 E vold    : Failed to chmod /data/system_ce/0: No such file or directory
03-17 08:22:03.351  1351  1356 E vold    : Failed to chmod /data/misc_ce/0: No such file or directory
03-17 08:22:03.351  1351  1356 E vold    : Failed to chmod /data/media/0: No such file or directory
03-17 08:22:03.377  1351  1421 D Cryptfs : post_fs_data done
03-17 08:22:05.378  1351  1421 I Cryptfs : Using scrypt for cryptfs KDF
03-17 08:22:05.666  1351  1421 I Cryptfs : Using scrypt for cryptfs KDF
03-17 08:22:05.970  1351  1421 I Cryptfs : Enabling support for allow_discards in dmcrypt.
03-17 08:22:05.980  1351  1354 D vold    : Disk at 252:0 changed
03-17 08:22:05.981  1351  1421 I Cryptfs : Encrypting ext4 filesystem in place...
03-17 08:22:05.981  1351  1421 I Cryptfs : Encrypting group 0
03-17 08:22:05.981  1351  1421 I Cryptfs : Encrypting from sector 0
03-17 08:22:06.928  1351  1421 I Cryptfs : Encrypting group 1
03-17 08:22:06.929  1351  1421 I Cryptfs : Encrypted to sector 13720064
03-17 08:22:06.929  1351  1421 I Cryptfs : Encrypting from sector 16777216
03-17 08:22:07.009  1351  1421 I Cryptfs : Encrypting group 2
03-17 08:22:07.010  1351  1421 I Cryptfs : Encrypted to sector 17237504
03-17 08:22:07.010  1351  1421 I Cryptfs : Encrypting from sector 33554432
03-17 08:22:07.029  1351  1421 I Cryptfs : Encrypting group 3
03-17 08:22:07.029  1351  1421 I Cryptfs : Encrypted to sector 33817600
03-17 08:22:07.029  1351  1421 I Cryptfs : Encrypting from sector 50331648
03-17 08:22:07.064  1351  1421 I Cryptfs : Encrypting group 4
03-17 08:22:07.065  1351  1421 I Cryptfs : Encrypted to sector 50791936
03-17 08:22:07.065  1351  1421 I Cryptfs : Encrypting from sector 67108864
03-17 08:22:07.103  1351  1421 I Cryptfs : Encrypting group 5
03-17 08:22:07.107  1351  1421 I Cryptfs : Encrypted to sector 67372032
03-17 08:22:07.107  1351  1421 I Cryptfs : Encrypting from sector 83886080
03-17 08:22:07.140  1351  1421 I Cryptfs : Encrypting group 6
03-17 08:22:07.141  1351  1421 I Cryptfs : Encrypted to sector 84346368
03-17 08:22:07.142  1351  1421 I Cryptfs : Encrypting from sector 100663296
03-17 08:22:07.165  1351  1421 I Cryptfs : Encrypting group 7
03-17 08:22:07.166  1351  1421 I Cryptfs : Encrypted to sector 100926464
03-17 08:22:07.166  1351  1421 I Cryptfs : Encrypting from sector 117440512
03-17 08:22:07.201  1351  1421 I Cryptfs : Encrypting group 8
03-17 08:22:07.202  1351  1421 I Cryptfs : Encrypted to sector 117900800
03-17 08:22:07.202  1351  1421 I Cryptfs : Encrypting from sector 134217728
03-17 08:22:07.226  1351  1421 I Cryptfs : Encrypting group 9
03-17 08:22:07.227  1351  1421 I Cryptfs : Encrypted to sector 134480896
03-17 08:22:07.227  1351  1421 I Cryptfs : Encrypting from sector 150994944
03-17 08:22:07.289  1351  1421 I Cryptfs : Encrypting group 10
03-17 08:22:07.290  1351  1421 I Cryptfs : Encrypted to sector 151455232
03-17 08:22:07.290  1351  1421 I Cryptfs : Encrypting from sector 167772160
03-17 08:22:07.321  1351  1421 I Cryptfs : Encrypting group 11
03-17 08:22:07.322  1351  1421 I Cryptfs : Encrypted to sector 168035328
03-17 08:22:07.322  1351  1421 I Cryptfs : Encrypting from sector 184549376
03-17 08:22:07.343  1351  1421 I Cryptfs : Encrypting group 12
03-17 08:22:07.344  1351  1421 I Cryptfs : Encrypted to sector 184812544
03-17 08:22:07.344  1351  1421 I Cryptfs : Encrypting from sector 201326592
03-17 08:22:07.368  1351  1421 I Cryptfs : Encrypting group 13
03-17 08:22:07.368  1351  1421 I Cryptfs : Encrypted to sector 201589760
03-17 08:22:07.368  1351  1421 I Cryptfs : Encrypting from sector 218103808
03-17 08:22:07.387  1351  1421 I Cryptfs : Encrypting group 14
03-17 08:22:07.388  1351  1421 I Cryptfs : Encrypted to sector 218366976
03-17 08:22:07.388  1351  1421 I Cryptfs : Encrypting from sector 234881024
03-17 08:22:07.422  1351  1421 I Cryptfs : Encrypting group 15
03-17 08:22:07.423  1351  1421 I Cryptfs : Encrypted to sector 235144192
03-17 08:22:07.423  1351  1421 I Cryptfs : Encrypting from sector 251658240
03-17 08:22:07.463  1351  1421 I Cryptfs : Encrypting group 16
03-17 08:22:07.464  1351  1421 I Cryptfs : Encrypted to sector 251921408
03-17 08:22:07.464  1351  1421 I Cryptfs : Encrypting from sector 268435456
03-17 08:22:07.523  1351  1421 I Cryptfs : Encrypting group 17
03-17 08:22:07.524  1351  1421 I Cryptfs : Encrypted to sector 268698624
03-17 08:22:07.524  1351  1421 I Cryptfs : Encrypting from sector 285212672
03-17 08:22:07.548  1351  1421 I Cryptfs : Encrypting group 18
03-17 08:22:07.549  1351  1421 I Cryptfs : Encrypted to sector 285475840
03-17 08:22:07.549  1351  1421 I Cryptfs : Encrypting from sector 301989888
03-17 08:22:07.574  1351  1421 I Cryptfs : Encrypting group 19
03-17 08:22:07.584  1351  1421 I Cryptfs : Encrypted to sector 302253056
03-17 08:22:07.590  1351  1421 I Cryptfs : Encrypting from sector 318767104
03-17 08:22:07.669  1351  1421 I Cryptfs : Encrypting group 20
03-17 08:22:07.694  1351  1421 I Cryptfs : Encrypted to sector 319030272
03-17 08:22:07.695  1351  1421 I Cryptfs : Encrypting from sector 335544320
03-17 08:22:07.832  1351  1421 I Cryptfs : Encrypting group 21
03-17 08:22:07.843  1351  1421 I Cryptfs : Encrypted to sector 335807488
03-17 08:22:07.843  1351  1421 I Cryptfs : Encrypting from sector 352321536
03-17 08:22:07.916  1351  1421 I Cryptfs : Encrypting group 22
03-17 08:22:07.917  1351  1421 I Cryptfs : Encrypted to sector 352584704
03-17 08:22:07.917  1351  1421 I Cryptfs : Encrypting from sector 369098752
03-17 08:22:08.022  1351  1421 I Cryptfs : Encrypting group 23
03-17 08:22:08.024  1351  1421 I Cryptfs : Encrypted to sector 369361920
03-17 08:22:08.024  1351  1421 I Cryptfs : Encrypting from sector 385875968
03-17 08:22:08.056  1351  1421 I Cryptfs : Encrypting group 24
03-17 08:22:08.057  1351  1421 I Cryptfs : Encrypted to sector 386139136
03-17 08:22:08.057  1351  1421 I Cryptfs : Encrypting from sector 402653184
03-17 08:22:08.085  1351  1421 I Cryptfs : Encrypting group 25
03-17 08:22:08.085  1351  1421 I Cryptfs : Encrypted to sector 402916352
03-17 08:22:08.086  1351  1421 I Cryptfs : Encrypting from sector 419430400
03-17 08:22:08.119  1351  1421 I Cryptfs : Encrypting group 26
03-17 08:22:08.120  1351  1421 I Cryptfs : Encrypted to sector 419890688
03-17 08:22:08.120  1351  1421 I Cryptfs : Encrypting from sector 436207616
03-17 08:22:08.145  1351  1421 I Cryptfs : Encrypting group 27
03-17 08:22:08.147  1351  1421 I Cryptfs : Encrypted to sector 436470784
03-17 08:22:08.147  1351  1421 I Cryptfs : Encrypting from sector 452984832
03-17 08:22:08.192  1351  1421 I Cryptfs : Encrypting group 28
03-17 08:22:08.193  1351  1421 I Cryptfs : Encrypted to sector 453445120
03-17 08:22:08.193  1351  1421 I Cryptfs : Encrypting from sector 469762048
03-17 08:22:08.216  1351  1421 I Cryptfs : Encrypting group 29
03-17 08:22:08.219  1351  1421 I Cryptfs : Encrypted to sector 470025216
03-17 08:22:08.219  1351  1421 I Cryptfs : Encrypting from sector 486539264
03-17 08:22:08.256  1351  1421 I Cryptfs : Encrypting group 30
03-17 08:22:08.257  1351  1421 I Cryptfs : Encrypted to sector 486802432
03-17 08:22:08.257  1351  1421 I Cryptfs : Encrypting from sector 503316480
03-17 08:22:08.281  1351  1421 I Cryptfs : Encrypting group 31
03-17 08:22:08.282  1351  1421 I Cryptfs : Encrypted to sector 503579648
03-17 08:22:08.282  1351  1421 I Cryptfs : Encrypting from sector 520093696
03-17 08:22:08.306  1351  1421 I Cryptfs : Encrypting group 32
03-17 08:22:08.310  1351  1421 I Cryptfs : Encrypted to sector 520356864
03-17 08:22:08.310  1351  1421 I Cryptfs : Encrypting from sector 536870912
03-17 08:22:08.404  1351  1421 I Cryptfs : Encrypting group 33
03-17 08:22:08.405  1351  1421 I Cryptfs : Encrypted to sector 537134080
03-17 08:22:08.405  1351  1421 I Cryptfs : Encrypting from sector 553648128
03-17 08:22:08.426  1351  1421 I Cryptfs : Encrypting group 34
03-17 08:22:08.428  1351  1421 I Cryptfs : Encrypted to sector 553911296
03-17 08:22:08.428  1351  1421 I Cryptfs : Encrypting from sector 570425344
03-17 08:22:08.456  1351  1421 I Cryptfs : Encrypting group 35
03-17 08:22:08.457  1351  1421 I Cryptfs : Encrypted to sector 570688512
03-17 08:22:08.457  1351  1421 I Cryptfs : Encrypting from sector 587202560
03-17 08:22:08.474  1351  1421 I Cryptfs : Encrypting group 36
03-17 08:22:08.475  1351  1421 I Cryptfs : Encrypted to sector 587465728
03-17 08:22:08.476  1351  1421 I Cryptfs : Encrypting from sector 603979776
03-17 08:22:08.492  1351  1421 I Cryptfs : Encrypting group 37
03-17 08:22:08.493  1351  1421 I Cryptfs : Encrypted to sector 604242944
03-17 08:22:08.493  1351  1421 I Cryptfs : Encrypting from sector 620756992
03-17 08:22:08.513  1351  1421 I Cryptfs : Encrypting group 38
03-17 08:22:08.514  1351  1421 I Cryptfs : Encrypted to sector 621020160
03-17 08:22:08.514  1351  1421 I Cryptfs : Encrypting from sector 637534208
03-17 08:22:08.534  1351  1421 I Cryptfs : Encrypting group 39
03-17 08:22:08.538  1351  1421 I Cryptfs : Encrypted to sector 637797376
03-17 08:22:08.538  1351  1421 I Cryptfs : Encrypting from sector 654311424
03-17 08:22:08.562  1351  1421 I Cryptfs : Encrypting group 40
03-17 08:22:08.563  1351  1421 I Cryptfs : Encrypted to sector 654574592
03-17 08:22:08.563  1351  1421 I Cryptfs : Encrypting from sector 671088640
03-17 08:22:08.582  1351  1421 I Cryptfs : Encrypting group 41
03-17 08:22:08.583  1351  1421 I Cryptfs : Encrypted to sector 671351808
03-17 08:22:08.583  1351  1421 I Cryptfs : Encrypting from sector 687865856
03-17 08:22:08.603  1351  1421 I Cryptfs : Encrypting group 42
03-17 08:22:08.604  1351  1421 I Cryptfs : Encrypted to sector 688129024
03-17 08:22:08.604  1351  1421 I Cryptfs : Encrypting from sector 704643072
03-17 08:22:08.626  1351  1421 I Cryptfs : Encrypting group 43
03-17 08:22:08.628  1351  1421 I Cryptfs : Encrypted to sector 704906240
03-17 08:22:08.628  1351  1421 I Cryptfs : Encrypting from sector 721420288
03-17 08:22:08.648  1351  1421 I Cryptfs : Encrypting group 44
03-17 08:22:08.651  1351  1421 I Cryptfs : Encrypted to sector 721683456
03-17 08:22:08.651  1351  1421 I Cryptfs : Encrypting from sector 738197504
03-17 08:22:08.670  1351  1421 I Cryptfs : Encrypting group 45
03-17 08:22:08.671  1351  1421 I Cryptfs : Encrypted to sector 738460672
03-17 08:22:08.671  1351  1421 I Cryptfs : Encrypting from sector 754974720
03-17 08:22:08.705  1351  1421 I Cryptfs : Encrypting group 46
03-17 08:22:08.706  1351  1421 I Cryptfs : Encrypted to sector 755237888
03-17 08:22:08.706  1351  1421 I Cryptfs : Encrypting from sector 771751936
03-17 08:22:08.743  1351  1421 I Cryptfs : Encrypting group 47
03-17 08:22:08.747  1351  1421 I Cryptfs : Encrypted to sector 772015104
03-17 08:22:08.748  1351  1421 I Cryptfs : Encrypting from sector 788529152
03-17 08:22:08.784  1351  1421 I Cryptfs : Encrypted to sector 788792320
03-17 08:22:09.562  1351  1421 I Cryptfs : cryptfs_check_passwd
03-17 08:22:09.562  1351  1421 D Cryptfs : crypt_ftr->fs_size = 12582912
03-17 08:22:09.562  1351  1421 I Cryptfs : Using scrypt for cryptfs KDF
03-17 08:22:09.882  1351  1421 I Cryptfs : Enabling support for allow_discards in dmcrypt.
03-17 08:22:09.904  1351  1354 D vold    : Disk at 252:0 changed
03-17 08:22:10.037  1351  1421 I Cryptfs : Password matches
03-17 08:22:10.037  1351  1421 D Cryptfs : test_mount_encrypted_fs(): Master key saved
03-17 08:22:10.043  1351  1421 D Cryptfs : Just asked init to shut down class main
03-17 08:22:12.084  1351  1421 D Cryptfs : unmounting /data succeeded
03-17 08:22:12.085  1351  1421 I vold    : [libfs_mgr]superblock s_max_mnt_count:65535,/dev/block/dm-0
03-17 08:22:12.085  1351  1421 I vold    : [libfs_mgr]Requested quota status is match on /dev/block/dm-0
03-17 08:22:12.097  1351  1421 I vold    : [libfs_mgr]check_fs(): mount(/dev/block/dm-0,/data,ext4)=0: Success
03-17 08:22:12.133  1351  1421 I vold    : [libfs_mgr]check_fs(): unmount(/data) succeeded
03-17 08:22:12.133  1351  1421 I vold    : [libfs_mgr]Running /system/bin/e2fsck on /dev/block/dm-0
03-17 08:22:12.199  1351  1421 I vold    : [libfs_mgr]__mount(source=/dev/block/dm-0,target=/data,type=ext4)=0
03-17 08:22:12.199  1351  1421 D Cryptfs : Just triggered post_fs_data
03-17 08:22:12.267  1351  1356 D vold    : e4crypt_init_user0
03-17 08:22:12.267  1351  1356 D vold    : e4crypt_prepare_user_storage for volume null, user 0, serial 0, flags 1
03-17 08:22:12.267  1351  1356 D vold    : Preparing: /data/system/users/0
03-17 08:22:12.268  1351  1356 D vold    : Preparing: /data/misc/profiles/cur/0
03-17 08:22:12.268  1351  1356 D vold    : Preparing: /data/system_de/0
03-17 08:22:12.268  1351  1356 D vold    : Preparing: /data/misc_de/0
03-17 08:22:12.268  1351  1356 D vold    : Preparing: /data/user_de/0
03-17 08:22:12.268  1351  1356 D vold    : e4crypt_unlock_user_key 0 serial=0 token_present=0
03-17 08:22:12.268  1351  1356 E vold    : Failed to chmod /data/system_ce/0: No such file or directory
03-17 08:22:12.268  1351  1356 E vold    : Failed to chmod /data/misc_ce/0: No such file or directory
03-17 08:22:12.268  1351  1356 E vold    : Failed to chmod /data/media/0: No such file or directory
03-17 08:22:12.316  1351  1421 D Cryptfs : post_fs_data done
03-17 08:22:12.317  1351  1421 D Cryptfs : Just triggered restart_framework
03-17 08:22:12.668  1509  1509 I installd: installd firing up
03-17 08:22:12.668  1509  1509 D installd: Assuming that device has multi-user storage layout; upgrade no longer supported
03-17 08:22:12.668  1509  1509 D installd: Upgrading to /data/misc/user directories
03-17 08:22:12.702  1517  1517 I wificond: wificond is starting up...
03-17 08:22:13.424  1516  1601 I /system/bin/storaged: storaged: Start
03-17 08:22:14.226  1661  1661 I SystemServer: InitBeforeStartServices
03-17 08:22:14.226  1661  1661 W SystemServer: Timezone not set; setting to GMT.
03-17 08:22:14.228  1661  1661 I SystemServer: Entered the Android system server!
03-17 08:22:14.335  1661  1661 I SystemServer: StartServices
03-17 08:22:14.335  1661  1661 I SystemServer: Reading configuration...
03-17 08:22:14.335  1661  1661 I SystemServer: ReadingSystemConfig
03-17 08:22:14.336  1661  1661 I SystemServer: StartInstaller
03-17 08:22:14.337  1661  1661 I SystemServiceManager: Starting com.android.server.pm.Installer
03-17 08:22:14.341  1661  1661 I SystemServer: DeviceIdentifiersPolicyService
03-17 08:22:14.342  1661  1661 I SystemServiceManager: Starting com.android.server.os.DeviceIdentifiersPolicyService
03-17 08:22:14.343  1661  1661 I SystemServer: StartActivityManager
03-17 08:22:14.343  1661  1661 I SystemServiceManager: Starting com.android.server.am.ActivityManagerService$Lifecycle
03-17 08:22:14.361  1661  1661 I ActivityManager: Memory class: 384
03-17 08:22:14.381  1661  1661 D BatteryStatsImpl: Reading daily items from /data/system/batterystats-daily.xml
03-17 08:22:14.415  1661  1661 I AppOps  : No existing app ops /data/system/appops.xml; starting empty
03-17 08:22:14.426  1661  1661 I IntentFirewall: Read new rules (A:0 B:0 S:0)
03-17 08:22:14.434  1661  1661 D AppOps  : AppOpsService published
03-17 08:22:14.435  1661  1661 I SystemServer: StartPowerManager
03-17 08:22:14.435  1661  1661 I SystemServiceManager: Starting com.android.server.power.PowerManagerService
03-17 08:22:14.446  1661  1661 I SystemServer: InitPowerManagement
03-17 08:22:14.447  1661  1661 I SystemServer: StartRecoverySystemService
03-17 08:22:14.448  1661  1661 I SystemServiceManager: Starting com.android.server.RecoverySystemService
03-17 08:22:14.450  1661  1661 W RescueParty: Noticed 1 events for UID 0 in last 13 sec
03-17 08:22:14.450  1661  1661 I SystemServer: StartLightsService
03-17 08:22:14.450  1661  1661 I SystemServiceManager: Starting com.android.server.lights.LightsService
03-17 08:22:14.452  1661  1661 I SystemServer: StartDisplayManager
03-17 08:22:14.452  1661  1661 I SystemServiceManager: Starting com.android.server.display.DisplayManagerService
03-17 08:22:14.455  1661  1661 I SystemServer: WaitForDisplay
03-17 08:22:14.455  1661  1661 I SystemServiceManager: Starting phase 100
03-17 08:22:14.458  1661  1682 E LocalDisplayAdapter: Default and active color mode is no longer available! Reverting to first available mode.
03-17 08:22:14.460  1661  1682 I DisplayManagerService: Display device added: DisplayDeviceInfo{"Built-in Screen": uniqueId="local:0", 1080 x 2280, modeId 1, defaultModeId 1, supportedModes [{id=1, width=1080, height=2280, fps=60.000004}], colorMode -22, supportedColorModes [-22], HdrCapabilities android.view.Display$HdrCapabilities@1d6308, density 440, 440.0 x 440.0 dpi, appVsyncOff 1000000, presDeadline 16666666, touch INTERNAL, rotation 0, type BUILT_IN, state UNKNOWN, FLAG_DEFAULT_DISPLAY, FLAG_ROTATES_WITH_CONTENT, FLAG_SECURE, FLAG_SUPPORTS_PROTECTED_BUFFERS}
03-17 08:22:14.461  1661  1682 I DisplayManagerService: Display device changed state: "Built-in Screen", ON
03-17 08:22:14.462  1661  1661 I SystemServer: StartPackageManagerService
03-17 08:22:14.478  1661  1661 W FileUtils: Failed to chmod(/data/system/packages.list): android.system.ErrnoException: chmod failed: ENOENT (No such file or directory)
03-17 08:22:14.494  1661  1661 D SELinuxMMAC: Using policy file /system/etc/selinux/plat_mac_permissions.xml
03-17 08:22:14.494  1661  1661 D SELinuxMMAC: Using policy file /vendor/etc/selinux/nonplat_mac_permissions.xml
03-17 08:22:14.496  1661  1661 I PackageManager: No settings file; creating initial state
03-17 08:22:14.506  1661  1661 W PackageManager: Failed to parse /system/framework/x86: Missing base APK in /system/framework/x86
03-17 08:22:14.506  1661  1661 W PackageManager: Failed to parse /system/framework/oat: Missing base APK in /system/framework/oat
03-17 08:22:14.523  1661  1661 I PackageManager: /system/framework/framework-res.apk changed; collecting certs
03-17 08:22:14.648  1661  1661 E PackageManager: Adding duplicate shared id: 1000 name=android
03-17 08:22:14.661  1661  1661 I PackageManager: /system/priv-app/BackupRestoreConfirmation changed; collecting certs
03-17 08:22:14.677  1661  1661 I PackageManager: /system/priv-app/BlockedNumberProvider changed; collecting certs
03-17 08:22:14.679  1661  1691 W PackageParser: No actions in intent filter at /system/priv-app/Contacts/Contacts.apk Binary XML file line #443
03-17 08:22:14.681  1661  1661 E PackageManager: Adding duplicate user id: 10001 name=com.android.providers.blockednumber
03-17 08:22:14.682  1661  1661 I PackageManager: /system/priv-app/CallLogBackup changed; collecting certs
03-17 08:22:14.690  1661  1661 E PackageManager: Adding duplicate user id: 10001 name=com.android.calllogbackup
03-17 08:22:14.693  1661  1661 I PackageManager: /system/priv-app/CarrierConfig changed; collecting certs
03-17 08:22:14.702  1661  1661 I PackageManager: /system/priv-app/ConfigUpdater changed; collecting certs
03-17 08:22:14.706  1661  1661 I PackageManager: /system/priv-app/CellBroadcastReceiver changed; collecting certs
03-17 08:22:14.727  1661  1661 I PackageManager: /system/priv-app/ContactsProvider changed; collecting certs
03-17 08:22:14.731  1661  1661 E PackageManager: Adding duplicate user id: 10001 name=com.android.providers.contacts
03-17 08:22:14.734  1661  1661 I PackageManager: /system/priv-app/CtsShimPrivPrebuilt changed; collecting certs
03-17 08:22:14.739  1661  1661 I PackageManager: /system/priv-app/CalendarProvider changed; collecting certs
03-17 08:22:14.763  1661  1661 E PackageManager: Adding duplicate user id: 10006 name=com.android.providers.calendar
03-17 08:22:14.764  1661  1661 I PackageManager: /system/priv-app/Contacts changed; collecting certs
03-17 08:22:14.796  1661  1661 I PackageManager: /system/priv-app/DefaultContainerService changed; collecting certs
03-17 08:22:14.799  1661  1661 I PackageManager: /system/priv-app/ExternalStorageProvider changed; collecting certs
03-17 08:22:14.801  1661  1661 I PackageManager: /system/priv-app/DocumentsUI changed; collecting certs
03-17 08:22:14.810  1661  1661 I PackageManager: /system/priv-app/DownloadProvider changed; collecting certs
03-17 08:22:14.814  1661  1661 E PackageManager: Adding duplicate user id: 10011 name=com.android.providers.downloads
03-17 08:22:14.814  1661  1661 I PackageManager: /system/priv-app/FusedLocation changed; collecting certs
03-17 08:22:14.816  1661  1661 E PackageManager: Adding duplicate shared id: 1000 name=com.android.location.fused
03-17 08:22:14.816  1661  1661 I PackageManager: /system/priv-app/GoogleExtServices changed; collecting certs
03-17 08:22:14.820  1661  1661 I PackageManager: /system/priv-app/GoogleBackupTransport changed; collecting certs
03-17 08:22:14.822  1661  1661 E PackageManager: Adding duplicate user id: 10013 name=com.google.android.backuptransport
03-17 08:22:14.823  1661  1661 I PackageManager: /system/priv-app/GoogleFeedback changed; collecting certs
03-17 08:22:14.830  1661  1661 I PackageManager: /system/priv-app/GoogleOneTimeInitializer changed; collecting certs
03-17 08:22:14.832  1661  1661 I PackageManager: /system/priv-app/GoogleServicesFramework changed; collecting certs
03-17 08:22:14.876  1661  1661 E PackageManager: Adding duplicate user id: 10013 name=com.google.android.gsf
03-17 08:22:14.880  1661  1661 I PackageManager: /system/priv-app/GooglePartnerSetup changed; collecting certs
03-17 08:22:14.893  1661  1661 I PackageManager: /system/priv-app/GooglePackageInstaller changed; collecting certs
03-17 08:22:14.935  1661  1661 I PackageManager: /system/priv-app/GoogleDialer changed; collecting certs
03-17 08:22:14.996  1661  1661 I PackageManager: /system/priv-app/InputDevices changed; collecting certs
03-17 08:22:14.998  1661  1694 W PackageParser: Ignoring duplicate uses-permissions/uses-permissions-sdk-m: android.permission.INSTALL_GRANT_RUNTIME_PERMISSIONS in package: com.android.shell at: Binary XML file line #105
03-17 08:22:14.999  1661  1661 E PackageManager: Adding duplicate shared id: 1000 name=com.android.inputdevices
03-17 08:22:15.000  1661  1661 I PackageManager: /system/priv-app/MmsService changed; collecting certs
03-17 08:22:15.002  1661  1661 E PackageManager: Adding duplicate shared id: 1001 name=com.android.mms.service
03-17 08:22:15.003  1661  1661 I PackageManager: /system/priv-app/ManagedProvisioning changed; collecting certs
03-17 08:22:15.012  1661  1661 I PackageManager: /system/priv-app/NexusLauncherPrebuilt changed; collecting certs
03-17 08:22:15.022  1661  1692 W PackageParser: Ignoring duplicate uses-permissions/uses-permissions-sdk-m: android.permission.CONFIGURE_WIFI_DISPLAY in package: com.android.systemui at: Binary XML file line #119
03-17 08:22:15.032  1661  1661 I PackageManager: /system/priv-app/MtpDocumentsProvider changed; collecting certs
03-17 08:22:15.034  1661  1661 E PackageManager: Adding duplicate user id: 10011 name=com.android.mtp
03-17 08:22:15.034  1661  1661 I PackageManager: /system/priv-app/ProxyHandler changed; collecting certs
03-17 08:22:15.039  1661  1661 I PackageManager: /system/priv-app/MediaProvider changed; collecting certs
03-17 08:22:15.043  1661  1661 E PackageManager: Adding duplicate user id: 10011 name=com.android.providers.media
03-17 08:22:15.045  1661  1661 I PackageManager: /system/priv-app/SdkSetup changed; collecting certs
03-17 08:22:15.047  1661  1661 I PackageManager: /system/priv-app/Phonesky changed; collecting certs
03-17 08:22:15.172  1661  1693 W PackageParser: Ignoring duplicate uses-permissions/uses-permissions-sdk-m: android.permission.READ_PHONE_STATE in package: com.google.android.googlequicksearchbox at: Binary XML file line #233
03-17 08:22:15.172  1661  1693 W PackageParser: Ignoring duplicate uses-permissions/uses-permissions-sdk-m: android.permission.CAMERA in package: com.google.android.googlequicksearchbox at: Binary XML file line #269
03-17 08:22:15.268  1661  1661 I PackageManager: /system/priv-app/SettingsProvider changed; collecting certs
03-17 08:22:15.271  1661  1661 E PackageManager: Adding duplicate shared id: 1000 name=com.android.providers.settings
03-17 08:22:15.272  1661  1661 I PackageManager: /system/priv-app/SetupWizard changed; collecting certs
03-17 08:22:15.297  1661  1661 I PackageManager: /system/priv-app/Settings changed; collecting certs
03-17 08:22:15.402  1661  1661 E PackageManager: Adding duplicate shared id: 1000 name=com.android.settings
03-17 08:22:15.404  1661  1661 I PackageManager: /system/priv-app/SharedStorageBackup changed; collecting certs
03-17 08:22:15.406  1661  1661 I PackageManager: /system/priv-app/PrebuiltGmsCore changed; collecting certs
03-17 08:22:15.597  1661  1661 E PackageManager: Adding duplicate user id: 10013 name=com.google.android.gms
03-17 08:22:15.601  1661  1661 I PackageManager: /system/priv-app/Shell changed; collecting certs
03-17 08:22:15.604  1661  1661 E PackageManager: Adding duplicate shared id: 2000 name=com.android.shell
03-17 08:22:15.604  1661  1661 I PackageManager: /system/priv-app/StatementService changed; collecting certs
03-17 08:22:15.606  1661  1661 I PackageManager: /system/priv-app/StorageManager changed; collecting certs
03-17 08:22:15.620  1661  1661 I PackageManager: /system/priv-app/TelephonyProvider changed; collecting certs
03-17 08:22:15.622  1661  1661 E PackageManager: Adding duplicate shared id: 1001 name=com.android.providers.telephony
03-17 08:22:15.622  1661  1661 I PackageManager: /system/priv-app/Telecom changed; collecting certs
03-17 08:22:15.632  1661  1661 E PackageManager: Adding duplicate shared id: 1000 name=com.android.server.telecom
03-17 08:22:15.633  1661  1661 I PackageManager: /system/priv-app/SystemUIGoogle changed; collecting certs
03-17 08:22:15.679  1661  1661 E PackageManager: Adding duplicate user id: 10028 name=com.android.systemui
03-17 08:22:15.681  1661  1661 I PackageManager: /system/priv-app/VpnDialogs changed; collecting certs
03-17 08:22:15.683  1661  1661 I PackageManager: /system/priv-app/TeleService changed; collecting certs
03-17 08:22:15.701  1661  1661 E PackageManager: Adding duplicate shared id: 1001 name=com.android.phone
03-17 08:22:15.702  1661  1661 I PackageManager: /system/priv-app/Velvet changed; collecting certs
03-17 08:22:15.922  1661  1661 I PackageManager: /system/app/BookmarkProvider changed; collecting certs
03-17 08:22:15.927  1661  1661 I PackageManager: /system/app/BasicDreams changed; collecting certs
03-17 08:22:15.936  1661  1661 I PackageManager: /system/app/Browser2 changed; collecting certs
03-17 08:22:15.964  1661  1661 I PackageManager: /system/app/CaptivePortalLogin changed; collecting certs
03-17 08:22:15.971  1661  1661 I PackageManager: /system/app/Camera2 changed; collecting certs
03-17 08:22:15.989  1661  1701 W PackageParser: Ignoring duplicate uses-permissions/uses-permissions-sdk-m: android.permission.GET_ACCOUNTS in package: com.google.android.apps.tachyon at: Binary XML file line #58
03-17 08:22:16.036  1661  1661 I PackageManager: /system/app/CertInstaller changed; collecting certs
03-17 08:22:16.041  1661  1661 I PackageManager: /system/app/BuiltInPrintService changed; collecting certs
03-17 08:22:16.045  1661  1661 I PackageManager: /system/app/CompanionDeviceManager changed; collecting certs
03-17 08:22:16.047  1661  1661 I PackageManager: /system/app/CtsShimPrebuilt changed; collecting certs
03-17 08:22:16.049  1661  1661 I PackageManager: /system/app/CubeLiveWallpapers changed; collecting certs
03-17 08:22:16.052  1661  1661 I PackageManager: /system/app/CustomLocale changed; collecting certs
03-17 08:22:16.054  1661  1661 I PackageManager: /system/app/CalendarGooglePrebuilt changed; collecting certs
03-17 08:22:16.183  1661  1661 E PackageManager: Adding duplicate user id: 10042 name=com.google.android.calendar
03-17 08:22:16.184  1661  1661 I PackageManager: /system/app/Development changed; collecting certs
03-17 08:22:16.188  1661  1661 I PackageManager: /system/app/Chrome changed; collecting certs
03-17 08:22:16.817  1661  1661 I PackageManager: /system/app/DownloadProviderUi changed; collecting certs
03-17 08:22:16.820  1661  1661 E PackageManager: Adding duplicate user id: 10011 name=com.android.providers.downloads.ui
03-17 08:22:16.822  1661  1661 I PackageManager: /system/app/EasterEgg changed; collecting certs
03-17 08:22:16.826  1661  1661 I PackageManager: /system/app/EmulatorSmokeTests changed; collecting certs
03-17 08:22:16.836  1661  1661 I PackageManager: /system/app/Duo changed; collecting certs
03-17 08:22:16.844  1661  1702 W PackageParser: Ignoring duplicate uses-permissions/uses-permissions-sdk-m: android.permission.WAKE_LOCK in package: com.google.android.apps.maps at: Binary XML file line #157
03-17 08:22:16.944  1661  1661 I PackageManager: /system/app/Drive changed; collecting certs
03-17 08:22:17.046  1661  1661 I PackageManager: /system/app/ExactCalculator changed; collecting certs
03-17 08:22:17.050  1661  1661 I PackageManager: /system/app/GoogleContactsSyncAdapter changed; collecting certs
03-17 08:22:17.057  1661  1661 I PackageManager: /system/app/GoogleExtShared changed; collecting certs
03-17 08:22:17.061  1661  1661 I PackageManager: /system/app/GooglePrintRecommendationService changed; collecting certs
03-17 08:22:17.063  1661  1661 I PackageManager: /system/app/GoogleTTS changed; collecting certs
03-17 08:22:17.212  1661  1661 I PackageManager: /system/app/GoogleHindiIME changed; collecting certs
03-17 08:22:17.285  1661  1661 I PackageManager: /system/app/GooglePinyinIME changed; collecting certs
03-17 08:22:17.313  1661  1702 W PackageParser: No actions in intent filter at /system/app/PrebuiltGmail/PrebuiltGmail.apk Binary XML file line #694
03-17 08:22:17.355  1661  1661 I PackageManager: /system/app/HTMLViewer changed; collecting certs
03-17 08:22:17.360  1661  1661 I PackageManager: /system/app/KeyChain changed; collecting certs
03-17 08:22:17.364  1661  1661 E PackageManager: Adding duplicate shared id: 1000 name=com.android.keychain
03-17 08:22:17.365  1661  1661 I PackageManager: /system/app/LiveWallpapersPicker changed; collecting certs
03-17 08:22:17.372  1661  1661 I PackageManager: /system/app/LatinIMEGooglePrebuilt changed; collecting certs
03-17 08:22:17.805  1661  1661 I PackageManager: /system/app/Music2 changed; collecting certs
03-17 08:22:17.860  1661  1661 I PackageManager: /system/app/Maps changed; collecting certs
03-17 08:22:18.013  1661  1661 E PackageManager: Adding duplicate user id: 10060 name=com.google.android.apps.maps
03-17 08:22:18.016  1661  1661 I PackageManager: /system/app/NexusWallpapersStubPrebuilt changed; collecting certs
03-17 08:22:18.144  1661  1661 I PackageManager: /system/app/OpenWnn changed; collecting certs
03-17 08:22:18.198  1661  1661 I PackageManager: /system/app/PacProcessor changed; collecting certs
03-17 08:22:18.219  1661  1661 I PackageManager: /system/app/PartnerBookmarksProvider changed; collecting certs
03-17 08:22:18.240  1661  1661 I PackageManager: /system/app/Photos changed; collecting certs
03-17 08:22:18.754  1661  1661 I PackageManager: /system/app/PrebuiltBugle changed; collecting certs
03-17 08:22:18.770  1661  1702 W PackageParser: Ignoring duplicate uses-permissions/uses-permissions-sdk-m: android.permission.READ_CONTACTS in package: com.google.android.youtube at: Binary XML file line #174
03-17 08:22:18.770  1661  1702 W PackageParser: Ignoring duplicate uses-permissions/uses-permissions-sdk-m: android.permission.RECORD_AUDIO in package: com.google.android.youtube at: Binary XML file line #177
03-17 08:22:18.838  1661  1661 I PackageManager: /system/app/PrebuiltDeskClockGoogle changed; collecting certs
03-17 08:22:18.868  1661  1661 I PackageManager: /system/app/PrebuiltGmail changed; collecting certs
03-17 08:22:18.974  1661  1661 I PackageManager: /system/app/PrintSpooler changed; collecting certs
03-17 08:22:18.988  1661  1661 I PackageManager: /system/app/Protips changed; collecting certs
03-17 08:22:18.994  1661  1661 I PackageManager: /system/app/SoftKeyboard changed; collecting certs
03-17 08:22:18.997  1661  1661 I PackageManager: /system/app/UserDictionaryProvider changed; collecting certs
03-17 08:22:18.999  1661  1661 E PackageManager: Adding duplicate user id: 10001 name=com.android.providers.userdictionary
03-17 08:22:19.000  1661  1661 I PackageManager: /system/app/Videos changed; collecting certs
03-17 08:22:19.077  1661  1661 I PackageManager: /system/app/WallpaperBackup changed; collecting certs
03-17 08:22:19.079  1661  1661 E PackageManager: Adding duplicate shared id: 1000 name=com.android.wallpaperbackup
03-17 08:22:19.080  1661  1661 I PackageManager: /system/app/WallpaperPickerGooglePrebuilt changed; collecting certs
03-17 08:22:19.095  1661  1661 I PackageManager: /system/app/WallpapersBReel changed; collecting certs
03-17 08:22:19.804  1661  1661 I PackageManager: /system/app/WallpapersUsTwo changed; collecting certs
03-17 08:22:19.837  1661  1661 I PackageManager: /system/app/WebViewStub changed; collecting certs
03-17 08:22:19.840  1661  1661 I PackageManager: /system/app/WidgetPreview changed; collecting certs
03-17 08:22:19.842  1661  1661 I PackageManager: /system/app/YouTube changed; collecting certs
03-17 08:22:20.033  1661  1661 I PackageManager: /data/app/SmokeTestApp changed; collecting certs
03-17 08:22:20.038  1661  1661 I PackageManager: /data/app/SmokeTest changed; collecting certs
03-17 08:22:20.040  1661  1661 I PackageManager: /data/app/GestureBuilder changed; collecting certs
03-17 08:22:20.042  1661  1707 W PackageParser: No actions in intent filter at /data/app/ApiDemos/ApiDemos.apk Binary XML file line #3174
03-17 08:22:20.042  1661  1707 W PackageParser: No actions in intent filter at /data/app/ApiDemos/ApiDemos.apk Binary XML file line #3180
03-17 08:22:20.049  1661  1661 I PackageManager: /data/app/ApiDemos changed; collecting certs
03-17 08:22:20.107  1661  1661 I PackageManager: Time to scan packages: 5.609 seconds
03-17 08:22:20.119  1661  1661 W PackageSettings: No potential matches found for Intent { act=android.intent.action.EDIT typ=image/bmp } while setting preferred com.google.android.apps.plus/.editor.PlusEditorActivity
03-17 08:22:20.119  1661  1661 W PackageSettings: No potential matches found for Intent { act=android.intent.action.EDIT typ=image/jpeg } while setting preferred com.google.android.apps.plus/.editor.PlusEditorActivity
03-17 08:22:20.119  1661  1661 W PackageSettings: No potential matches found for Intent { act=android.intent.action.EDIT typ=image/gif } while setting preferred com.google.android.apps.plus/.editor.PlusEditorActivity
03-17 08:22:20.119  1661  1661 W PackageSettings: No potential matches found for Intent { act=android.intent.action.EDIT typ=image/png } while setting preferred com.google.android.apps.plus/.editor.PlusEditorActivity
03-17 08:22:20.119  1661  1661 W PackageSettings: No potential matches found for Intent { act=android.intent.action.EDIT typ=image/webp } while setting preferred com.google.android.apps.plus/.editor.PlusEditorActivity
03-17 08:22:20.119  1661  1661 W PackageSettings: No potential matches found for Intent { act=android.intent.action.EDIT typ=image/x-ms-bmp } while setting preferred com.google.android.apps.plus/.editor.PlusEditorActivity
03-17 08:22:20.119  1661  1661 W PackageSettings: No potential matches found for Intent { act=android.intent.action.EDIT typ=image/vnd.wap.wbmp } while setting preferred com.google.android.apps.plus/.editor.PlusEditorActivity
03-17 08:22:20.119  1661  1661 W PackageSettings: No potential matches found for Intent { act=com.android.camera.action.CROP typ=image/bmp } while setting preferred com.google.android.apps.plus/.editor.PlusCropActivity
03-17 08:22:20.119  1661  1661 W PackageSettings: No potential matches found for Intent { act=com.android.camera.action.CROP typ=image/jpeg } while setting preferred com.google.android.apps.plus/.editor.PlusCropActivity
03-17 08:22:20.119  1661  1661 W PackageSettings: No potential matches found for Intent { act=com.android.camera.action.CROP typ=image/gif } while setting preferred com.google.android.apps.plus/.editor.PlusCropActivity
03-17 08:22:20.119  1661  1661 W PackageSettings: No potential matches found for Intent { act=com.android.camera.action.CROP typ=image/png } while setting preferred com.google.android.apps.plus/.editor.PlusCropActivity
03-17 08:22:20.119  1661  1661 W PackageSettings: No potential matches found for Intent { act=com.android.camera.action.CROP typ=image/webp } while setting preferred com.google.android.apps.plus/.editor.PlusCropActivity
03-17 08:22:20.119  1661  1661 W PackageSettings: No potential matches found for Intent { act=com.android.camera.action.CROP typ=image/x-ms-bmp } while setting preferred com.google.android.apps.plus/.editor.PlusCropActivity
03-17 08:22:20.119  1661  1661 W PackageSettings: No potential matches found for Intent { act=com.android.camera.action.CROP typ=image/vnd.wap.wbmp } while setting preferred com.google.android.apps.plus/.editor.PlusCropActivity
03-17 08:22:20.120  1661  1661 W PackageSettings: No potential matches found for Intent { act=android.intent.action.MAIN cat=[android.intent.category.APP_GALLERY] } while setting preferred com.google.android.apps.photos/.home.HomeActivity
03-17 08:22:20.120  1661  1661 W PackageSettings: No potential matches found for Intent { act=android.intent.action.EDIT typ=application/vnd.openxmlformats-officedocument.spreadsheetml.sheet } while setting preferred com.google.android.apps.docs.editors.sheets/com.google.android.apps.docs.editors.trix.quicksheet.QuickSheetDocumentOpenerActivityAlias
03-17 08:22:20.120  1661  1661 W PackageSettings: No potential matches found for Intent { act=android.intent.action.EDIT typ=application/vnd.ms-excel.sheet.macroenabled.12 } while setting preferred com.google.android.apps.docs.editors.sheets/com.google.android.apps.docs.editors.trix.quicksheet.QuickSheetDocumentOpenerActivityAlias
03-17 08:22:20.120  1661  1661 W PackageSettings: No potential matches found for Intent { act=android.intent.action.EDIT typ=application/vnd.ms-excel } while setting preferred com.google.android.apps.docs.editors.sheets/com.google.android.apps.docs.editors.trix.quicksheet.QuickSheetDocumentOpenerActivityAlias
03-17 08:22:20.120  1661  1661 W PackageSettings: No potential matches found for Intent { act=android.intent.action.EDIT typ=application/vnd.ms-excel.addin.macroenabled.12 } while setting preferred com.google.android.apps.docs.editors.sheets/com.google.android.apps.docs.editors.trix.quicksheet.QuickSheetDocumentOpenerActivityAlias
03-17 08:22:20.120  1661  1661 W PackageSettings: No potential matches found for Intent { act=android.intent.action.EDIT typ=application/vnd.ms-excel.template.macroenabled.12 } while setting preferred com.google.android.apps.docs.editors.sheets/com.google.android.apps.docs.editors.trix.quicksheet.QuickSheetDocumentOpenerActivityAlias
03-17 08:22:20.120  1661  1661 W PackageSettings: No potential matches found for Intent { act=android.intent.action.EDIT typ=application/vnd.openxmlformats-officedocument.spreadsheetml.template } while setting preferred com.google.android.apps.docs.editors.sheets/com.google.android.apps.docs.editors.trix.quicksheet.QuickSheetDocumentOpenerActivityAlias
03-17 08:22:20.120  1661  1661 W PackageSettings: No potential matches found for Intent { act=android.intent.action.EDIT typ=application/x-msexcel } while setting preferred com.google.android.apps.docs.editors.sheets/com.google.android.apps.docs.editors.trix.quicksheet.QuickSheetDocumentOpenerActivityAlias
03-17 08:22:20.120  1661  1661 W PackageSettings: No potential matches found for Intent { act=android.intent.action.EDIT typ=application/vnd.ms-word } while setting preferred com.google.android.apps.docs.editors.docs/com.google.android.apps.docs.editors.kix.quickword.QuickWordDocumentOpenerActivityAlias
03-17 08:22:20.120  1661  1661 W PackageSettings: No potential matches found for Intent { act=android.intent.action.EDIT typ=application/vnd.openxmlformats-officedocument.wordprocessingml.document } while setting preferred com.google.android.apps.docs.editors.docs/com.google.android.apps.docs.editors.kix.quickword.QuickWordDocumentOpenerActivityAlias
03-17 08:22:20.120  1661  1661 W PackageSettings: No potential matches found for Intent { act=android.intent.action.EDIT typ=application/vnd.ms-word.document.macroenabled.12 } while setting preferred com.google.android.apps.docs.editors.docs/com.google.android.apps.docs.editors.kix.quickword.QuickWordDocumentOpenerActivityAlias
03-17 08:22:20.120  1661  1661 W PackageSettings: No potential matches found for Intent { act=android.intent.action.EDIT typ=application/msword } while setting preferred com.google.android.apps.docs.editors.docs/com.google.android.apps.docs.editors.kix.quickword.QuickWordDocumentOpenerActivityAlias
03-17 08:22:20.120  1661  1661 W PackageSettings: No potential matches found for Intent { act=android.intent.action.EDIT typ=application/vnd.ms-word.template.macroenabled.12 } while setting preferred com.google.android.apps.docs.editors.docs/com.google.android.apps.docs.editors.kix.quickword.QuickWordDocumentOpenerActivityAlias
03-17 08:22:20.120  1661  1661 W PackageSettings: No potential matches found for Intent { act=android.intent.action.EDIT typ=application/vnd.openxmlformats-officedocument.wordprocessingml.template } while setting preferred com.google.android.apps.docs.editors.docs/com.google.android.apps.docs.editors.kix.quickword.QuickWordDocumentOpenerActivityAlias
03-17 08:22:20.120  1661  1661 W PackageSettings: No potential matches found for Intent { act=android.intent.action.EDIT typ=application/x-msword } while setting preferred com.google.android.apps.docs.editors.docs/com.google.android.apps.docs.editors.kix.quickword.QuickWordDocumentOpenerActivityAlias
03-17 08:22:20.120  1661  1661 W PackageSettings: No potential matches found for Intent { act=android.intent.action.EDIT typ=application/vnd.openxmlformats-officedocument.presentationml.presentation } while setting preferred com.google.android.apps.docs.editors.slides/com.google.android.apps.docs.editors.kix.quickword.QuickWordDocumentOpenerActivityAlias
03-17 08:22:20.120  1661  1661 W PackageSettings: No potential matches found for Intent { act=android.intent.action.EDIT typ=application/vnd.ms-powerpoint } while setting preferred com.google.android.apps.docs.editors.slides/com.google.android.apps.docs.editors.kix.quickword.QuickWordDocumentOpenerActivityAlias
03-17 08:22:20.120  1661  1661 W PackageSettings: No potential matches found for Intent { act=android.intent.action.EDIT typ=application/vnd.openxmlformats-officedocument.presentationml.template } while setting preferred com.google.android.apps.docs.editors.slides/com.google.android.apps.docs.editors.kix.quickword.QuickWordDocumentOpenerActivityAlias
03-17 08:22:20.120  1661  1661 W PackageSettings: No potential matches found for Intent { act=android.intent.action.EDIT typ=application/vnd.ms-powerpoint.presentation.macroenabled.12 } while setting preferred com.google.android.apps.docs.editors.slides/com.google.android.apps.docs.editors.kix.quickword.QuickWordDocumentOpenerActivityAlias
03-17 08:22:20.120  1661  1661 W PackageSettings: No potential matches found for Intent { act=android.intent.action.EDIT typ=application/vnd.openxmlformats-officedocument.presentationml.slideshow } while setting preferred com.google.android.apps.docs.editors.slides/com.google.android.apps.docs.editors.kix.quickword.QuickWordDocumentOpenerActivityAlias
03-17 08:22:20.120  1661  1661 W PackageSettings: No potential matches found for Intent { act=android.intent.action.EDIT typ=application/vnd.ms-powerpoint.slideshow.macroenabled.12 } while setting preferred com.google.android.apps.docs.editors.slides/com.google.android.apps.docs.editors.kix.quickword.QuickWordDocumentOpenerActivityAlias
03-17 08:22:20.120  1661  1661 W PackageSettings: No potential matches found for Intent { act=android.intent.action.EDIT typ=application/x-mspowerpoint } while setting preferred com.google.android.apps.docs.editors.slides/com.google.android.apps.docs.editors.kix.quickword.QuickWordDocumentOpenerActivityAlias
03-17 08:22:20.121  1661  1661 W PackageManager: Unknown package com.google.android.apps.docs.editors.docs in sysconfig <app-link>
03-17 08:22:20.121  1661  1661 W PackageManager: Unknown package com.google.android.apps.docs.editors.sheets in sysconfig <app-link>
03-17 08:22:20.121  1661  1661 W PackageManager: Unknown package com.google.android.apps.docs.editors.slides in sysconfig <app-link>
03-17 08:22:20.121  1661  1661 W PackageManager: Unknown package com.google.android.apps.plus in sysconfig <app-link>
03-17 08:22:20.121  1661  1661 W PackageManager: Unknown package com.google.android.apps.tycho in sysconfig <app-link>
03-17 08:22:20.121  1661  1661 W PackageManager: Unknown package com.google.android.talk in sysconfig <app-link>
03-17 08:22:20.254  1661  1661 I SystemServer: StartOtaDexOptService
03-17 08:22:20.255  1661  1661 D OTADexopt: No upgrade, skipping A/B artifacts check.
03-17 08:22:20.255  1661  1661 I SystemServer: StartUserManagerService
03-17 08:22:20.255  1661  1661 I SystemServiceManager: Starting com.android.server.pm.UserManagerService$LifeCycle
03-17 08:22:20.255  1661  1661 I SystemServer: InitAttributerCache
03-17 08:22:20.255  1661  1661 I SystemServer: SetSystemProcess
03-17 08:22:20.276  1661  1661 I SystemServer: StartOverlayManagerService
03-17 08:22:20.278  1661  1661 I SystemServer: StartDropBoxManager
03-17 08:22:20.278  1661  1661 I SystemServiceManager: Starting com.android.server.DropBoxManagerService
03-17 08:22:20.279  1661  1661 I SystemServer: StartBatteryService
03-17 08:22:20.279  1661  1661 I SystemServiceManager: Starting com.android.server.BatteryService
03-17 08:22:20.288  1661  1661 I SystemServer: StartUsageService
03-17 08:22:20.291  1661  1661 I SystemServiceManager: Starting com.android.server.usage.UsageStatsService
03-17 08:22:20.294  1661  1678 E BatteryStatsService: no controller energy info supplied
03-17 08:22:20.294  1661  1678 E KernelCpuSpeedReader: Failed to read cpu-freq: /sys/devices/system/cpu/cpu0/cpufreq/stats/time_in_state (No such file or directory)
03-17 08:22:20.295  1661  1678 E KernelUidCpuFreqTimeReader: Failed to read /proc/uid_time_in_state: java.io.FileNotFoundException: /proc/uid_time_in_state (No such file or directory)
03-17 08:22:20.297  1661  1678 W KernelMemoryBandwidthStats: No kernel memory bandwidth stats available
03-17 08:22:20.305  1661  1678 I BatteryStatsImpl: Resetting battery stats: level=100 status=4 dischargeLevel=100 lowAmount=0 highAmount=0
03-17 08:22:20.324  1661  1678 E KernelCpuSpeedReader: Failed to read cpu-freq: /sys/devices/system/cpu/cpu0/cpufreq/stats/time_in_state (No such file or directory)
03-17 08:22:20.326  1661  1678 E KernelUidCpuFreqTimeReader: Failed to read /proc/uid_time_in_state: java.io.FileNotFoundException: /proc/uid_time_in_state (No such file or directory)
03-17 08:22:20.334  1661  1661 I SystemServer: StartWebViewUpdateService
03-17 08:22:20.335  1661  1661 I SystemServiceManager: Starting com.android.server.webkit.WebViewUpdateService
03-17 08:22:20.340  1661  1673 I SystemServer: SecondaryZygotePreload
03-17 08:22:20.340  1661  1661 I SystemServer: StartKeyAttestationApplicationIdProviderService
03-17 08:22:20.342  1661  1661 I SystemServer: StartKeyChainSystemService
03-17 08:22:20.342  1661  1661 I SystemServiceManager: Starting com.android.server.security.KeyChainSystemService
03-17 08:22:20.343  1661  1661 I SystemServer: StartSchedulingPolicyService
03-17 08:22:20.343  1661  1661 I SystemServer: StartTelecomLoaderService
03-17 08:22:20.343  1661  1661 I SystemServiceManager: Starting com.android.server.telecom.TelecomLoaderService
03-17 08:22:20.344  1661  1661 I SystemServer: StartTelephonyRegistry
03-17 08:22:20.345  1661  1661 I SystemServer: StartEntropyMixer
