03-17 08:22:18.913  1661  1763 D ConnectivityService: registerNetworkAgent NetworkAgentInfo{ ni{[type: WIFI[], state: CONNECTING/CONNECTING, reason: (unspecified), extra: "AndroidWifi", failover: false, available: true, roaming: false, metered: false]}  network{101}  nethandle{433808132830}  lp{{LinkAddresses: []  Routes: [] DnsAddresses: [] Domains: null MTU: 0}}  nc{[ Transports: WIFI Capabilities: NOT_METERED&INTERNET&NOT_RESTRICTED&TRUSTED&NOT_VPN LinkUpBandwidth>=1048576Kbps LinkDnBandwidth>=1048576Kbps]}  Score{20}  everValidated{false}  lastValidated{false}  created{false} lingering{false} explicitlySelected{false} acceptUnvalidated{false} everCaptivePortalDetected{false} lastCaptivePortalDetected{false} }
03-17 08:22:18.913  1661  1767 D ConnectivityService: NetworkAgentInfo [WIFI () - 101] EVENT_NETWORK_INFO_CHANGED, going from null to CONNECTING
03-17 08:22:18.991  1661  1767 D ConnectivityService: NetworkAgentInfo [WIFI () - 101] EVENT_NETWORK_INFO_CHANGED, going from CONNECTING to CONNECTED
03-17 08:22:18.991  1661  1767 D ConnectivityService: Adding iface wlan0 to network 101
03-17 08:22:18.994  1661  1767 D ConnectivityService: Setting DNS servers for network 101 to [/10.0.2.3]
03-17 08:22:19.030  2394  2487 E ActivityThread: Failed to find provider info for com.google.android.apps.gsa.testing.ui.audio.recorded
03-17 08:22:19.242  1661  1674 I ActivityManager: Start proc 2630:com.android.printspooler/u0a69 for service com.android.printspooler/.model.PrintSpoolerService
03-17 08:22:19.265  1661  2305 I ActivityManager: Start proc 2635:com.google.android.apps.messaging/u0a66 for broadcast com.google.android.apps.messaging/.shared.receiver.DefaultSmsPackageChangedReceiver
03-17 08:22:19.273  1661  1767 D ConnectivityService: NetworkAgentInfo [WIFI () - 101] validation passed
03-17 08:22:19.274  1661  1767 D ConnectivityService: Switching to new default network: NetworkAgentInfo{ ni{[type: WIFI[], state: CONNECTED/CONNECTED, reason: (unspecified), extra: "AndroidWifi", failover: false, available: true, roaming: false, metered: false]}  network{101}  nethandle{433808132830}  lp{{InterfaceName: wlan0 LinkAddresses: [fe80::ff:fe44:5566/64,192.168.232.2/21,]  Routes: [fe80::/64 -> :: wlan0,192.168.232.0/21 -> 0.0.0.0 wlan0,0.0.0.0/0 -> 192.168.232.1 wlan0,] DnsAddresses: [10.0.2.3,] Domains: null MTU: 0 TcpBufferSizes: 524288,1048576,2097152,262144,524288,1048576}}  nc{[ Transports: WIFI Capabilities: NOT_METERED&INTERNET&NOT_RESTRICTED&TRUSTED&NOT_VPN&VALIDATED&FOREGROUND LinkUpBandwidth>=1048576Kbps LinkDnBandwidth>=1048576Kbps SignalStrength: -50]}  Score{57}  everValidated{true}  lastValidated{true}  created{true} lingering{false} explicitlySelected{false} acceptUnvalidated{false} everCaptivePortalDetected{false} lastCaptivePortalDetected{false} }
03-17 08:22:19.392  1661  1674 I ActivityManager: Start proc 2676:com.android.keychain/1000 for service com.android.keychain/.KeyChainService
03-17 08:22:19.394  1661  1767 D ConnectivityService: Lingering NetworkAgentInfo [MOBILE (LTE) - 100] for 30000ms
03-17 08:22:19.394  1661  1767 D ConnectivityService: Sending DISCONNECTED broadcast for type 0 NetworkAgentInfo [MOBILE (LTE) - 100] isDefaultNetwork=true
03-17 08:22:19.400  1661  1767 D ConnectivityService: Sending CONNECTED broadcast for type 1 NetworkAgentInfo [WIFI () - 101] isDefaultNetwork=true
03-17 08:22:19.492  1661  1671 I ActivityManager: Start proc 2712:com.android.vending/u0a23 for service com.android.vending/com.google.android.finsky.contentfilter.impl.ContentFiltersService
03-17 08:22:19.721  1661  1674 I RetailDemoModeService: Deleting contents of /data/preloads
03-17 08:22:19.814  2635  2723 D ActivityThread: Loading provider com.google.android.apps.messaging.shared.datamodel.BugleContentProvider: com.google.android.apps.messaging.PhoneContentProvider
03-17 08:22:19.823  1661  2597 W ShortcutService: Clock rewound
03-17 08:22:19.850  1661  2597 I ActivityManager: Start proc 2766:com.google.android.apps.messaging:rcs/u0a66 for service com.google.android.apps.messaging/com.google.android.rcs.service.service.JibeService
03-17 08:22:19.877  1661  1672 I ActivityManager: Start proc 2777:com.android.providers.calendar/u0a6 for broadcast com.android.providers.calendar/.CalendarUpgradeReceiver
03-17 08:22:19.893  1661  2000 I ActivityManager: Start proc 2789:android.process.acore/u0a1 for content provider com.android.providers.userdictionary/.UserDictionaryProvider
03-17 08:22:19.978  1661  1899 I ActivityManager: Start proc 2835:com.android.vending:instant_app_installer/u0a23 for service com.android.vending/com.google.android.finsky.instantapps.PhenotypeUpdateService
03-17 08:22:19.996  1661  2272 D CryptdConnector: SND -> {3 cryptfs getpwtype}
03-17 08:22:19.997  1351  1356 D VoldCryptCmdListener: cryptfs getpwtype
03-17 08:22:19.997  1661  1732 D CryptdConnector: RCV <- {213 3 default}
03-17 08:22:20.004  1661  1901 D MmsServiceBroker: getCarrierConfigValues() by com.google.android.apps.messaging
03-17 08:22:20.004  1661  1901 W MmsServiceBroker: MmsService not connected. Try connecting...
03-17 08:22:20.004  1661  1661 I MmsServiceBroker: Connecting to MmsService
03-17 08:22:20.005  1661  1661 W ContextImpl: Calling a method in the system process without a qualified user: android.app.ContextImpl.bindService:1540 com.android.server.MmsServiceBroker.tryConnecting:241 com.android.server.MmsServiceBroker.-wrap3:0 com.android.server.MmsServiceBroker$1.handleMessage:83 android.os.Handler.dispatchMessage:105 
03-17 08:22:20.015  1661  1661 I MmsServiceBroker: MmsService connected
03-17 08:22:20.085  1661  2798 D MmsServiceBroker: getCarrierConfigValues() by com.google.android.apps.messaging
03-17 08:22:20.201  1661  2272 I PreBootBroadcaster: Pre-boot of {com.android.providers.contacts/com.android.providers.contacts.ContactsUpgradeReceiver} for user 0
03-17 08:22:20.889  1661  1901 D MmsServiceBroker: getCarrierConfigValues() by com.google.android.apps.messaging
03-17 08:22:20.947  1661  2272 D CountryDetector: The first listener is added
03-17 08:22:20.972  1661  1899 I ActivityManager: Start proc 2982:com.google.process.gapps/u0a50 for content provider com.google.android.syncadapters.contacts/.ProxyGalProvider
03-17 08:22:21.052  1661  2305 I ActivityManager: Killing 1886:com.android.settings:CryptKeeper/1000 (adj 906): empty #17
03-17 08:22:21.064  1661  1901 I ActivityManager: Start proc 3003:com.google.android.gm/u0a68 for content provider com.google.android.gm/com.android.exchange.provider.ExchangeDirectoryProvider
03-17 08:22:21.194  3003  3026 D ActivityThread: Loading provider com.google.android.gmail.provider;com.android.mail.notifier;com.google.android.gm.email.provider;com.google.android.gm.tasks.provider;com.google.android.gm.email.notifier: com.android.email.provider.EmailProvider
03-17 08:22:21.595  1661  2597 I ActivityManager: Killing 1935:com.google.android.setupwizard/u0a24 (adj 906): empty #17
03-17 08:22:21.601  1661  2948 W ActivityManager: Unable to start service Intent { act=com.google.android.gm.email.EXCHANGE_INTENT pkg=com.google.android.gm.exchange } U=0: not found
03-17 08:22:21.788  1661  2000 I ActivityManager: Start proc 3070:com.google.android.youtube/u0a78 for service com.google.android.youtube/com.google.android.apps.youtube.app.common.ads.AdIdListenerService
03-17 08:22:21.863  1661  2798 I ActivityManager: Start proc 3087:com.google.android.gms.unstable/u0a13 for service com.google.android.gms/.droidguard.DroidGuardService
03-17 08:22:22.103  1661  1899 W ActivityManager: Unable to start service Intent { cmp=com.google.android.gm/com.android.email.service.AttachmentService } U=0: not found
03-17 08:22:22.224  1661  2798 W ActivityManager: Unable to start service Intent { act=com.google.android.gm.email.EXCHANGE_INTENT pkg=com.google.android.gm.exchange } U=0: not found
03-17 08:22:22.509  1661  2272 D ConnectivityService: reportNetworkConnectivity(101, false) by 10013
03-17 08:22:22.601  1661  1767 D ConnectivityService: NetworkAgentInfo [WIFI () - 101] validation passed
03-17 08:22:22.707  1661  1899 I ActivityManager: Start proc 3189:com.google.android.gms.ui/u0a13 for service com.google.android.gms/.chimera.UiIntentOperationService
03-17 08:22:22.707  1661  1671 W ActivityManager: Permission Denial: getIntentSender() from pid=3070, uid=10078, (need uid=10013) is not allowed to send as package com.google.android.gms
03-17 08:22:22.724  1661  2946 D VoldConnector: SND -> {39 volume mkdirs /storage/emulated/0/Android/data/com.google.android.youtube/files/}
03-17 08:22:22.725  1661  1731 D VoldConnector: RCV <- {200 39 Command succeeded}
03-17 08:22:23.104  1661  2285 W ActivityManager: Permission Denial: Accessing service ComponentInfo{com.google.android.music/com.google.android.music.dial.DialMediaRouteProviderService} from pid=3070, uid=10078 that is not exported from uid 10059
03-17 08:22:23.141  1661  1661 I Telecom : DefaultDialerCache: Refreshing default dialer for user 0: now com.google.android.dialer: DDC.oR@ACg
03-17 08:22:23.143  1661  1899 W ActivityManager: Permission Denial: Accessing service ComponentInfo{com.google.android.music/com.google.android.music.dial.DialMediaRouteProviderService} from pid=3070, uid=10078 that is not exported from uid 10059
03-17 08:22:23.147  1661  2597 W ActivityManager: Permission Denial: Accessing service ComponentInfo{com.google.android.music/com.google.android.music.dial.DialMediaRouteProviderService} from pid=3070, uid=10078 that is not exported from uid 10059
03-17 08:22:23.169  1661  1661 I Telecom : DefaultDialerCache: Refreshing default dialer for user 0: now com.google.android.dialer: DDC.oR@ACk
03-17 08:22:23.197  1661  1901 I PreBootBroadcaster: Pre-boot of {com.android.providers.media/com.android.providers.media.MediaUpgradeReceiver} for user 0
03-17 08:22:23.198  1661  2305 W ActivityManager: Permission Denial: Accessing service ComponentInfo{com.google.android.music/com.google.android.music.dial.DialMediaRouteProviderService} from pid=3070, uid=10078 that is not exported from uid 10059
03-17 08:22:23.246  1661  1661 I Telecom : DefaultDialerCache: Refreshing default dialer for user 0: now com.google.android.dialer: DDC.oR@ACo
03-17 08:22:23.311  1661  1661 I Telecom : DefaultDialerCache: Refreshing default dialer for user 0: now com.google.android.dialer: DDC.oR@ACs
03-17 08:22:23.319  1661  1661 I Telecom : DefaultDialerCache: Refreshing default dialer for user 0: now com.google.android.dialer: DDC.oR@ACw
03-17 08:22:23.370  1661  1661 I Telecom : DefaultDialerCache: Refreshing default dialer for user 0: now com.google.android.dialer: DDC.oR@AC0
03-17 08:22:23.371  1661  3048 W ActivityManager: Permission Denial: Accessing service ComponentInfo{com.google.android.music/com.google.android.music.dial.DialMediaRouteProviderService} from pid=3070, uid=10078 that is not exported from uid 10059
03-17 08:22:23.375  1661  1901 W ActivityManager: Permission Denial: Accessing service ComponentInfo{com.google.android.music/com.google.android.music.dial.DialMediaRouteProviderService} from pid=3070, uid=10078 that is not exported from uid 10059
03-17 08:22:23.395  1661  2948 W ActivityManager: Permission Denial: Accessing service ComponentInfo{com.google.android.music/com.google.android.music.dial.DialMediaRouteProviderService} from pid=3070, uid=10078 that is not exported from uid 10059
03-17 08:22:23.398  1661  1661 I Telecom : DefaultDialerCache: Refreshing default dialer for user 0: now com.google.android.dialer: DDC.oR@AC4
03-17 08:22:23.400  1661  1661 D BackupTransportManager: Binding to transport: com.google.android.gms/.backup.component.D2dTransportService
03-17 08:22:23.407  1661  1901 W ActivityManager: Permission Denial: Accessing service ComponentInfo{com.google.android.music/com.google.android.music.dial.DialMediaRouteProviderService} from pid=3070, uid=10078 that is not exported from uid 10059
03-17 08:22:23.417  1661  2948 W ActivityManager: Permission Denial: Accessing service ComponentInfo{com.google.android.music/com.google.android.music.dial.DialMediaRouteProviderService} from pid=3070, uid=10078 that is not exported from uid 10059
03-17 08:22:23.433  1661  3224 W ActivityManager: Permission Denial: Accessing service ComponentInfo{com.google.android.music/com.google.android.music.dial.DialMediaRouteProviderService} from pid=3070, uid=10078 that is not exported from uid 10059
03-17 08:22:23.447  1661  1901 W ActivityManager: Permission Denial: Accessing service ComponentInfo{com.google.android.music/com.google.android.music.dial.DialMediaRouteProviderService} from pid=3070, uid=10078 that is not exported from uid 10059
03-17 08:22:23.450  1661  1661 I Telecom : DefaultDialerCache: Refreshing default dialer for user 0: now com.google.android.dialer: DDC.oR@AC8
03-17 08:22:23.460  1661  1661 I Telecom : DefaultDialerCache: Refreshing default dialer for user 0: now com.google.android.dialer: DDC.oR@ADA
03-17 08:22:23.906  2463  3107 E ActivityThread: Failed to find provider info for com.google.android.wearable.settings
03-17 08:22:23.918  1661  1661 I Telecom : DefaultDialerCache: Refreshing default dialer for user 0: now com.google.android.dialer: DDC.oR@ADE
03-17 08:22:24.000  1661  1661 D BackupTransportManager: Bound to transport: com.google.android.gms/.backup.component.D2dTransportService
03-17 08:22:24.052  1661  1899 I ActivityManager: Killing 2150:com.google.android.dialer/u0a18 (adj 906): empty #17
03-17 08:22:24.204  2394  2493 E ActivityThread: Failed to find provider info for com.google.android.apps.gsa.testing.ui.audio.recorded
03-17 08:22:24.278  1661  1671 W ActivityManager: Slow operation: 74ms so far, now at getContentProviderImpl: after updateOomAdj
03-17 08:22:24.278  1661  1671 W ActivityManager: Slow operation: 74ms so far, now at getContentProviderImpl: done!
03-17 08:22:24.719  1661  3224 I ActivityManager: Killing 2135:com.android.carrierconfig/u0a2 (adj 906): empty #17
03-17 08:22:24.987  1661  2946 W ActivityManager: Unable to start service Intent { act=com.google.android.gms.nearby.discovery:ACTION_INIT_MESSAGES_PATH cmp=com.google.android.gms/.nearby.discovery.service.DiscoveryService } U=0: not found
03-17 08:22:25.098  2279  2279 I MediaUpgradeReceiver: ---> Start upgrade of media database external.db
03-17 08:22:25.111  2279  2279 I MediaUpgradeReceiver: <--- Finished upgrade of media database external.db in 13ms
03-17 08:22:25.114  1661  1672 I PreBootBroadcaster: Pre-boot of {com.android.settings/com.android.settings.SettingsInitialize} for user 0
03-17 08:22:25.149  1661  1672 W BroadcastQueue: Background execution not allowed: receiving Intent { act=com.google.android.gms.location.reporting.SETTINGS_CHANGED flg=0x10 } to com.google.android.googlequicksearchbox/com.google.android.apps.gsa.search.core.udc.UdcSettingBroadcastReceiver
03-17 08:22:25.262  1661  2285 I PreBootBroadcaster: Pre-boot of {com.google.android.googlequicksearchbox/com.google.android.apps.gsa.googlequicksearchbox.GelStubAppWatcher} for user 0
03-17 08:22:25.268  1661  2597 I PreBootBroadcaster: Pre-boot of {com.google.android.gsf/com.google.android.gsf.loginservice.MigrateToAccountManagerBroadcastReceiver} for user 0
03-17 08:22:25.282  1661  3224 I ActivityManager: Sending BOOT_COMPLETE user #0
03-17 08:22:25.289  1661  2272 I ActivityManager: Killing 2106:com.android.cellbroadcastreceiver/u0a4 (adj 906): empty #17
03-17 08:22:25.353  1661  1661 I ActivityManager: Start proc 3345:com.google.android.dialer/u0a18 for broadcast com.google.android.dialer/com.google.android.apps.dialer.app.GoogleDialerBootReceiver
03-17 08:22:25.356  1661  3344 E BootReceiver: Error reading /data/system/last-header.txt
03-17 08:22:25.356  1661  3344 E BootReceiver: java.io.FileNotFoundException: /data/system/last-header.txt (No such file or directory)
03-17 08:22:25.356  1661  3344 E BootReceiver: 	at java.io.FileInputStream.open0(Native Method)
03-17 08:22:25.356  1661  3344 E BootReceiver: 	at java.io.FileInputStream.open(FileInputStream.java:200)
03-17 08:22:25.356  1661  3344 E BootReceiver: 	at java.io.FileInputStream.<init>(FileInputStream.java:150)
03-17 08:22:25.356  1661  3344 E BootReceiver: 	at android.os.FileUtils.readTextFile(FileUtils.java:262)
03-17 08:22:25.356  1661  3344 E BootReceiver: 	at com.android.server.BootReceiver.getPreviousBootHeaders(BootReceiver.java:144)
03-17 08:22:25.356  1661  3344 E BootReceiver: 	at com.android.server.BootReceiver.getBootHeadersToLogAndUpdate(BootReceiver.java:166)
03-17 08:22:25.356  1661  3344 E BootReceiver: 	at com.android.server.BootReceiver.logBootEvents(BootReceiver.java:186)
03-17 08:22:25.356  1661  3344 E BootReceiver: 	at com.android.server.BootReceiver.-wrap2(Unknown Source:0)
03-17 08:22:25.356  1661  3344 E BootReceiver: 	at com.android.server.BootReceiver$1.run(BootReceiver.java:116)
03-17 08:22:25.357  1661  3344 I BootReceiver: No existing last log timestamp file /data/system/log-files.xml; starting empty
03-17 08:22:25.362  1661  3344 I BootReceiver: Copying audit failures to DropBox
03-17 08:22:25.363  1661  3344 I BootReceiver: Checking for fsck errors
03-17 08:22:25.363  1661  3344 I BootReceiver: fs_stat, partition:vdb stat:0x3
03-17 08:22:25.363  1661  3344 I BootReceiver: fs_stat, partition:vdc stat:0x13
03-17 08:22:25.711  1661  1661 I Telecom : DefaultDialerCache: Refreshing default dialer for user 0: now com.google.android.dialer: DDC.oR@ADc
03-17 08:22:25.727  1661  1901 I ActivityManager: Start proc 3413:com.google.android.calendar/u0a42 for broadcast com.google.android.calendar/.SyncUpgradeReceiver
03-17 08:22:25.739  1661  1661 I Telecom : PhoneAccountRegistrar: SimCallManager queried, returning: null: TSI.gSCMFU@ADk
03-17 08:22:25.772  1661  2305 D ConnectivityService: reportNetworkConnectivity(101, false) by 10013
03-17 08:22:25.805  1661  1767 D ConnectivityService: NetworkAgentInfo [WIFI () - 101] validation passed
03-17 08:22:26.086  1661  3224 D MmsServiceBroker: getCarrierConfigValues() by com.google.android.apps.messaging
03-17 08:22:26.170  1661  3048 I ActivityManager: Start proc 3481:com.android.camera2/u0a35 for broadcast com.android.camera2/com.android.camera.DisableCameraReceiver
03-17 08:22:26.261  1661  1671 I ActivityManager: Start proc 3504:com.android.contacts/u0a7 for broadcast com.android.contacts/.interactions.OnBootOrUpgradeReceiver
03-17 08:22:26.410  1661  2948 W ActivityManager: Unable to start service Intent { act=com.google.android.gms.analytics.service.START cmp=com.google.android.gms/.analytics.service.AnalyticsService (has extras) } U=0: not found
03-17 08:22:26.482  1661  1901 I ActivityManager: Killing 2061:com.google.android.deskclock/u0a67 (adj 906): empty #17
03-17 08:22:26.649  1661  2948 W BroadcastQueue: Permission Denial: receiving Intent { act=android.intent.action.BOOT_COMPLETED flg=0x9000010 (has extras) } to com.google.android.apps.docs/.app.NotificationChannelReceiver requires android.permission.RECEIVE_BOOT_COMPLETED due to sender null (uid 1000)
03-17 08:22:26.659  1661  1675 I ActivityManager: Start proc 3549:com.google.android.apps.maps/u0a60 for broadcast com.google.android.apps.maps/com.google.android.apps.gmm.navigation.service.detection.StartDetectionReceiver
03-17 08:22:27.020  1661  2272 D VoldConnector: SND -> {40 volume mkdirs /storage/emulated/0/Android/data/com.google.android.apps.maps/files/}
03-17 08:22:27.023  1661  1731 D VoldConnector: RCV <- {200 40 Command succeeded}
03-17 08:22:27.069  1661  2272 D CryptdConnector: SND -> {4 cryptfs getpwtype}
03-17 08:22:27.069  1351  1356 D VoldCryptCmdListener: cryptfs getpwtype
03-17 08:22:27.069  1661  1732 D CryptdConnector: RCV <- {213 4 default}
03-17 08:22:27.070  1661  3224 I ActivityManager: Killing 2224:com.google.android.ext.services/u0a12 (adj 906): empty #17
03-17 08:22:27.141  1661  2305 I ActivityManager: Start proc 3595:com.google.android.apps.photos/u0a65 for broadcast com.google.android.apps.photos/.camerashortcut.CameraShortcutBroadcastReceiver
03-17 08:22:27.216  1661  3048 I ActivityManager: Killing 2349:com.android.sdksetup/u0a22 (adj 906): empty #17
03-17 08:22:27.396  1661  1671 D CryptdConnector: SND -> {5 cryptfs getpwtype}
03-17 08:22:27.396  1351  1356 D VoldCryptCmdListener: cryptfs getpwtype
03-17 08:22:27.397  1661  1732 D CryptdConnector: RCV <- {213 5 default}
03-17 08:22:27.445  1661  2000 I ActivityManager: Start proc 3622:com.google.android.apps.wallpaper/u0a73 for broadcast com.google.android.apps.wallpaper/.module.GoogleAlarmInitializer
03-17 08:22:27.567  1661  1672 D CryptdConnector: SND -> {6 cryptfs getpwtype}
03-17 08:22:27.567  1351  1356 D VoldCryptCmdListener: cryptfs getpwtype
03-17 08:22:27.568  1661  1732 D CryptdConnector: RCV <- {213 6 default}
03-17 08:22:27.761  1661  1899 I ActivityManager: Start proc 3652:com.google.android.configupdater/u0a3 for broadcast com.google.android.configupdater/.MainReceiver
03-17 08:22:27.874  1661  3682 I CertBlacklister: Certificate blacklist changed, updating...
03-17 08:22:27.875  1661  3682 I CertBlacklister: Certificate blacklist updated
03-17 08:22:27.877  1661  3685 I CertBlacklister: Certificate blacklist changed, updating...
03-17 08:22:27.885  1661  3685 I CertBlacklister: Certificate blacklist updated
03-17 08:22:27.909  1661  2597 I ActivityManager: Start proc 3688:com.google.android.deskclock/u0a67 for broadcast com.google.android.deskclock/com.android.deskclock.AlarmInitReceiver
03-17 08:22:27.909  1661  2597 I ActivityManager: Killing 2372:com.google.android.apps.nexuslauncher:wallpaper_chooser/u0a20 (adj 906): empty #17
03-17 08:22:28.024  1661  1687 I ActivityManager: Killing 3003:com.google.android.gm/u0a68 (adj 0): change com.google.android.gm
03-17 08:22:28.025  1661  1687 W ActivityManager: Scheduling restart of crashed service com.google.android.gm/com.android.email.job.BootCompletedJob$BootCompletedJobService in 1000ms
03-17 08:22:28.025  1661  1687 W ActivityManager: Scheduling restart of crashed service com.google.android.gm/com.android.email.job.UpgradeJob$UpgradeJobService in 11000ms
03-17 08:22:28.025  1661  1687 W ActivityManager: Scheduling restart of crashed service com.google.android.gm/.job.GmailInitialSetupJob$GmailInitialSetupJobService in 21000ms
03-17 08:22:28.038  1661  1675 I ActivityManager: Start proc 3710:com.google.android.gm/u0a68 for broadcast com.google.android.gm/com.android.email.task.notification.TaskReminderReceiver
03-17 08:22:28.039  1661  2798 W ActivityManager: Permission Denial: Accessing service ComponentInfo{com.google.android.music/com.google.android.music.dial.DialMediaRouteProviderService} from pid=3070, uid=10078 that is not exported from uid 10059
03-17 08:22:28.077  3710  3729 D ActivityThread: Loading provider com.google.android.gmail.provider;com.android.mail.notifier;com.google.android.gm.email.provider;com.google.android.gm.tasks.provider;com.google.android.gm.email.notifier: com.android.email.provider.EmailProvider
03-17 08:22:28.087  1661  1661 I Telecom : DefaultDialerCache: Refreshing default dialer for user 0: now com.google.android.dialer: DDC.oR@AEE
03-17 08:22:28.192  1661  2948 W ActivityManager: Unable to start service Intent { cmp=com.google.android.gm.exchange/com.android.exchange.service.EasService } U=0: not found
03-17 08:22:28.232  1661  2272 W ActivityManager: Unable to start service Intent { cmp=com.google.android.gm/com.android.email.service.AttachmentService } U=0: not found
03-17 08:22:28.254  1661  1899 W ActivityManager: Unable to start service Intent { cmp=com.google.android.gm.exchange/com.android.exchange.service.EasService } U=0: not found
03-17 08:22:28.362  1661  2000 I ActivityManager: Killing 2676:com.android.keychain/1000 (adj 906): empty #17
03-17 08:22:28.413  1661  1899 I ActivityManager: Start proc 3770:com.android.chrome/u0a44 for service com.android.chrome/org.chromium.chrome.browser.customtabs.CustomTabsConnectionService
03-17 08:22:28.448  1661  3224 I ActivityManager: Start proc 3787:com.google.android.onetimeinitializer/u0a15 for broadcast com.google.android.onetimeinitializer/.OneTimeInitializerReceiver
03-17 08:22:28.498  2463  3107 E ActivityThread: Failed to find provider info for com.google.android.wearable.settings
03-17 08:22:28.540  1661  1672 I ActivityManager: Start proc 3807:com.google.android.packageinstaller/u0a17 for broadcast com.google.android.packageinstaller/com.android.packageinstaller.TemporaryFileManager
03-17 08:22:28.545  1661  1672 I ActivityManager: Killing 2835:com.android.vending:instant_app_installer/u0a23 (adj 906): empty #17
03-17 08:22:28.587  1661  1671 I ActivityManager: Killing 2982:com.google.process.gapps/u0a50 (adj 906): empty #17
03-17 08:22:28.618  1661  2000 W ActivityManager: Unable to start service Intent { act=com.google.firebase.INSTANCE_ID_EVENT pkg=com.android.chrome (has extras) } U=0: not found
03-17 08:22:28.646  1661  1671 I ActivityManager: Killing 1978:com.android.settings/1000 (adj 906): empty #17
03-17 08:22:28.671  1661  1682 W ActivityManager: setHasOverlayUi called on unknown pid: 1978
03-17 08:22:28.760  1661  1687 I ActivityManager: Killing 3549:com.google.android.apps.maps/u0a60 (adj 904): change com.google.android.apps.maps
03-17 08:22:28.766  1661  2798 W ActivityManager: Permission Denial: Accessing service ComponentInfo{com.google.android.music/com.google.android.music.dial.DialMediaRouteProviderService} from pid=3070, uid=10078 that is not exported from uid 10059
03-17 08:22:28.767  1661  1672 W ActivityManager: Permission Denial: Accessing service ComponentInfo{com.google.android.music/com.google.android.music.dial.DialMediaRouteProviderService} from pid=3070, uid=10078 that is not exported from uid 10059
03-17 08:22:28.769  1661  1687 I ActivityManager: Killing 2712:com.android.vending/u0a23 (adj 500): change com.android.vending
03-17 08:22:28.774  1661  1687 W ActivityManager: Scheduling restart of crashed service com.android.vending/com.google.android.finsky.setup.RestoreServiceV2 in 15720ms
03-17 08:22:28.778  1661  1687 I ActivityManager: Killing 3070:com.google.android.youtube/u0a78 (adj 904): change com.google.android.youtube
03-17 08:22:28.790  1661  1675 W BroadcastQueue: Skipping deliver [background] BroadcastRecord{b30ef44 u0 android.intent.action.PACKAGE_CHANGED} to ReceiverList{1fb7756 3070 com.google.android.youtube/10078/u0 remote:c5fad71}: process gone or crashing
03-17 08:22:28.802  1661  1661 I Telecom : DefaultDialerCache: Refreshing default dialer for user 0: now com.google.android.dialer: DDC.oR@AEI
03-17 08:22:28.822  1661  1661 I Telecom : DefaultDialerCache: Refreshing default dialer for user 0: now com.google.android.dialer: DDC.oR@AEM
03-17 08:22:28.830  1661  1661 I Telecom : DefaultDialerCache: Refreshing default dialer for user 0: now com.google.android.dialer: DDC.oR@AEQ
03-17 08:22:28.838  1661  1661 I Telecom : DefaultDialerCache: Refreshing default dialer for user 0: now com.google.android.dialer: DDC.oR@AEU
03-17 08:22:28.855  1661  2948 I ActivityManager: Start proc 3837:com.google.process.gapps/u0a50 for broadcast com.google.android.syncadapters.contacts/.ContactsSyncAdapterBroadcastReceiver
03-17 08:22:28.922  1661  2798 I ActivityManager: Start proc 3853:com.google.android.videos/u0a72 for broadcast com.google.android.videos/.service.pinning.TransferService$Receiver
03-17 08:22:29.184  1661  1901 W ActivityManager: Unable to start service Intent { act=com.google.android.gms.nearby.discovery:ACTION_INIT_MESSAGES_PATH cmp=com.google.android.gms/.nearby.discovery.service.DiscoveryService } U=0: not found
03-17 08:22:29.324  1661  2946 I ActivityManager: Start proc 3906:com.android.vending/u0a23 for service com.android.vending/com.google.android.finsky.contentfilter.impl.ContentFiltersService
03-17 08:22:29.375  2394  2493 E ActivityThread: Failed to find provider info for com.google.android.apps.gsa.testing.ui.audio.recorded
03-17 08:22:29.381  1661  2946 W ActivityManager: Background start not allowed: service Intent { cmp=com.google.android.videos/.service.pinning.TransferService (has extras) } to com.google.android.videos/.service.pinning.TransferService from pid=3853 uid=10072 pkg=com.google.android.videos
03-17 08:22:29.407  1661  2948 W ActivityManager: Background start not allowed: service Intent { cmp=com.google.android.videos/.service.pinning.TransferService (has extras) } to com.google.android.videos/.service.pinning.TransferService from pid=3853 uid=10072 pkg=com.google.android.videos
03-17 08:22:29.465  1661  3224 D CryptdConnector: SND -> {7 cryptfs getpwtype}
03-17 08:22:29.465  1351  1356 D VoldCryptCmdListener: cryptfs getpwtype
03-17 08:22:29.467  1661  1732 D CryptdConnector: RCV <- {213 7 default}
03-17 08:22:29.512  1661  1672 I ActivityManager: Finished processing BOOT_COMPLETED for u0
03-17 08:22:30.351  1661  1899 I ActivityManager: Start proc 3978:com.android.cellbroadcastreceiver/u0a4 for broadcast com.android.cellbroadcastreceiver/.CellBroadcastReceiver
03-17 08:22:30.493  1661  2948 I ActivityManager: Start proc 4000:com.google.android.apps.maps/u0a60 for broadcast com.google.android.apps.maps/com.google.android.apps.gmm.ugc.ataplace.AtAPlaceService
03-17 08:22:30.602  2463  3139 E ActivityThread: Failed to find provider info for com.google.android.wearable.settings
03-17 08:22:30.643  1661  1899 D CryptdConnector: SND -> {8 cryptfs getpwtype}
03-17 08:22:30.644  1351  1356 D VoldCryptCmdListener: cryptfs getpwtype
03-17 08:22:30.644  1661  1732 D CryptdConnector: RCV <- {213 8 default}
03-17 08:22:31.112  1661  2948 W ActivityManager: Unable to start service Intent { cmp=com.google.android.gms/.analytics.service.RefreshEnabledStateService } U=0: not found
03-17 08:22:31.632  1661  1899 D VoldConnector: SND -> {41 volume mkdirs /storage/emulated/0/Android/data/com.google.android.inputmethod.latin/cache/}
03-17 08:22:31.633  1661  1731 D VoldConnector: RCV <- {200 41 Command succeeded}
03-17 08:22:32.191  2463  3139 E ActivityThread: Failed to find provider info for com.google.android.wearable.settings
03-17 08:22:33.106  1661  3048 I ActivityManager: Killing 3481:com.android.camera2/u0a35 (adj 906): empty #17
03-17 08:22:44.004  1661  1661 D ConditionProviders.SCP: onReceive android.intent.action.TIME_SET
03-17 08:22:44.004  1661  1661 D ConditionProviders.SCP: notifyCondition condition://android/schedule?days=6.7&start=23.30&end=10.0&exitAtAlarm=false STATE_FALSE reason=!meetsSchedule
03-17 08:22:44.004  1661  1661 D ConditionProviders.SCP: notifyCondition condition://android/schedule?days=1.2.3.4.5&start=22.0&end=7.0&exitAtAlarm=false STATE_FALSE reason=!meetsSchedule
03-17 08:22:44.005  1661  1661 D ConditionProviders.SCP: Scheduling evaluate for Fri Mar 17 10:00:00 GMT+00:00 2023 (1679047200000), in +1h37m15s996ms, now=Fri Mar 17 08:22:44 GMT+00:00 2023 (1679041364004)
03-17 08:22:44.005  1661  1674 I UsageStatsService: Time changed in UsageStats by 9 seconds
03-17 08:22:44.005  1661  1674 I UsageStatsService: User[0] Flushing usage stats to disk
03-17 08:22:44.056  1661  1674 I UsageStatsDatabase: Time changed by +9s570ms. files deleted: 0 files moved: 4
03-17 08:22:44.057  1661  1674 I UsageStatsService: User[0] Rollover scheduled @ 2023-03-18 08:22:20(1679127740402)
03-17 08:22:44.170  2394  2493 E ActivityThread: Failed to find provider info for com.google.android.apps.gsa.testing.ui.audio.recorded
03-17 08:22:44.603  1661  1661 I Telecom : DefaultDialerCache: Refreshing default dialer for user 0: now com.google.android.dialer: DDC.oR@AFo
03-17 08:22:44.612  1661  1661 I Telecom : DefaultDialerCache: Refreshing default dialer for user 0: now com.google.android.dialer: DDC.oR@AFs
03-17 08:22:44.617  1661  1661 I Telecom : DefaultDialerCache: Refreshing default dialer for user 0: now com.google.android.dialer: DDC.oR@AFw
03-17 08:22:44.622  1661  1661 I Telecom : DefaultDialerCache: Refreshing default dialer for user 0: now com.google.android.dialer: DDC.oR@AF0
03-17 08:22:44.626  1661  1661 I Telecom : DefaultDialerCache: Refreshing default dialer for user 0: now com.google.android.dialer: DDC.oR@AF4
03-17 08:22:44.631  1661  1661 I Telecom : DefaultDialerCache: Refreshing default dialer for user 0: now com.google.android.dialer: DDC.oR@AF8
03-17 08:22:44.635  1661  1661 I Telecom : DefaultDialerCache: Refreshing default dialer for user 0: now com.google.android.dialer: DDC.oR@AGA
03-17 08:22:44.639  1661  1661 I Telecom : DefaultDialerCache: Refreshing default dialer for user 0: now com.google.android.dialer: DDC.oR@AGE
03-17 08:22:46.995  1661  2948 I ActivityManager: Killing 3189:com.google.android.gms.ui/u0a13 (adj 906): empty #17
03-17 08:22:49.023  1661  1678 E BatteryStatsService: modem info is invalid: ModemActivityInfo{ mTimestamp=0 mSleepTimeMs=0 mIdleTimeMs=0 mTxTimeMs[]=[0, 0, 0, 0, 0] mRxTimeMs=0 mEnergyUsed=0}
03-17 08:22:49.212  2394  2493 E ActivityThread: Failed to find provider info for com.google.android.apps.gsa.testing.ui.audio.recorded
03-17 08:22:49.651  1661  2000 I ActivityManager: Killing 3504:com.android.contacts/u0a7 (adj 906): empty #17
03-17 08:22:51.462  1661  2798 I ActivityManager: Start proc 4151:com.google.android.gms.ui/u0a13 for service com.google.android.gms/.chimera.UiIntentOperationService
03-17 08:22:52.477  1661  1899 W ActivityManager: Unable to start service Intent { cmp=com.google.android.gms/.analytics.service.RefreshEnabledStateService } U=0: not found
03-17 08:22:52.670  1661  2305 I ActivityManager: Start proc 4213:com.android.vending:instant_app_installer/u0a23 for broadcast com.android.vending/com.google.android.finsky.instantapps.PhenotypeUpdateReceiver
03-17 08:22:52.974  1661  2000 I ActivityManager: Killing 2429:com.android.managedprovisioning/u0a19 (adj 906): empty #17
03-17 08:22:53.969  1661  2285 I ActivityManager: Start proc 4269:com.android.keychain/1000 for service com.android.keychain/.KeyChainService
03-17 08:22:54.022  1661  2946 I ActivityManager: Killing 3622:com.google.android.apps.wallpaper/u0a73 (adj 906): empty #17
03-17 08:22:54.247  2394  2493 E ActivityThread: Failed to find provider info for com.google.android.apps.gsa.testing.ui.audio.recorded
03-17 08:22:54.446  1661  1687 I ActivityManager: Start proc 4299:com.android.defcontainer/u0a8 for service com.android.defcontainer/.DefaultContainerService
03-17 08:22:54.929  1661  4326 I ConfigUpdateInstallReceiver: Couldn't find current metadata, assuming first update
03-17 08:22:54.929  1661  4326 I ConfigUpdateInstallReceiver: Failed to read current content, assuming first update!
03-17 08:22:54.929  1661  4326 I ConfigUpdateInstallReceiver: Found new update, installing...
03-17 08:22:54.941  1661  4326 I ConfigUpdateInstallReceiver: Installation successful
03-17 08:22:55.173  1661  4328 I ConfigUpdateInstallReceiver: Couldn't find current metadata, assuming first update
03-17 08:22:55.173  1661  4328 I ConfigUpdateInstallReceiver: Failed to read current content, assuming first update!
03-17 08:22:55.173  1661  4328 I ConfigUpdateInstallReceiver: Found new update, installing...
03-17 08:22:55.177  1661  4328 I ConfigUpdateInstallReceiver: Installation successful
03-17 08:22:55.425  1661  4329 I ConfigUpdateInstallReceiver: Couldn't find current metadata, assuming first update
03-17 08:22:55.425  1661  4329 I ConfigUpdateInstallReceiver: Failed to read current content, assuming first update!
03-17 08:22:55.425  1661  4329 I ConfigUpdateInstallReceiver: Found new update, installing...
03-17 08:22:55.437  1661  4329 I ConfigUpdateInstallReceiver: Installation successful
03-17 08:22:56.514  1661  2000 W BroadcastQueue: Background execution not allowed: receiving Intent { act=android.intent.action.PACKAGE_ADDED dat=package:com.lotic.tasks flg=0x4000010 (has extras) } to com.google.android.googlequicksearchbox/com.google.android.apps.gsa.googlequicksearchbox.GelStubAppWatcher
03-17 08:22:56.520  1661  1661 I Telecom : DefaultDialerCache: Refreshing default dialer for user 0: now com.google.android.dialer: DDC.oR@AGU
03-17 08:22:58.844  1661  1767 D ConnectivityService: handleLingerComplete for NetworkAgentInfo [MOBILE (LTE) - 100]
03-17 08:22:59.304  2394  2493 E ActivityThread: Failed to find provider info for com.google.android.apps.gsa.testing.ui.audio.recorded
03-17 08:23:00.863  1661  2798 I ActivityManager: Killing 3770:com.android.chrome/u0a44 (adj 906): empty #17
03-17 08:23:01.013  1661  1661 I Telecom : DefaultDialerCache: Refreshing default dialer for user 0: now com.google.android.dialer: DDC.oR@AGY
03-17 08:23:03.703  1661  1901 I ActivityManager: START u0 {act=android.intent.action.MAIN cat=[android.intent.category.LAUNCHER] flg=0x10200000 cmp=com.lotic.tasks/.MainActivity bnds=[643,1456][849,1802]} from uid 10020
03-17 08:23:03.840  1661  1899 I ActivityManager: Start proc 4367:com.lotic.tasks/u0a83 for activity com.lotic.tasks/.MainActivity
03-17 08:23:04.514  1661  1687 I ActivityManager: Killing 3787:com.google.android.onetimeinitializer/u0a15 (adj 906): empty #17
03-17 08:23:04.524  1661  1671 I ActivityManager: Killing 3807:com.google.android.packageinstaller/u0a17 (adj 906): empty #17
03-17 08:23:04.699  1661  1687 W PackageParser: Unknown element under <manifest>: queries at /data/app/vmdl91158413.tmp/base.apk Binary XML file line #415
03-17 08:23:04.700  1661  1687 W PackageParser: Unknown element under <application>: profileable at /data/app/vmdl91158413.tmp/base.apk Binary XML file line #484
03-17 08:23:07.239  1661  1785 E TaskPersister: File error accessing recents directory (directory doesn't exist?).
03-17 08:23:08.843  1661  1675 I ActivityManager: Force stopping com.android.vending appid=10023 user=-1: installPackageLI
03-17 08:23:08.843  1661  1675 I ActivityManager: Killing 4213:com.android.vending:instant_app_installer/u0a23 (adj 902): stop com.android.vending
03-17 08:23:08.845  1661  1675 I ActivityManager: Killing 3906:com.android.vending/u0a23 (adj 500): stop com.android.vending
03-17 08:23:08.845  1661  1675 W ActivityManager: Scheduling restart of crashed service com.android.vending/com.google.android.finsky.setup.RestoreServiceV2 in 62880ms
03-17 08:23:08.847  1661  1675 I ActivityManager:   Force stopping service ServiceRecord{a681f16 u0 com.android.vending/com.google.android.finsky.setup.RestoreServiceV2}
03-17 08:23:08.856  1661  1687 W PackageManager: Trying to update system app code path from /system/priv-app/Phonesky to /data/app/com.android.vending-KBvDKOw_uXVAy4PIeYTP3w==
03-17 08:23:08.856  1661  1687 W PackageManager: Code path for com.android.vending changing from /system/priv-app/Phonesky to /data/app/com.android.vending-KBvDKOw_uXVAy4PIeYTP3w==
03-17 08:23:08.856  1661  1687 W PackageManager: Resource path for com.android.vending changing from /system/priv-app/Phonesky to /data/app/com.android.vending-KBvDKOw_uXVAy4PIeYTP3w==
03-17 08:23:08.916  1661  1678 E BatteryStatsService: modem info is invalid: ModemActivityInfo{ mTimestamp=0 mSleepTimeMs=0 mIdleTimeMs=0 mTxTimeMs[]=[0, 0, 0, 0, 0] mRxTimeMs=0 mEnergyUsed=0}
03-17 08:23:08.925  1661  1687 I ActivityManager: Force stopping com.android.vending appid=10023 user=0: pkg removed
03-17 08:23:08.938  1661  1675 W BroadcastQueue: Background execution not allowed: receiving Intent { act=android.intent.action.PACKAGE_REMOVED dat=package:com.android.vending flg=0x4000010 (has extras) } to com.android.vending/com.google.android.finsky.packagemonitor.impl.PackageMonitorReceiverImpl$RegisteredReceiver
03-17 08:23:08.991  1661  1671 W BroadcastQueue: Background execution not allowed: receiving Intent { act=android.intent.action.PACKAGE_REMOVED dat=package:com.android.vending flg=0x4000010 (has extras) } to com.google.android.googlequicksearchbox/com.google.android.apps.gsa.googlequicksearchbox.GelStubAppWatcher
03-17 08:23:08.993  1661  1661 I Telecom : DefaultDialerCache: Refreshing default dialer for user 0: now com.google.android.dialer: DDC.oR@AGg
03-17 08:23:09.156  1661  2305 W BroadcastQueue: Background execution not allowed: receiving Intent { act=android.intent.action.PACKAGE_ADDED dat=package:com.android.vending flg=0x4000010 (has extras) } to com.google.android.googlequicksearchbox/com.google.android.apps.gsa.googlequicksearchbox.GelStubAppWatcher
03-17 08:23:09.156  1661  1675 W BroadcastQueue: Background execution not allowed: receiving Intent { act=android.intent.action.PACKAGE_REPLACED dat=package:com.android.vending flg=0x4000010 (has extras) } to com.google.android.apps.photos/.backgroundsignin.BackgroundSignInBroadcastReceiver
03-17 08:23:09.156  1661  1675 W BroadcastQueue: Background execution not allowed: receiving Intent { act=android.intent.action.PACKAGE_REPLACED dat=package:com.android.vending flg=0x4000010 (has extras) } to com.google.android.apps.photos/.experiments.phenotype.full.PhenotypeAppUpgradeBroadcastReceiver
03-17 08:23:09.156  1661  1675 W BroadcastQueue: Background execution not allowed: receiving Intent { act=android.intent.action.PACKAGE_REPLACED dat=package:com.android.vending flg=0x4000010 (has extras) } to com.google.android.apps.photos/.notificationchannels.AppUpdateBroadcastReceiver
03-17 08:23:09.194  1661  2305 W BroadcastQueue: Background execution not allowed: receiving Intent { act=android.intent.action.PACKAGE_REPLACED dat=package:com.android.vending flg=0x4000010 (has extras) } to com.google.android.googlequicksearchbox/com.google.android.apps.gsa.googlequicksearchbox.GelStubAppWatcher
03-17 08:23:09.205  1661  1675 I ActivityManager: Start proc 4426:com.android.vending/u0a23 for broadcast com.android.vending/com.google.android.finsky.packagemonitor.impl.PackageMonitorReceiverImpl$RegisteredReceiver
03-17 08:23:09.361  1661  2798 W ActivityManager: Unable to start service Intent { cmp=com.google.android.gm.exchange/com.android.exchange.service.EasService } U=0: not found
03-17 08:23:09.745  1661  2948 I ActivityManager: Start proc 4476:com.android.vending:instant_app_installer/u0a23 for service com.android.vending/com.google.android.finsky.instantapps.PhenotypeUpdateService
03-17 08:23:10.177  1661  2272 I ActivityManager: Killing 3837:com.google.process.gapps/u0a50 (adj 906): empty #17
03-17 08:23:10.343  1661  2948 I ActivityManager: Start proc 4546:com.android.vending:background/u0a23 for service com.android.vending/com.google.android.finsky.ipcservers.background.BackgroundGrpcServerAndroidService
03-17 08:23:10.614  1661  2948 D ConnectivityService: requestNetwork for uid/pid:10023/4546 NetworkRequest [ TRACK_DEFAULT id=7, [ Capabilities: INTERNET&NOT_RESTRICTED&TRUSTED&NOT_VPN] ]
03-17 08:23:12.197  1661  1725 W ActivityManager: Unable to start service Intent { flg=0x4 cmp=com.android.vending/com.google.android.finsky.services.ContentSyncService (has extras) } U=0: not found
03-17 08:23:13.226  4426  4641 E ActivityThread: Failed to find provider info for androidx.car.app.connection
03-17 08:23:13.789  1661  2946 I ActivityManager: Start proc 4654:com.android.vending:quick_launch/u0a23 for service com.android.vending/com.google.android.finsky.ipcservers.quicklaunch.QuickLaunchGrpcServerAndroidService
03-17 08:23:13.933  1661  2285 W ActivityManager: Slow operation: 85ms so far, now at attachApplicationLocked: before bindApplication
03-17 08:23:13.933  1661  2285 W ActivityManager: Slow operation: 85ms so far, now at attachApplicationLocked: immediately before bindApplication
03-17 08:23:13.934  1661  2285 W ActivityManager: Slow operation: 85ms so far, now at attachApplicationLocked: immediately after bindApplication
03-17 08:23:13.934  1661  2285 W ActivityManager: Slow operation: 85ms so far, now at attachApplicationLocked: after updateLruProcessLocked
03-17 08:23:13.934  1661  2285 W ActivityManager: Slow operation: 86ms so far, now at attachApplicationLocked: after mServices.attachApplicationLocked
03-17 08:23:16.254  1661  1675 I ActivityManager: Killing 3978:com.android.cellbroadcastreceiver/u0a4 (adj 906): empty #17
03-17 08:23:16.821  1661  2948 W ActivityManager: Unable to start service Intent { cmp=com.google.android.gms/.analytics.service.RefreshEnabledStateService } U=0: not found
03-17 08:23:16.849  1661  1687 I ActivityManager: Killing 4476:com.android.vending:instant_app_installer/u0a23 (adj 900): change com.android.vending
03-17 08:23:16.856  1661  1687 I ActivityManager: Killing 4426:com.android.vending/u0a23 (adj 100): change com.android.vending
03-17 08:23:16.861  1661  1687 W ActivityManager: Scheduling restart of crashed service com.android.vending/com.google.android.finsky.scheduler.process.mainimpl.PhoneskyJobServiceMain in 1000ms
03-17 08:23:16.862  1661  1687 I ActivityManager: Killing 4546:com.android.vending:background/u0a23 (adj 0): change com.android.vending
03-17 08:23:16.871  1661  1687 I ActivityManager: Killing 4654:com.android.vending:quick_launch/u0a23 (adj 0): change com.android.vending
03-17 08:23:16.874  1661  1901 W ActivityManager: Service done with onDestroy, but not inDestroying: ServiceRecord{30e695c u0 com.android.vending/com.google.android.finsky.ipcservers.quicklaunch.QuickLaunchGrpcServerAndroidService}, app=ProcessRecord{2563031 0:com.android.vending:quick_launch/u0a23}
03-17 08:23:16.920  1661  1671 D ConnectivityService: ConnectivityService NetworkRequestInfo binderDied(NetworkRequest [ TRACK_DEFAULT id=7, [ Capabilities: INTERNET&NOT_RESTRICTED&TRUSTED&NOT_VPN] ], android.os.BinderProxy@6f82e25)
03-17 08:23:16.921  1661  1767 D ConnectivityService: releasing NetworkRequest [ TRACK_DEFAULT id=7, [ Capabilities: INTERNET&NOT_RESTRICTED&TRUSTED&NOT_VPN] ] (CALLBACK_RELEASED)
03-17 08:23:16.922  1661  1767 E ConnectivityService: RemoteException caught trying to send a callback msg for NetworkRequest [ TRACK_DEFAULT id=7, [ Capabilities: INTERNET&NOT_RESTRICTED&TRUSTED&NOT_VPN] ]
03-17 08:23:16.977  1661  1661 I Telecom : DefaultDialerCache: Refreshing default dialer for user 0: now com.google.android.dialer: DDC.oR@AGw
03-17 08:23:17.019  1661  2272 I ActivityManager: Start proc 4729:com.android.vending/u0a23 for broadcast com.android.vending/com.google.android.finsky.packagemonitor.impl.PackageMonitorReceiverImpl$RegisteredReceiver
03-17 08:23:18.332  1661  2000 I ActivityManager: Start proc 4806:com.android.vending:background/u0a23 for service com.android.vending/com.google.android.finsky.ipcservers.background.BackgroundGrpcServerAndroidService
03-17 08:23:18.753  1661  3224 D ConnectivityService: requestNetwork for uid/pid:10023/4806 NetworkRequest [ TRACK_DEFAULT id=8, [ Capabilities: INTERNET&NOT_RESTRICTED&TRUSTED&NOT_VPN] ]
03-17 08:23:18.827  4729  4844 E ActivityThread: Failed to find provider info for androidx.car.app.connection
03-17 08:23:19.440  1661  1661 I Telecom : DefaultDialerCache: Refreshing default dialer for user 0: now com.google.android.dialer: DDC.oR@AG0
03-17 08:23:19.472  1661  1661 I Telecom : DefaultDialerCache: Refreshing default dialer for user 0: now com.google.android.dialer: DDC.oR@AG4
03-17 08:23:28.989  1661  1676 W LocalDisplayAdapter: Unable to find color mode 0, ignoring request.
03-17 08:23:29.002  1661  1676 I ActivityManager: Config changes=480 {1.0 310mcc260mnc [en_US] ldltr sw392dp w781dp h368dp 440dpi nrml long land finger qwerty/v/v -nav/h appBounds=Rect(0, 0 - 2148, 1080) s.7}
03-17 08:23:29.055  1661  1676 I ActivityManager: Override config changes=480 {1.0 310mcc260mnc [en_US] ldltr sw392dp w781dp h368dp 440dpi nrml long land finger qwerty/v/v -nav/h appBounds=Rect(0, 0 - 2148, 1080) s.7} for displayId=0
03-17 08:23:29.104  1661  1676 W Looper  : Dispatch took 140ms on android.ui, h=Handler (com.android.server.policy.PhoneWindowManager$PolicyHandler) {a2389e4} cb=com.android.server.policy.PhoneWindowManager$MyOrientationListener$1@f7d5e4d msg=0
03-17 08:23:29.420  1661  2272 I ActivityManager: Start proc 4904:com.google.android.apps.wallpaper/u0a73 for broadcast com.google.android.apps.wallpaper/.module.DailyLoggingAlarmReceiver
03-17 08:23:29.643  1661  1672 D CryptdConnector: SND -> {9 cryptfs getpwtype}
03-17 08:23:29.644  1351  1356 D VoldCryptCmdListener: cryptfs getpwtype
03-17 08:23:29.646  1661  1732 D CryptdConnector: RCV <- {213 9 default}
03-17 08:23:29.669  1661  3048 I ActivityManager: Killing 4151:com.google.android.gms.ui/u0a13 (adj 906): empty #17
03-17 08:23:29.860  1661  1715 I WindowManager: Screen frozen for +892ms due to Window{e998e67 u0 com.lotic.tasks/com.lotic.tasks.MainActivity}
03-17 08:23:30.092  1661  3224 I ActivityManager: Killing 3688:com.google.android.deskclock/u0a67 (adj 906): empty #17
03-17 08:23:32.685  1661  2305 W LocalDisplayAdapter: Unable to find color mode 0, ignoring request.
03-17 08:23:32.692  1661  2305 I ActivityManager: Config changes=480 {1.0 310mcc260mnc [en_US] ldltr sw392dp w392dp h757dp 440dpi nrml long port finger qwerty/v/v -nav/h appBounds=Rect(0, 0 - 1080, 2148) s.8}
03-17 08:23:32.697  1661  2305 I ActivityManager: Override config changes=480 {1.0 310mcc260mnc [en_US] ldltr sw392dp w392dp h757dp 440dpi nrml long port finger qwerty/v/v -nav/h appBounds=Rect(0, 0 - 1080, 2148) s.8} for displayId=0
03-17 08:23:32.979  4729  4729 E ActivityThread: Failed to find provider info for com.google.android.wearable.settings
03-17 08:23:33.145  1661  1715 I WindowManager: Failed to capture screenshot of Token{880ce76 ActivityRecord{c156d11 u0 com.lotic.tasks/.MainActivity t6 f}} appWin=Window{e998e67 u0 com.lotic.tasks/com.lotic.tasks.MainActivity} drawState=4
03-17 08:23:33.175  1661  1675 I ActivityManager: Killing 3853:com.google.android.videos/u0a72 (adj 906): empty #17
03-17 08:23:33.423  4729  4729 E ActivityThread: Failed to find provider info for com.google.android.wearable.settings
03-17 08:23:33.504  2394  2495 E ActivityThread: Failed to find provider info for com.google.android.apps.gsa.testing.ui.audio.recorded
03-17 08:23:33.530  4729  4729 E ActivityThread: Failed to find provider info for com.google.android.wearable.settings
